Component: ARM Compiler 5.06 update 4 (build 422) Tool: armlink [4d35d2]

==============================================================================

Section Cross References

    system_stm32f4xx.o(i.SystemCoreClockUpdate) refers to system_stm32f4xx.o(.data) for .data
    system_stm32f4xx.o(i.SystemInit) refers to system_stm32f4xx.o(i.SetSysClock) for SetSysClock
    startup_stm32f40_41xxx.o(STACK) refers (Special) to heapauxi.o(.text) for __use_two_region_memory
    startup_stm32f40_41xxx.o(HEAP) refers (Special) to heapauxi.o(.text) for __use_two_region_memory
    startup_stm32f40_41xxx.o(RESET) refers (Special) to heapauxi.o(.text) for __use_two_region_memory
    startup_stm32f40_41xxx.o(RESET) refers to startup_stm32f40_41xxx.o(STACK) for __initial_sp
    startup_stm32f40_41xxx.o(RESET) refers to startup_stm32f40_41xxx.o(.text) for Reset_Handler
    startup_stm32f40_41xxx.o(RESET) refers to irq_cm4f.o(.text) for SVC_Handler
    startup_stm32f40_41xxx.o(RESET) refers to loguart.o(i.USART3_IRQHandler) for USART3_IRQHandler
    startup_stm32f40_41xxx.o(RESET) refers to mainuart.o(i.UART4_IRQHandler) for UART4_IRQHandler
    startup_stm32f40_41xxx.o(.text) refers (Special) to heapauxi.o(.text) for __use_two_region_memory
    startup_stm32f40_41xxx.o(.text) refers to system_stm32f4xx.o(i.SystemInit) for SystemInit
    startup_stm32f40_41xxx.o(.text) refers to __main.o(!!!main) for __main
    startup_stm32f40_41xxx.o(.text) refers to startup_stm32f40_41xxx.o(HEAP) for Heap_Mem
    startup_stm32f40_41xxx.o(.text) refers to startup_stm32f40_41xxx.o(STACK) for Stack_Mem
    main.o(i.main) refers to rtx_kernel.o(.text.osKernelInitialize) for osKernelInitialize
    main.o(i.main) refers to cxa_guard_acquire.o(i.__cxa_guard_acquire) for __cxa_guard_acquire
    main.o(i.main) refers to task.o(i._ZN4TaskC2EPKcPyj12osPriority_t) for Task::Task__sub_object(const char*, unsigned long long*, unsigned, osPriority_t)
    main.o(i.main) refers to task.o(i._ZN4Task5startEv) for Task::start()
    main.o(i.main) refers to rtx_kernel.o(.text.osKernelStart) for osKernelStart
    main.o(i.main) refers to main.o(.data__ZZN9StartTask8instanceEvE4task) for guard variable for StartTask::instance()::task
    main.o(i.main) refers to main.o(.bss__ZZN9StartTask8instanceEvE4task) for StartTask::instance()::task
    main.o(i.main) refers to main.o(.constdata__ZZN9StartTaskC1EvEs) for StartTask::StartTask()::string
    main.o(i.main) refers to main.o(.constdata__ZTV9StartTask) for vtable for StartTask
    main.o(.ARM.exidx) refers to main.o(i.main) for i.main
    task.o(i._ZN4Task13startFunctionEPv) refers to rtx_thread.o(.text.osThreadExit) for osThreadExit
    task.o(i._ZN4Task4stopEv) refers to rtx_thread.o(.text.osThreadTerminate) for osThreadTerminate
    task.o(i._ZN4Task5startEv) refers to rtx_thread.o(.text.osThreadTerminate) for osThreadTerminate
    task.o(i._ZN4Task5startEv) refers to rtx_thread.o(.text.osThreadNew) for osThreadNew
    task.o(i._ZN4Task5startEv) refers to task.o(i._ZN4Task13startFunctionEPv) for Task::startFunction(void*)
    task.o(i._ZN4TaskC2EPKcPyj12osPriority_t) refers to task.o(.constdata__ZTV4Task) for vtable for Task
    task.o(.ARM.exidx) refers to task.o(i._ZN4Task13startFunctionEPv) for i._ZN4Task13startFunctionEPv
    task.o(.ARM.exidx) refers to task.o(i._ZN4Task5startEv) for i._ZN4Task5startEv
    task.o(.ARM.exidx) refers to task.o(i._ZN4Task4stopEv) for i._ZN4Task4stopEv
    task.o(.ARM.exidx) refers to task.o(i._ZN4TaskC2EPKcPyj12osPriority_t) for i._ZN4TaskC2EPKcPyj12osPriority_t
    receivertask.o(i._ZN12ReceiverTask3runEv) refers to cxa_guard_acquire.o(i.__cxa_guard_acquire) for __cxa_guard_acquire
    receivertask.o(i._ZN12ReceiverTask3runEv) refers to mainuart.o(i._ZN8MainUartC1Ev) for MainUart::MainUart()
    receivertask.o(i._ZN12ReceiverTask3runEv) refers to event.o(i._ZN5EventC1Ev) for Event::Event()
    receivertask.o(i._ZN12ReceiverTask3runEv) refers to rtx_msgqueue.o(.text.osMessageQueueGet) for osMessageQueueGet
    receivertask.o(i._ZN12ReceiverTask3runEv) refers to mainevent.o(i._ZN9MainEvent4execER10BaseOutput) for MainEvent::exec(BaseOutput&)
    receivertask.o(i._ZN12ReceiverTask3runEv) refers to receivertask.o(.data__ZZN8MainUart8instanceEvE4uart) for guard variable for MainUart::instance()::uart
    receivertask.o(i._ZN12ReceiverTask3runEv) refers to receivertask.o(.bss__ZZN8MainUart8instanceEvE4uart) for MainUart::instance()::uart
    receivertask.o(i._ZN12ReceiverTaskC1Ev) refers to task.o(i._ZN4TaskC2EPKcPyj12osPriority_t) for Task::Task__sub_object(const char*, unsigned long long*, unsigned, osPriority_t)
    receivertask.o(i._ZN12ReceiverTaskC1Ev) refers to receivertask.o(.constdata__ZTV12ReceiverTask) for vtable for ReceiverTask
    receivertask.o(.ARM.exidx) refers to receivertask.o(i._ZN12ReceiverTaskC1Ev) for i._ZN12ReceiverTaskC1Ev
    receivertask.o(.ARM.exidx) refers to receivertask.o(i._ZN12ReceiverTask3runEv) for i._ZN12ReceiverTask3runEv
[...]
    os_timer_mq_cb                           0x20001040   Data          52  rtx_lib.o(.bss.os.msgqueue.cb)
    .bss.os.msgqueue.mem                     0x20001074   Section       80  rtx_lib.o(.bss.os.msgqueue.mem)
    os_timer_mq_data                         0x20001074   Data          80  rtx_lib.o(.bss.os.msgqueue.mem)
    .bss.os.thread.cb                        0x200010c4   Section       68  rtx_lib.o(.bss.os.thread.cb)
    os_idle_thread_cb                        0x200010c4   Data          68  rtx_lib.o(.bss.os.thread.cb)
    .bss.os.thread.cb                        0x20001108   Section       68  rtx_lib.o(.bss.os.thread.cb)
    os_timer_thread_cb                       0x20001108   Data          68  rtx_lib.o(.bss.os.thread.cb)
    .bss.os.thread.stack                     0x20001150   Section      256  rtx_lib.o(.bss.os.thread.stack)
    os_idle_thread_stack                     0x20001150   Data         256  rtx_lib.o(.bss.os.thread.stack)
    .bss.os.thread.stack                     0x20001250   Section      256  rtx_lib.o(.bss.os.thread.stack)
    os_timer_thread_stack                    0x20001250   Data         256  rtx_lib.o(.bss.os.thread.stack)
    .data                                    0x20001350   Section       20  system_stm32f4xx.o(.data)
    .data                                    0x20001364   Section       12  loguart.o(.data)
    lastIndex                                0x20001364   Data           4  loguart.o(.data)
    MsgRecv                                  0x20001368   Data           8  loguart.o(.data)
    .data                                    0x20001370   Section       12  mainuart.o(.data)
    lastIndex                                0x20001370   Data           4  mainuart.o(.data)
    MsgRecv                                  0x20001374   Data           8  mainuart.o(.data)
    .data                                    0x2000137c   Section        2  currentadc.o(.data)
    AdcValue                                 0x2000137c   Data           2  currentadc.o(.data)
    .data                                    0x2000137e   Section        1  rtx_lib.o(.data)
    os_kernel_active                         0x2000137e   Data           1  rtx_lib.o(.data)
    .data__ZZN10CurrentAdc8instanceEvE3adc   0x20001428   Section        5  main.o(.data__ZZN10CurrentAdc8instanceEvE3adc)
    CurrentAdc::instance()::adc              0x20001428   Number         0  main.o(.data__ZZN10CurrentAdc8instanceEvE3adc)
    .data__ZZN12MotorManager8instanceEvE3man 0x20001430   Section        8  main.o(.data__ZZN12MotorManager8instanceEvE3man)
    MotorManager::instance()::man            0x20001430   Number         0  main.o(.data__ZZN12MotorManager8instanceEvE3man)
    .data__ZZN12ReceiverTask8instanceEvE4task 0x20001438   Section        4  main.o(.data__ZZN12ReceiverTask8instanceEvE4task)
    ReceiverTask::instance()::task           0x20001438   Number         0  main.o(.data__ZZN12ReceiverTask8instanceEvE4task)
    .data__ZZN14DeliverManager8instanceEvE3man 0x2000143c   Section        5  logevent.o(.data__ZZN14DeliverManager8instanceEvE3man)
    DeliverManager::instance()::man          0x2000143c   Number         0  logevent.o(.data__ZZN14DeliverManager8instanceEvE3man)
    .data__ZZN16StatusUpdateTask8instanceEvE8INSTANCE 0x20001444   Section        4  main.o(.data__ZZN16StatusUpdateTask8instanceEvE8INSTANCE)
    StatusUpdateTask::instance()::INSTANCE   0x20001444   Number         0  main.o(.data__ZZN16StatusUpdateTask8instanceEvE8INSTANCE)
    .data__ZZN5Motor8instanceEvE4moto        0x20001448   Section        8  logevent.o(.data__ZZN5Motor8instanceEvE4moto)
    Motor::instance()::moto                  0x20001448   Number         0  logevent.o(.data__ZZN5Motor8instanceEvE4moto)
    .data__ZZN7LogTask8instanceEvE4task      0x20001450   Section        4  main.o(.data__ZZN7LogTask8instanceEvE4task)
    LogTask::instance()::task                0x20001450   Number         0  main.o(.data__ZZN7LogTask8instanceEvE4task)
    .data__ZZN7LogUart8instanceEvE4uart      0x20001454   Section        4  main.o(.data__ZZN7LogUart8instanceEvE4uart)
    LogUart::instance()::uart                0x20001454   Number         0  main.o(.data__ZZN7LogUart8instanceEvE4uart)
    .data__ZZN8MainUart8instanceEvE4uart     0x20001458   Section        4  receivertask.o(.data__ZZN8MainUart8instanceEvE4uart)
    MainUart::instance()::uart               0x20001458   Number         0  receivertask.o(.data__ZZN8MainUart8instanceEvE4uart)
    .data__ZZN9StartTask8instanceEvE4task    0x2000145c   Section        4  main.o(.data__ZZN9StartTask8instanceEvE4task)
    StartTask::instance()::task              0x2000145c   Number         0  main.o(.data__ZZN9StartTask8instanceEvE4task)
    .bss                                     0x20001460   Section      680  loguart.o(.bss)
    buffer                                   0x20001460   Data         100  loguart.o(.bss)
    RecvBuffer                               0x200014c8   Data         512  loguart.o(.bss)
    RecvSingleBuffer                         0x200016c8   Data          64  loguart.o(.bss)
    .bss                                     0x20001708   Section      576  mainuart.o(.bss)
    RecvBuffer                               0x20001708   Data         512  mainuart.o(.bss)
    RecvSingleBuffer                         0x20001908   Data          64  mainuart.o(.bss)
    .bss                                     0x20001948   Section       96  libspace.o(.bss)
    .bss__ZZN12ReceiverTask8instanceEvE4task 0x200019a8   Section     1144  main.o(.bss__ZZN12ReceiverTask8instanceEvE4task)
    .bss__ZZN16StatusUpdateTask8instanceEvE8INSTANCE 0x20001e20   Section      632  main.o(.bss__ZZN16StatusUpdateTask8instanceEvE8INSTANCE)
    .bss__ZZN7LogTask8instanceEvE4task       0x20002098   Section      632  main.o(.bss__ZZN7LogTask8instanceEvE4task)
    .bss__ZZN7LogUart8instanceEvE4uart       0x20002310   Section      544  main.o(.bss__ZZN7LogUart8instanceEvE4uart)
    .bss__ZZN8MainUart8instanceEvE4uart      0x20002530   Section      568  receivertask.o(.bss__ZZN8MainUart8instanceEvE4uart)
    .bss__ZZN9StartTask8instanceEvE4task     0x20002768   Section      632  main.o(.bss__ZZN9StartTask8instanceEvE4task)
    HEAP                                     0x200029e0   Section        0  startup_stm32f40_41xxx.o(HEAP)
    STACK                                    0x200029e0   Section     1024  startup_stm32f40_41xxx.o(STACK)
    Heap_Mem                                 0x200029e0   Data           0  startup_stm32f40_41xxx.o(HEAP)
    Stack_Mem                                0x200029e0   Data        1024  startup_stm32f40_41xxx.o(STACK)
    __initial_sp                             0x20002de0   Data           0  startup_stm32f40_41xxx.o(STACK)

    Global Symbols

    Symbol Name                              Value     Ov Type        Size  Object(Section)

    BuildAttributes$$THM_ISAv4$E$P$D$K$B$S$7EM$VFPi3$EXTD16$VFPS$VFMA$PE$A:L22UL41UL21$X:L11$S22US41US21$IEEE1$IW$~IW$USESV6$~STKCKD$USESV7$~SHL$OTIME$ROPI$IEEEJ$EBA8$UX$STANDARDLIB$REQ8$PRES8$EABIv2 0x00000000   Number         0  anon$$obj.o ABSOLUTE
    __ARM_use_no_argv                        0x00000000   Number         0  main.o ABSOLUTE
    _printf_flags                            0x00000000   Number         0  printf_stubs.o ABSOLUTE
    _printf_return_value                     0x00000000   Number         0  printf_stubs.o ABSOLUTE
    _printf_sizespec                         0x00000000   Number         0  printf_stubs.o ABSOLUTE
    _printf_widthprec                        0x00000000   Number         0  printf_stubs.o ABSOLUTE
    __ARM::default_unexpected_handler()       - Undefined Weak Reference
    __ARM_exceptions_buffer_required          - Undefined Weak Reference
    __ARM_exceptions_init                     - Undefined Weak Reference
    __alloca_initialize                       - Undefined Weak Reference
    __arm_preinit_                            - Undefined Weak Reference
    __cxa_finalize                            - Undefined Weak Reference
    __sigvec_lookup                           - Undefined Weak Reference
    __user_heap_extent                        - Undefined Weak Reference
    _atexit_init                              - Undefined Weak Reference
    _call_atexit_fns                          - Undefined Weak Reference
    _clock_init                               - Undefined Weak Reference
    _fp_trap_init                             - Undefined Weak Reference
    _fp_trap_shutdown                         - Undefined Weak Reference
    _get_lc_collate                           - Undefined Weak Reference
    _get_lc_monetary                          - Undefined Weak Reference
    _get_lc_time                              - Undefined Weak Reference
    _getenv_init                              - Undefined Weak Reference
    _handle_redirection                       - Undefined Weak Reference
    _initio                                   - Undefined Weak Reference
    _printf_fp_hex                            - Undefined Weak Reference
    _printf_mbtowc                            - Undefined Weak Reference
    _printf_wc                                - Undefined Weak Reference
    _rand_init                                - Undefined Weak Reference
    _signal_finish                            - Undefined Weak Reference
    _signal_init                              - Undefined Weak Reference
    _terminateio                              - Undefined Weak Reference
    __Vectors_Size                           0x00000188   Number         0  startup_stm32f40_41xxx.o ABSOLUTE
    __Vectors                                0x08000000   Data           4  startup_stm32f40_41xxx.o(RESET)
    __Vectors_End                            0x08000188   Data           0  startup_stm32f40_41xxx.o(RESET)
    __main                                   0x08000189   Thumb Code     8  __main.o(!!!main)
    __scatterload                            0x08000191   Thumb Code     0  __scatter.o(!!!scatter)
    __scatterload_rt2                        0x08000191   Thumb Code    44  __scatter.o(!!!scatter)
    __scatterload_rt2_thumb_only             0x08000191   Thumb Code     0  __scatter.o(!!!scatter)
    __scatterload_null                       0x0800019f   Thumb Code     0  __scatter.o(!!!scatter)
    __decompress                             0x080001c5   Thumb Code    58  __dczerorl.o(!!dczerorl)
    __decompress0                            0x080001c5   Thumb Code     0  __dczerorl.o(!!dczerorl)
    __scatterload_zeroinit                   0x08000201   Thumb Code    28  __scatter_zi.o(!!handler_zi)
    __rt_lib_init                            0x0800021d   Thumb Code     0  libinit.o(.ARM.Collect$$libinit$$00000000)
    __rt_lib_init_fp_1                       0x0800021f   Thumb Code     0  libinit2.o(.ARM.Collect$$libinit$$00000001)
    __rt_lib_init_alloca_1                   0x08000223   Thumb Code     0  libinit2.o(.ARM.Collect$$libinit$$0000002E)
    __rt_lib_init_argv_1                     0x08000223   Thumb Code     0  libinit2.o(.ARM.Collect$$libinit$$0000002C)
    __rt_lib_init_atexit_1                   0x08000223   Thumb Code     0  libinit2.o(.ARM.Collect$$libinit$$0000001B)
    __rt_lib_init_clock_1                    0x08000223   Thumb Code     0  libinit2.o(.ARM.Collect$$libinit$$00000021)
    __rt_lib_init_cpp_2                      0x08000223   Thumb Code     0  libinit2.o(.ARM.Collect$$libinit$$00000031)
    __rt_lib_init_exceptions_1               0x08000223   Thumb Code     0  libinit2.o(.ARM.Collect$$libinit$$00000030)
    __rt_lib_init_fp_trap_1                  0x08000223   Thumb Code     0  libinit2.o(.ARM.Collect$$libinit$$0000001F)
    __rt_lib_init_getenv_1                   0x08000223   Thumb Code     0  libinit2.o(.ARM.Collect$$libinit$$00000023)
    __rt_lib_init_heap_1                     0x08000223   Thumb Code     0  libinit2.o(.ARM.Collect$$libinit$$0000000A)
    __rt_lib_init_lc_collate_1               0x08000223   Thumb Code     0  libinit2.o(.ARM.Collect$$libinit$$00000011)
    __rt_lib_init_lc_ctype_1                 0x08000223   Thumb Code     0  libinit2.o(.ARM.Collect$$libinit$$00000013)
    __rt_lib_init_lc_monetary_1              0x08000223   Thumb Code     0  libinit2.o(.ARM.Collect$$libinit$$00000015)
    __rt_lib_init_lc_numeric_1               0x08000223   Thumb Code     0  libinit2.o(.ARM.Collect$$libinit$$00000017)
    __rt_lib_init_lc_time_1                  0x08000223   Thumb Code     0  libinit2.o(.ARM.Collect$$libinit$$00000019)
    __rt_lib_init_preinit_1                  0x08000223   Thumb Code     0  libinit2.o(.ARM.Collect$$libinit$$00000004)
    __rt_lib_init_rand_1                     0x08000223   Thumb Code     0  libinit2.o(.ARM.Collect$$libinit$$0000000E)
    __rt_lib_init_signal_1                   0x08000223   Thumb Code     0  libinit2.o(.ARM.Collect$$libinit$$0000001D)
    __rt_lib_init_stdio_1                    0x08000223   Thumb Code     0  libinit2.o(.ARM.Collect$$libinit$$00000025)
    __rt_lib_init_user_alloc_1               0x08000223   Thumb Code     0  libinit2.o(.ARM.Collect$$libinit$$0000000C)
    __rt_lib_init_cpp_1                      0x08000227   Thumb Code     0  libinit2.o(.ARM.Collect$$libinit$$00000032)
    __rt_lib_init_return                     0x08000227   Thumb Code     0  libinit2.o(.ARM.Collect$$libinit$$00000033)
    __rt_lib_shutdown                        0x08000229   Thumb Code     0  libshutdown.o(.ARM.Collect$$libshutdown$$00000000)
    __rt_lib_shutdown_cpp_1                  0x0800022b   Thumb Code     0  libshutdown2.o(.ARM.Collect$$libshutdown$$00000002)
    __rt_lib_shutdown_fp_trap_1              0x0800022b   Thumb Code     0  libshutdown2.o(.ARM.Collect$$libshutdown$$00000007)
    __rt_lib_shutdown_heap_1                 0x0800022b   Thumb Code     0  libshutdown2.o(.ARM.Collect$$libshutdown$$0000000F)
    __rt_lib_shutdown_return                 0x0800022b   Thumb Code     0  libshutdown2.o(.ARM.Collect$$libshutdown$$00000010)
    __rt_lib_shutdown_signal_1               0x0800022b   Thumb Code     0  libshutdown2.o(.ARM.Collect$$libshutdown$$0000000A)
    __rt_lib_shutdown_stdio_1                0x0800022b   Thumb Code     0  libshutdown2.o(.ARM.Collect$$libshutdown$$00000004)
    __rt_lib_shutdown_user_alloc_1           0x0800022b   Thumb Code     0  libshutdown2.o(.ARM.Collect$$libshutdown$$0000000C)
    __rt_entry                               0x0800022d   Thumb Code     0  __rtentry.o(.ARM.Collect$$rtentry$$00000000)
    __rt_entry_presh_1                       0x0800022d   Thumb Code     0  __rtentry2.o(.ARM.Collect$$rtentry$$00000002)
    __rt_entry_sh                            0x0800022d   Thumb Code     0  __rtentry4.o(.ARM.Collect$$rtentry$$00000004)
    __rt_entry_postsh_1                      0x08000233   Thumb Code     0  __rtentry2.o(.ARM.Collect$$rtentry$$00000008)
    __rt_entry_li                            0x0800023b   Thumb Code     0  __rtentry2.o(.ARM.Collect$$rtentry$$0000000A)
    __rt_entry_main                          0x0800023f   Thumb Code     0  __rtentry2.o(.ARM.Collect$$rtentry$$0000000D)
    __rt_entry_postli_1                      0x0800023f   Thumb Code     0  __rtentry2.o(.ARM.Collect$$rtentry$$0000000C)
    __rt_exit                                0x08000247   Thumb Code     0  rtexit.o(.ARM.Collect$$rtexit$$00000000)
    __rt_exit_ls                             0x08000249   Thumb Code     0  rtexit2.o(.ARM.Collect$$rtexit$$00000003)
    __rt_exit_prels_1                        0x08000249   Thumb Code     0  rtexit2.o(.ARM.Collect$$rtexit$$00000002)
    __rt_exit_exit                           0x0800024d   Thumb Code     0  rtexit2.o(.ARM.Collect$$rtexit$$00000004)
    Reset_Handler                            0x08000255   Thumb Code     8  startup_stm32f40_41xxx.o(.text)
    NMI_Handler                              0x0800025d   Thumb Code     2  startup_stm32f40_41xxx.o(.text)
    HardFault_Handler                        0x0800025f   Thumb Code     2  startup_stm32f40_41xxx.o(.text)
    MemManage_Handler                        0x08000261   Thumb Code     2  startup_stm32f40_41xxx.o(.text)
    BusFault_Handler                         0x08000263   Thumb Code     2  startup_stm32f40_41xxx.o(.text)
    UsageFault_Handler                       0x08000265   Thumb Code     2  startup_stm32f40_41xxx.o(.text)
    DebugMon_Handler                         0x08000269   Thumb Code     2  startup_stm32f40_41xxx.o(.text)
    ADC_IRQHandler                           0x0800026f   Thumb Code     0  startup_stm32f40_41xxx.o(.text)
    CAN1_RX0_IRQHandler                      0x0800026f   Thumb Code     0  startup_stm32f40_41xxx.o(.text)
    CAN1_RX1_IRQHandler                      0x0800026f   Thumb Code     0  startup_stm32f40_41xxx.o(.text)
    CAN1_SCE_IRQHandler                      0x0800026f   Thumb Code     0  startup_stm32f40_41xxx.o(.text)
    CAN1_TX_IRQHandler                       0x0800026f   Thumb Code     0  startup_stm32f40_41xxx.o(.text)
    CAN2_RX0_IRQHandler                      0x0800026f   Thumb Code     0  startup_stm32f40_41xxx.o(.text)
    CAN2_RX1_IRQHandler                      0x0800026f   Thumb Code     0  startup_stm32f40_41xxx.o(.text)
    CAN2_SCE_IRQHandler                      0x0800026f   Thumb Code     0  startup_stm32f40_41xxx.o(.text)
    CAN2_TX_IRQHandler                       0x0800026f   Thumb Code     0  startup_stm32f40_41xxx.o(.text)
    CRYP_IRQHandler                          0x0800026f   Thumb Code     0  startup_stm32f40_41xxx.o(.text)
    DCMI_IRQHandler                          0x0800026f   Thumb Code     0  startup_stm32f40_41xxx.o(.text)
    DMA1_Stream0_IRQHandler                  0x0800026f   Thumb Code     0  startup_stm32f40_41xxx.o(.text)
    DMA1_Stream1_IRQHandler                  0x0800026f   Thumb Code     0  startup_stm32f40_41xxx.o(.text)
    DMA1_Stream2_IRQHandler                  0x0800026f   Thumb Code     0  startup_stm32f40_41xxx.o(.text)
    DMA1_Stream3_IRQHandler                  0x0800026f   Thumb Code     0  startup_stm32f40_41xxx.o(.text)
    DMA1_Stream4_IRQHandler                  0x0800026f   Thumb Code     0  startup_stm32f40_41xxx.o(.text)
    DMA1_Stream5_IRQHandler                  0x0800026f   Thumb Code     0  startup_stm32f40_41xxx.o(.text)
    DMA1_Stream6_IRQHandler                  0x0800026f   Thumb Code     0  startup_stm32f40_41xxx.o(.text)
    DMA1_Stream7_IRQHandler                  0x0800026f   Thumb Code     0  startup_stm32f40_41xxx.o(.text)
    DMA2_Stream0_IRQHandler                  0x0800026f   Thumb Code     0  startup_stm32f40_41xxx.o(.text)
    DMA2_Stream1_IRQHandler                  0x0800026f   Thumb Code     0  startup_stm32f40_41xxx.o(.text)
    DMA2_Stream2_IRQHandler                  0x0800026f   Thumb Code     0  startup_stm32f40_41xxx.o(.text)
    DMA2_Stream3_IRQHandler                  0x0800026f   Thumb Code     0  startup_stm32f40_41xxx.o(.text)
    DMA2_Stream4_IRQHandler                  0x0800026f   Thumb Code     0  startup_stm32f40_41xxx.o(.text)
    DMA2_Stream5_IRQHandler                  0x0800026f   Thumb Code     0  startup_stm32f40_41xxx.o(.text)
    DMA2_Stream6_IRQHandler                  0x0800026f   Thumb Code     0  startup_stm32f40_41xxx.o(.text)
    DMA2_Stream7_IRQHandler                  0x0800026f   Thumb Code     0  startup_stm32f40_41xxx.o(.text)
    ETH_IRQHandler                           0x0800026f   Thumb Code     0  startup_stm32f40_41xxx.o(.text)
    ETH_WKUP_IRQHandler                      0x0800026f   Thumb Code     0  startup_stm32f40_41xxx.o(.text)
    EXTI0_IRQHandler                         0x0800026f   Thumb Code     0  startup_stm32f40_41xxx.o(.text)
    EXTI15_10_IRQHandler                     0x0800026f   Thumb Code     0  startup_stm32f40_41xxx.o(.text)
    EXTI1_IRQHandler                         0x0800026f   Thumb Code     0  startup_stm32f40_41xxx.o(.text)
    EXTI2_IRQHandler                         0x0800026f   Thumb Code     0  startup_stm32f40_41xxx.o(.text)
    EXTI3_IRQHandler                         0x0800026f   Thumb Code     0  startup_stm32f40_41xxx.o(.text)
    EXTI4_IRQHandler                         0x0800026f   Thumb Code     0  startup_stm32f40_41xxx.o(.text)
    EXTI9_5_IRQHandler                       0x0800026f   Thumb Code     0  startup_stm32f40_41xxx.o(.text)
    FLASH_IRQHandler                         0x0800026f   Thumb Code     0  startup_stm32f40_41xxx.o(.text)
    FPU_IRQHandler                           0x0800026f   Thumb Code     0  startup_stm32f40_41xxx.o(.text)
    FSMC_IRQHandler                          0x0800026f   Thumb Code     0  startup_stm32f40_41xxx.o(.text)
    HASH_RNG_IRQHandler                      0x0800026f   Thumb Code     0  startup_stm32f40_41xxx.o(.text)
    I2C1_ER_IRQHandler                       0x0800026f   Thumb Code     0  startup_stm32f40_41xxx.o(.text)
    I2C1_EV_IRQHandler                       0x0800026f   Thumb Code     0  startup_stm32f40_41xxx.o(.text)
    I2C2_ER_IRQHandler                       0x0800026f   Thumb Code     0  startup_stm32f40_41xxx.o(.text)
    I2C2_EV_IRQHandler                       0x0800026f   Thumb Code     0  startup_stm32f40_41xxx.o(.text)
    I2C3_ER_IRQHandler                       0x0800026f   Thumb Code     0  startup_stm32f40_41xxx.o(.text)
    I2C3_EV_IRQHandler                       0x0800026f   Thumb Code     0  startup_stm32f40_41xxx.o(.text)
    OTG_FS_IRQHandler                        0x0800026f   Thumb Code     0  startup_stm32f40_41xxx.o(.text)
    OTG_FS_WKUP_IRQHandler                   0x0800026f   Thumb Code     0  startup_stm32f40_41xxx.o(.text)
    OTG_HS_EP1_IN_IRQHandler                 0x0800026f   Thumb Code     0  startup_stm32f40_41xxx.o(.text)
    OTG_HS_EP1_OUT_IRQHandler                0x0800026f   Thumb Code     0  startup_stm32f40_41xxx.o(.text)
    OTG_HS_IRQHandler                        0x0800026f   Thumb Code     0  startup_stm32f40_41xxx.o(.text)
    OTG_HS_WKUP_IRQHandler                   0x0800026f   Thumb Code     0  startup_stm32f40_41xxx.o(.text)
    PVD_IRQHandler                           0x0800026f   Thumb Code     0  startup_stm32f40_41xxx.o(.text)
    RCC_IRQHandler                           0x0800026f   Thumb Code     0  startup_stm32f40_41xxx.o(.text)
    RTC_Alarm_IRQHandler                     0x0800026f   Thumb Code     0  startup_stm32f40_41xxx.o(.text)
    RTC_WKUP_IRQHandler                      0x0800026f   Thumb Code     0  startup_stm32f40_41xxx.o(.text)
    SDIO_IRQHandler                          0x0800026f   Thumb Code     0  startup_stm32f40_41xxx.o(.text)
    SPI1_IRQHandler                          0x0800026f   Thumb Code     0  startup_stm32f40_41xxx.o(.text)
    SPI2_IRQHandler                          0x0800026f   Thumb Code     0  startup_stm32f40_41xxx.o(.text)
    SPI3_IRQHandler                          0x0800026f   Thumb Code     0  startup_stm32f40_41xxx.o(.text)
    TAMP_STAMP_IRQHandler                    0x0800026f   Thumb Code     0  startup_stm32f40_41xxx.o(.text)
    TIM1_BRK_TIM9_IRQHandler                 0x0800026f   Thumb Code     0  startup_stm32f40_41xxx.o(.text)
    TIM1_CC_IRQHandler                       0x0800026f   Thumb Code     0  startup_stm32f40_41xxx.o(.text)
    TIM1_TRG_COM_TIM11_IRQHandler            0x0800026f   Thumb Code     0  startup_stm32f40_41xxx.o(.text)
    TIM1_UP_TIM10_IRQHandler                 0x0800026f   Thumb Code     0  startup_stm32f40_41xxx.o(.text)
    TIM2_IRQHandler                          0x0800026f   Thumb Code     0  startup_stm32f40_41xxx.o(.text)
    TIM3_IRQHandler                          0x0800026f   Thumb Code     0  startup_stm32f40_41xxx.o(.text)
    TIM4_IRQHandler                          0x0800026f   Thumb Code     0  startup_stm32f40_41xxx.o(.text)
    TIM5_IRQHandler                          0x0800026f   Thumb Code     0  startup_stm32f40_41xxx.o(.text)
    TIM6_DAC_IRQHandler                      0x0800026f   Thumb Code     0  startup_stm32f40_41xxx.o(.text)
    TIM7_IRQHandler                          0x0800026f   Thumb Code     0  startup_stm32f40_41xxx.o(.text)
    TIM8_BRK_TIM12_IRQHandler                0x0800026f   Thumb Code     0  startup_stm32f40_41xxx.o(.text)
    TIM8_CC_IRQHandler                       0x0800026f   Thumb Code     0  startup_stm32f40_41xxx.o(.text)
    TIM8_TRG_COM_TIM14_IRQHandler            0x0800026f   Thumb Code     0  startup_stm32f40_41xxx.o(.text)
    TIM8_UP_TIM13_IRQHandler                 0x0800026f   Thumb Code     0  startup_stm32f40_41xxx.o(.text)
    UART5_IRQHandler                         0x0800026f   Thumb Code     0  startup_stm32f40_41xxx.o(.text)
    USART1_IRQHandler                        0x0800026f   Thumb Code     0  startup_stm32f40_41xxx.o(.text)
    USART2_IRQHandler                        0x0800026f   Thumb Code     0  startup_stm32f40_41xxx.o(.text)
    USART6_IRQHandler                        0x0800026f   Thumb Code     0  startup_stm32f40_41xxx.o(.text)
    WWDG_IRQHandler                          0x0800026f   Thumb Code     0  startup_stm32f40_41xxx.o(.text)
    __user_initial_stackheap                 0x08000271   Thumb Code     0  startup_stm32f40_41xxx.o(.text)
    SVC_Handler                              0x08000291   Thumb Code   140  irq_cm4f.o(.text)
    PendSV_Handler                           0x0800031d   Thumb Code    16  irq_cm4f.o(.text)
    SysTick_Handler                          0x0800032d   Thumb Code    16  irq_cm4f.o(.text)
    __aeabi_memcpy                           0x08000349   Thumb Code     0  rt_memcpy_v6.o(.text)
    __rt_memcpy                              0x08000349   Thumb Code   138  rt_memcpy_v6.o(.text)
    _memcpy_lastbytes                        0x080003af   Thumb Code     0  rt_memcpy_v6.o(.text)
    __aeabi_memset4                          0x080003d3   Thumb Code    16  aeabi_memset4.o(.text)
    __aeabi_memset8                          0x080003d3   Thumb Code     0  aeabi_memset4.o(.text)
    __aeabi_memclr                           0x080003e3   Thumb Code     0  rt_memclr.o(.text)
    __rt_memclr                              0x080003e3   Thumb Code    68  rt_memclr.o(.text)
    _memset                                  0x080003e7   Thumb Code     0  rt_memclr.o(.text)
    __aeabi_memclr4                          0x08000427   Thumb Code     0  rt_memclr_w.o(.text)
    __aeabi_memclr8                          0x08000427   Thumb Code     0  rt_memclr_w.o(.text)
    __rt_memclr_w                            0x08000427   Thumb Code    78  rt_memclr_w.o(.text)
    _memset_w                                0x0800042b   Thumb Code     0  rt_memclr_w.o(.text)
    __use_two_region_memory                  0x08000475   Thumb Code     2  heapauxi.o(.text)
    __rt_heap_escrow                         0x08000477   Thumb Code     2  heapauxi.o(.text)
    __rt_heap_expand                         0x08000479   Thumb Code     2  heapauxi.o(.text)
    __cpp_initialize__aeabi_                 0x0800047d   Thumb Code    26  init_aeabi.o(.text)
    __rt_SIGPVFN                             0x080004a1   Thumb Code    14  defsig_pvfn_outer.o(.text)
    __aeabi_memcpy4                          0x080004af   Thumb Code     0  rt_memcpy_w.o(.text)
    __aeabi_memcpy8                          0x080004af   Thumb Code     0  rt_memcpy_w.o(.text)
    __rt_memcpy_w                            0x080004af   Thumb Code   100  rt_memcpy_w.o(.text)
    _memcpy_lastbytes_aligned                0x080004f7   Thumb Code     0  rt_memcpy_w.o(.text)
    __sig_exit                               0x08000513   Thumb Code    10  defsig_exit.o(.text)
    __rt_SIGPVFN_inner                       0x0800051d   Thumb Code    14  defsig_pvfn_inner.o(.text)
    _sys_exit                                0x0800054d   Thumb Code     8  sys_exit.o(.text)
    __user_setup_stackheap                   0x08000559   Thumb Code    74  sys_stackheap_outer.o(.text)
    exit                                     0x080005a3   Thumb Code    18  exit.o(.text)
    __default_signal_display                 0x080005b5   Thumb Code    50  defsig_general.o(.text)
    _ttywrch                                 0x080005e7   Thumb Code    14  sys_wrch.o(.text)
    __user_libspace                          0x080005f5   Thumb Code     8  libspace.o(.text)
    __user_perproc_libspace                  0x080005f5   Thumb Code     0  libspace.o(.text)
    __I$use$semihosting                      0x080005fd   Thumb Code     0  use_no_semi.o(.text)
    __use_no_semihosting_swi                 0x080005fd   Thumb Code     2  use_no_semi.o(.text)
    __semihosting_library_function           0x080005ff   Thumb Code     0  indicate_semi.o(.text)
    osDelay                                  0x08000601   Thumb Code    36  rtx_delay.o(.text.osDelay)
    osKernelGetState                         0x08000625   Thumb Code    58  rtx_kernel.o(.text.osKernelGetState)
    osKernelInitialize                       0x08000661   Thumb Code    68  rtx_kernel.o(.text.osKernelInitialize)
    osKernelStart                            0x080006a5   Thumb Code    68  rtx_kernel.o(.text.osKernelStart)
    osMessageQueueGet                        0x080006e9   Thumb Code   180  rtx_msgqueue.o(.text.osMessageQueueGet)
    osMessageQueueNew                        0x0800079d   Thumb Code    66  rtx_msgqueue.o(.text.osMessageQueueNew)
    osMessageQueuePut                        0x080007e1   Thumb Code   132  rtx_msgqueue.o(.text.osMessageQueuePut)
    osMutexAcquire                           0x08000865   Thumb Code    36  rtx_mutex.o(.text.osMutexAcquire)
    osMutexDelete                            0x08000889   Thumb Code    36  rtx_mutex.o(.text.osMutexDelete)
    osMutexNew                               0x080008ad   Thumb Code    66  rtx_mutex.o(.text.osMutexNew)
    osMutexRelease                           0x080008f1   Thumb Code    36  rtx_mutex.o(.text.osMutexRelease)
    osRtxMemoryAlloc                         0x08000915   Thumb Code   110  rtx_memory.o(.text.osRtxMemoryAlloc)
    osRtxMemoryFree                          0x08000985   Thumb Code    88  rtx_memory.o(.text.osRtxMemoryFree)
    osRtxMemoryInit                          0x080009dd   Thumb Code    48  rtx_memory.o(.text.osRtxMemoryInit)
    osRtxMemoryPoolAlloc                     0x08000a0d   Thumb Code    76  rtx_mempool.o(.text.osRtxMemoryPoolAlloc)
    osRtxMemoryPoolFree                      0x08000a59   Thumb Code    90  rtx_mempool.o(.text.osRtxMemoryPoolFree)
    osRtxMemoryPoolInit                      0x08000ab5   Thumb Code    80  rtx_mempool.o(.text.osRtxMemoryPoolInit)
    osRtxMessageQueuePostProcess             0x08000b05   Thumb Code   446  rtx_msgqueue.o(.text.osRtxMessageQueuePostProcess)
    osRtxMutexOwnerRelease                   0x08000cc5   Thumb Code    76  rtx_mutex.o(.text.osRtxMutexOwnerRelease)
    osRtxPendSV_Handler                      0x08000d11   Thumb Code   168  rtx_system.o(.text.osRtxPendSV_Handler)
    osRtxPostProcess                         0x08000db9   Thumb Code   120  rtx_system.o(.text.osRtxPostProcess)
    osRtxSysTimerAckIRQ                      0x08000e31   Thumb Code    12  rtx_system.o(.text.osRtxSysTimerAckIRQ)
    osRtxSysTimerEnable                      0x08000e3d   Thumb Code    14  rtx_system.o(.text.osRtxSysTimerEnable)
    osRtxSysTimerSetup                       0x08000e4d   Thumb Code    58  rtx_system.o(.text.osRtxSysTimerSetup)
    osRtxThreadDelayTick                     0x08000e89   Thumb Code   136  rtx_thread.o(.text.osRtxThreadDelayTick)
    osRtxThreadDispatch                      0x08000f11   Thumb Code   344  rtx_thread.o(.text.osRtxThreadDispatch)
    osRtxThreadListGet                       0x08001069   Thumb Code    26  rtx_thread.o(.text.osRtxThreadListGet)
    osRtxThreadListPut                       0x08001085   Thumb Code    56  rtx_thread.o(.text.osRtxThreadListPut)
    osRtxThreadListRemove                    0x080010bd   Thumb Code    26  rtx_thread.o(.text.osRtxThreadListRemove)
    osRtxThreadListSort                      0x080010d9   Thumb Code    96  rtx_thread.o(.text.osRtxThreadListSort)
    osRtxThreadPostProcess                   0x08001139   Thumb Code   140  rtx_thread.o(.text.osRtxThreadPostProcess)
    osRtxThreadReadyPut                      0x080011c5   Thumb Code    72  rtx_thread.o(.text.osRtxThreadReadyPut)
    osRtxThreadRegPtr                        0x0800120d   Thumb Code    20  rtx_thread.o(.text.osRtxThreadRegPtr)
    osRtxThreadStackCheck                    0x08001221   Thumb Code    46  rtx_thread.o(.text.osRtxThreadStackCheck)
    osRtxThreadSwitch                        0x08001251   Thumb Code    18  rtx_thread.o(.text.osRtxThreadSwitch)
    osRtxThreadWaitEnter                     0x08001265   Thumb Code   226  rtx_thread.o(.text.osRtxThreadWaitEnter)
    osRtxThreadWaitExit                      0x08001349   Thumb Code   206  rtx_thread.o(.text.osRtxThreadWaitExit)
    osRtxTick_Handler                        0x08001419   Thumb Code   120  rtx_system.o(.text.osRtxTick_Handler)
    osRtxTimerTick                           0x08001491   Thumb Code   170  rtx_timer.o(.text.osRtxTimerTick)
    osThreadExit                             0x0800153d   Thumb Code    14  rtx_thread.o(.text.osThreadExit)
    osThreadNew                              0x0800154d   Thumb Code    66  rtx_thread.o(.text.osThreadNew)
    osThreadTerminate                        0x08001591   Thumb Code    36  rtx_thread.o(.text.osThreadTerminate)
    svcRtxDelay                              0x080015b5   Thumb Code    20  rtx_delay.o(.text.svcRtxDelay)
    svcRtxKernelGetState                     0x080015c9   Thumb Code    12  rtx_kernel.o(.text.svcRtxKernelGetState)
    svcRtxKernelInitialize                   0x080015d5   Thumb Code   428  rtx_kernel.o(.text.svcRtxKernelInitialize)
    svcRtxKernelStart                        0x08001781   Thumb Code   150  rtx_kernel.o(.text.svcRtxKernelStart)
    svcRtxMessageQueueGet                    0x08001819   Thumb Code   410  rtx_msgqueue.o(.text.svcRtxMessageQueueGet)
    svcRtxMessageQueueNew                    0x080019b5   Thumb Code   352  rtx_msgqueue.o(.text.svcRtxMessageQueueNew)
    svcRtxMessageQueuePut                    0x08001b15   Thumb Code   280  rtx_msgqueue.o(.text.svcRtxMessageQueuePut)
    svcRtxMutexAcquire                       0x08001c2d   Thumb Code   158  rtx_mutex.o(.text.svcRtxMutexAcquire)
    svcRtxMutexDelete                        0x08001ccd   Thumb Code   214  rtx_mutex.o(.text.svcRtxMutexDelete)
    svcRtxMutexNew                           0x08001da5   Thumb Code   114  rtx_mutex.o(.text.svcRtxMutexNew)
    svcRtxMutexRelease                       0x08001e19   Thumb Code   200  rtx_mutex.o(.text.svcRtxMutexRelease)
    svcRtxThreadExit                         0x08001ee1   Thumb Code   186  rtx_thread.o(.text.svcRtxThreadExit)
    svcRtxThreadNew                          0x08001f9d   Thumb Code   576  rtx_thread.o(.text.svcRtxThreadNew)
    svcRtxThreadTerminate                    0x080021dd   Thumb Code   500  rtx_thread.o(.text.svcRtxThreadTerminate)
    SystemInit                               0x08002485   Thumb Code    74  system_stm32f4xx.o(i.SystemInit)
    UART4_IRQHandler                         0x080024e1   Thumb Code   146  mainuart.o(i.UART4_IRQHandler)
    USART3_IRQHandler                        0x08002591   Thumb Code   146  loguart.o(i.USART3_IRQHandler)
    BaseOutput::buildAndWrite()              0x0800273d   Thumb Code    36  baseoutput.o(i._ZN10BaseOutput13buildAndWriteEv)
    BaseOutput::ack()                        0x08002761   Thumb Code    10  baseoutput.o(i._ZN10BaseOutput3ackEv)
    BaseOutput::nck()                        0x08002771   Thumb Code    10  baseoutput.o(i._ZN10BaseOutput3nckEv)
    BaseOutput::build(unsigned char*)        0x08002781   Thumb Code    64  baseoutput.o(i._ZN10BaseOutput5buildEPh)
    BaseOutput::append1(unsigned char)       0x080027c1   Thumb Code    18  statusupdatetask.o(i._ZN10BaseOutput7append1Eh)
    BaseOutput::setAction(unsigned char)     0x080027d3   Thumb Code     8  mainevent.o(i._ZN10BaseOutput9setActionEh)
    CurrentAdc::instance()                   0x080027dd   Thumb Code    34  motormanager.o(i._ZN10CurrentAdc8instanceEv)
    CurrentAdc::xGetValue()                  0x08002809   Thumb Code     6  currentadc.o(i._ZN10CurrentAdc9xGetValueEv)
    CurrentAdc::CurrentAdc()                 0x08002815   Thumb Code   174  currentadc.o(i._ZN10CurrentAdcC1Ev)
    CurrentAdc::CurrentAdc__sub_object()     0x08002815   Thumb Code     0  currentadc.o(i._ZN10CurrentAdcC1Ev)
    MotorManager::isPowerLrt()               0x080028d9   Thumb Code    24  motormanager.o(i._ZN12MotorManager10isPowerLrtEv)
    MotorManager::isYAxisLrt()               0x080028f1   Thumb Code    22  motormanager.o(i._ZN12MotorManager10isYAxisLrtEv)
    MotorManager::xStepForMm(unsigned)       0x08002907   Thumb Code    16  logevent.o(i._ZN12MotorManager10xStepForMmEj)
    MotorManager::xYAxisToUp(unsigned)       0x08002919   Thumb Code    92  motormanager.o(i._ZN12MotorManager10xYAxisToUpEj)
    MotorManager::vStepSetDir(MotorManager::Dir) 0x0800297d   Thumb Code    20  motormanager.o(i._ZN12MotorManager11vStepSetDirENS_3DirE)
    MotorManager::xYAxisToDown(unsigned)     0x08002995   Thumb Code    92  motormanager.o(i._ZN12MotorManager12xYAxisToDownEj)
    MotorManager::xStepForSteps(unsigned)    0x080029f9   Thumb Code   116  motormanager.o(i._ZN12MotorManager13xStepForStepsEj)
    MotorManager::xStepToOrigin()            0x08002a71   Thumb Code    64  motormanager.o(i._ZN12MotorManager13xStepToOriginEv)
    MotorManager::xPowerBox1Test(unsigned)   0x08002ab9   Thumb Code    86  motormanager.o(i._ZN12MotorManager14xPowerBox1TestEj)
    MotorManager::xPowerBox2Test(unsigned)   0x08002b15   Thumb Code    94  motormanager.o(i._ZN12MotorManager14xPowerBox2TestEj)
    MotorManager::xPowerBox3Test(unsigned)   0x08002b79   Thumb Code    86  motormanager.o(i._ZN12MotorManager14xPowerBox3TestEj)
    MotorManager::xPowerBox4Test(unsigned)   0x08002bd5   Thumb Code    86  motormanager.o(i._ZN12MotorManager14xPowerBox4TestEj)
    MotorManager::xPowerBox5Test(unsigned)   0x08002c31   Thumb Code    86  motormanager.o(i._ZN12MotorManager14xPowerBox5TestEj)
    MotorManager::xRotationToOpen(unsigned)  0x08002c8d   Thumb Code    92  motormanager.o(i._ZN12MotorManager15xRotationToOpenEj)
    MotorManager::xPowerBox1Toggle(unsigned) 0x08002cf1   Thumb Code   240  motormanager.o(i._ZN12MotorManager16xPowerBox1ToggleEj)
    MotorManager::xPowerBox2Toggle(unsigned) 0x08002de5   Thumb Code   240  motormanager.o(i._ZN12MotorManager16xPowerBox2ToggleEj)
    MotorManager::xPowerBox3Toggle(unsigned) 0x08002ed9   Thumb Code   240  motormanager.o(i._ZN12MotorManager16xPowerBox3ToggleEj)
    MotorManager::xPowerBox4Toggle(unsigned) 0x08002fcd   Thumb Code   240  motormanager.o(i._ZN12MotorManager16xPowerBox4ToggleEj)
    MotorManager::xPowerBox5Toggle(unsigned) 0x080030c1   Thumb Code   240  motormanager.o(i._ZN12MotorManager16xPowerBox5ToggleEj)
    MotorManager::xRotationToClose(unsigned) 0x080031b5   Thumb Code    92  motormanager.o(i._ZN12MotorManager16xRotationToCloseEj)
    MotorManager::xRotationToOpen2(unsigned) 0x08003219   Thumb Code    92  motormanager.o(i._ZN12MotorManager16xRotationToOpen2Ej)
    MotorManager::isPowerBox1Checked()       0x0800327d   Thumb Code    12  motormanager.o(i._ZN12MotorManager18isPowerBox1CheckedEv)
    MotorManager::isPowerBox2Checked()       0x0800328d   Thumb Code    12  motormanager.o(i._ZN12MotorManager18isPowerBox2CheckedEv)
    MotorManager::isPowerBox3Checked()       0x0800329d   Thumb Code    12  motormanager.o(i._ZN12MotorManager18isPowerBox3CheckedEv)
    MotorManager::isPowerBox4Checked()       0x080032ad   Thumb Code    12  motormanager.o(i._ZN12MotorManager18isPowerBox4CheckedEv)
    MotorManager::isPowerBox5Checked()       0x080032bd   Thumb Code    12  motormanager.o(i._ZN12MotorManager18isPowerBox5CheckedEv)
    MotorManager::vSetDir(MotorManager::Dir) 0x080032cd   Thumb Code    38  motormanager.o(i._ZN12MotorManager7vSetDirENS_3DirE)
    MotorManager::instance()                 0x080032f9   Thumb Code    34  main.o(i._ZN12MotorManager8instanceEv)
    MotorManager::xDropOut(unsigned)         0x08003325   Thumb Code    94  motormanager.o(i._ZN12MotorManager8xDropOutEj)
    MotorManager::isDoorLrt()                0x0800338d   Thumb Code    22  motormanager.o(i._ZN12MotorManager9isDoorLrtEv)
    MotorManager::isPushLrt()                0x080033a3   Thumb Code    24  motormanager.o(i._ZN12MotorManager9isPushLrtEv)
    MotorManager::vInitGpio()                0x080033bd   Thumb Code    98  motormanager.o(i._ZN12MotorManager9vInitGpioEv)
    MotorManager::xPushBack(unsigned)        0x08003441   Thumb Code    92  motormanager.o(i._ZN12MotorManager9xPushBackEj)
    MotorManager::xPushNext(unsigned)        0x080034a5   Thumb Code   196  motormanager.o(i._ZN12MotorManager9xPushNextEj)
    MotorManager::MotorManager()             0x08003571   Thumb Code    52  motormanager.o(i._ZN12MotorManagerC1Ev)
    MotorManager::MotorManager__sub_object() 0x08003571   Thumb Code     0  motormanager.o(i._ZN12MotorManagerC1Ev)
    ReceiverTask::run()                      0x080035ad   Thumb Code    68  receivertask.o(i._ZN12ReceiverTask3runEv)
    ReceiverTask::ReceiverTask()             0x080035f9   Thumb Code    26  receivertask.o(i._ZN12ReceiverTaskC1Ev)
    ReceiverTask::ReceiverTask__sub_object() 0x080035f9   Thumb Code     0  receivertask.o(i._ZN12ReceiverTaskC1Ev)
    DeliverObject::DeliverObject(unsigned char, unsigned char, unsigned char, unsigned char, unsigned char) 0x08003625   Thumb Code    18  deliverobject.o(i._ZN13DeliverObjectC1Ehhhhh)
    DeliverObject::DeliverObject__sub_object(unsigned char, unsigned char, unsigned char, unsigned char, unsigned char) 0x08003625   Thumb Code     0  deliverobject.o(i._ZN13DeliverObjectC1Ehhhhh)
    DeliverManager::deliver(const DeliverObject&, DeliverListener*) 0x08003639   Thumb Code   334  delivermanager.o(i._ZN14DeliverManager7deliverERK13DeliverObjectP15DeliverListener)
    DeliverManager::DeliverManager()         0x08003795   Thumb Code     2  delivermanager.o(i._ZN14DeliverManagerC1Ev)
    DeliverManager::DeliverManager__sub_object() 0x08003795   Thumb Code     0  delivermanager.o(i._ZN14DeliverManagerC1Ev)
    StatusUpdateTask::run()                  0x08003799   Thumb Code   278  statusupdatetask.o(i._ZN16StatusUpdateTask3runEv)
    StatusUpdateTask::StatusUpdateTask()     0x080038c9   Thumb Code    26  statusupdatetask.o(i._ZN16StatusUpdateTaskC1Ev)
    StatusUpdateTask::StatusUpdateTask__sub_object() 0x080038c9   Thumb Code     0  statusupdatetask.o(i._ZN16StatusUpdateTaskC1Ev)
    Task::startFunction(void*)               0x080038f1   Thumb Code    18  task.o(i._ZN4Task13startFunctionEPv)
    Task::start()                            0x08003905   Thumb Code    26  task.o(i._ZN4Task5startEv)
    Task::Task__sub_object(const char*, unsigned long long*, unsigned, osPriority_t) 0x08003925   Thumb Code    38  task.o(i._ZN4TaskC2EPKcPyj12osPriority_t)
    Event::xorCheckSum()                     0x08003951   Thumb Code    34  event.o(i._ZN5Event11xorCheckSumEv)
    Event::getAck(unsigned char*)            0x08003973   Thumb Code    30  event.o(i._ZN5Event6getAckEPh)
    Event::isCorrect()                       0x08003991   Thumb Code    48  event.o(i._ZN5Event9isCorrectEv)
    Event::Event()                           0x080039c1   Thumb Code     8  event.o(i._ZN5EventC1Ev)
    Event::Event__sub_object()               0x080039c1   Thumb Code     0  event.o(i._ZN5EventC1Ev)
    Motor::vDropOutOn(Motor::Dir)            0x080039c9   Thumb Code    14  logevent.o(i._ZN5Motor10vDropOutOnENS_3DirE)
    Motor::vRotateOff()                      0x080039dd   Thumb Code    16  motor.o(i._ZN5Motor10vRotateOffEv)
    Motor::vRotateTo1()                      0x080039f1   Thumb Code    40  motor.o(i._ZN5Motor10vRotateTo1Ev)
    Motor::vDropOutOff()                     0x08003a1d   Thumb Code    16  motor.o(i._ZN5Motor11vDropOutOffEv)
    Motor::vStepSetDir(Motor::Dir)           0x08003a31   Thumb Code    20  motor.o(i._ZN5Motor11vStepSetDirENS_3DirE)
    Motor::vPowerBox1Off()                   0x08003a49   Thumb Code    14  motor.o(i._ZN5Motor13vPowerBox1OffEv)
    Motor::vPowerBox2Off()                   0x08003a5d   Thumb Code    14  motor.o(i._ZN5Motor13vPowerBox2OffEv)
    Motor::vPowerBox3Off()                   0x08003a71   Thumb Code    14  motor.o(i._ZN5Motor13vPowerBox3OffEv)
    Motor::vPowerBox4Off()                   0x08003a85   Thumb Code    14  motor.o(i._ZN5Motor13vPowerBox4OffEv)
    Motor::vPowerBox5Off()                   0x08003a99   Thumb Code    14  motor.o(i._ZN5Motor13vPowerBox5OffEv)
    Motor::vStepToOrigin()                   0x08003aad   Thumb Code    60  motor.o(i._ZN5Motor13vStepToOriginEv)
    Motor::vStepSetEnable(bool)              0x08003af1   Thumb Code    14  motor.o(i._ZN5Motor14vStepSetEnableEb)
    Motor::vSetDir(Motor::Dir)               0x08003b05   Thumb Code    38  motor.o(i._ZN5Motor7vSetDirENS_3DirE)
    Motor::instance()                        0x08003b31   Thumb Code    34  logevent.o(i._ZN5Motor8instanceEv)
    Motor::vPushOff()                        0x08003b5d   Thumb Code    18  motor.o(i._ZN5Motor8vPushOffEv)
    Motor::vYAxisOn(Motor::Dir)              0x08003b75   Thumb Code    16  motor.o(i._ZN5Motor8vYAxisOnENS_3DirE)
    Motor::vYAxisUp()                        0x08003b89   Thumb Code    40  motor.o(i._ZN5Motor8vYAxisUpEv)
    Motor::vRotateOn(Motor::Dir)             0x08003bb5   Thumb Code    14  motor.o(i._ZN5Motor9vRotateOnENS_3DirE)
    Motor::vYAxisOff()                       0x08003bc9   Thumb Code    18  motor.o(i._ZN5Motor9vYAxisOffEv)
    Motor::Motor()                           0x08003be1   Thumb Code    98  motor.o(i._ZN5MotorC1Ev)
    Motor::Motor__sub_object()               0x08003be1   Thumb Code     0  motor.o(i._ZN5MotorC1Ev)
    Sender::Sender(const char*)              0x08003c49   Thumb Code    32  sender.o(i._ZN6SenderC1EPKc)
    Sender::Sender__sub_object(const char*)  0x08003c49   Thumb Code     0  sender.o(i._ZN6SenderC1EPKc)
    LogTask::run()                           0x08003c69   Thumb Code   114  main.o(i._ZN7LogTask3runEv)
    LogUart::write(const unsigned char*, unsigned) 0x08003ce5   Thumb Code    44  loguart.o(i._ZN7LogUart5writeEPKhj)
    LogUart::write(unsigned char)            0x08003d11   Thumb Code    16  loguart.o(i._ZN7LogUart5writeEh)
    LogUart::LogUart()                       0x08003d25   Thumb Code   204  loguart.o(i._ZN7LogUartC1Ev)
    LogUart::LogUart__sub_object()           0x08003d25   Thumb Code     0  loguart.o(i._ZN7LogUartC1Ev)
    LogEvent::testDeliver()                  0x08003e11   Thumb Code    64  logevent.o(i._ZN8LogEvent11testDeliverEv)
    LogEvent::testDropMotor()                0x08003e59   Thumb Code    78  logevent.o(i._ZN8LogEvent13testDropMotorEv)
    LogEvent::testPushMotor()                0x08003ead   Thumb Code    62  logevent.o(i._ZN8LogEvent13testPushMotorEv)
    LogEvent::testStepMotor()                0x08003eeb   Thumb Code   154  logevent.o(i._ZN8LogEvent13testStepMotorEv)
    LogEvent::testYAxisMotor()               0x08003f85   Thumb Code    48  logevent.o(i._ZN8LogEvent14testYAxisMotorEv)
    LogEvent::testElectorLock()              0x08003fb5   Thumb Code    52  logevent.o(i._ZN8LogEvent15testElectorLockEv)
    LogEvent::testPowerBoxMotor()            0x08003fed   Thumb Code    96  logevent.o(i._ZN8LogEvent17testPowerBoxMotorEv)
    LogEvent::testRotationMotor()            0x0800404d   Thumb Code    92  logevent.o(i._ZN8LogEvent17testRotationMotorEv)
    LogEvent::test()                         0x080040ad   Thumb Code    56  logevent.o(i._ZN8LogEvent4testEv)
    LogEvent::error()                        0x080040e5   Thumb Code     4  logevent.o(i._ZN8LogEvent5errorEv)
    MainUart::write(const unsigned char*, unsigned short) 0x080040ed   Thumb Code    46  mainuart.o(i._ZN8MainUart5writeEPKht)
    MainUart::write(unsigned char)           0x0800411d   Thumb Code    16  mainuart.o(i._ZN8MainUart5writeEh)
    MainUart::MainUart()                     0x08004131   Thumb Code   220  mainuart.o(i._ZN8MainUartC1Ev)
    MainUart::MainUart__sub_object()         0x08004131   Thumb Code     0  mainuart.o(i._ZN8MainUartC1Ev)
    Receiver::Receiver(const char*, unsigned long long*, unsigned, unsigned) 0x08004235   Thumb Code    54  receiver.o(i._ZN8ReceiverC1EPKcPyjj)
    Receiver::Receiver__sub_object(const char*, unsigned long long*, unsigned, unsigned) 0x08004235   Thumb Code     0  receiver.o(i._ZN8ReceiverC1EPKcPyjj)
    MainEvent::exec(BaseOutput&)             0x0800426d   Thumb Code   108  mainevent.o(i._ZN9MainEvent4execER10BaseOutput)
    MainEvent::deliver(BaseOutput&, unsigned char, unsigned char, unsigned char, unsigned char, unsigned char) 0x080042dd   Thumb Code   610  mainevent.o(i._ZN9MainEvent7deliverER10BaseOutputhhhhh)
    StartTask::run()                         0x08004549   Thumb Code   158  main.o(i._ZN9StartTask3runEv)
    __cxa_guard_acquire                      0x08004611   Thumb Code    16  cxa_guard_acquire.o(i.__cxa_guard_acquire)
    __cxa_pure_virtual                       0x08004621   Thumb Code     6  pure_virt.o(i.__cxa_pure_virtual)
    _mutex_acquire                           0x08004641   Thumb Code    28  rtx_lib.o(i._mutex_acquire)
    _mutex_free                              0x0800465d   Thumb Code     6  rtx_lib.o(i._mutex_free)
    _mutex_initialize                        0x08004663   Thumb Code    30  rtx_lib.o(i._mutex_initialize)
    _mutex_release                           0x08004681   Thumb Code    24  rtx_lib.o(i._mutex_release)
    _platform_post_stackheap_init            0x08004699   Thumb Code     4  rtx_lib.o(i._platform_post_stackheap_init)
    main                                     0x0800469d   Thumb Code    66  main.o(i.main)
    osRtxErrorNotify                         0x080046f1   Thumb Code     2  rtx_config.o(i.osRtxErrorNotify)
    osRtxIdleThread                          0x080046f3   Thumb Code     2  rtx_config.o(i.osRtxIdleThread)
    _fp_init                                 0x08004715   Thumb Code    10  fpinit.o(x$fpl$fpinit)
    __fplib_config_fpu_vfp                   0x0800471d   Thumb Code     0  fpinit.o(x$fpl$fpinit)
    __fplib_config_pureend_doubles           0x0800471d   Thumb Code     0  fpinit.o(x$fpl$fpinit)
    osRtxUserSVC                             0x08004790   Data           4  rtx_lib.o(.constdata)
    vtable for ReceiverTask                  0x08004794   Data          12  receivertask.o(.constdata__ZTV12ReceiverTask)
    vtable for StatusUpdateTask              0x080047a0   Data          12  statusupdatetask.o(.constdata__ZTV16StatusUpdateTask)
    vtable for Task                          0x080047ac   Data          12  task.o(.constdata__ZTV4Task)
    vtable for LogTask                       0x080047b8   Data          12  main.o(.constdata__ZTV7LogTask)
    vtable for MainUart                      0x080047c4   Data          12  mainuart.o(.constdata__ZTV8MainUart)
    vtable for StartTask                     0x080047d0   Data          12  main.o(.constdata__ZTV9StartTask)
    LogTask::LogTask()::string               0x080047dc   Data           4  main.o(.constdata__ZZN7LogTaskC1EvEs)
    StartTask::StartTask()::string           0x080047e0   Data           6  main.o(.constdata__ZZN9StartTaskC1EvEs)
    osRtxConfig                              0x080047e8   Data         104  rtx_lib.o(.rodata)
    Region$$Table$$Base                      0x0800485c   Number         0  anon$$obj.o(Region$$Table)
    Region$$Table$$Limit                     0x0800487c   Number         0  anon$$obj.o(Region$$Table)
    SHT$$INIT_ARRAY$$Base                    0x0800487c   Number         0  loguart.o(.init_array)
    SHT$$INIT_ARRAY$$Limit                   0x08004884   Number         0  init_aeabi.o(.init_array)
    SystemCoreClock                          0x20001350   Data           4  system_stm32f4xx.o(.data)
    AHBPrescTable                            0x20001354   Data          16  system_stm32f4xx.o(.data)
    osRtxInfo                                0x20001380   Data         168  rtx_kernel.o(.data.os)
    guard variable for CurrentAdc::instance()::adc 0x20001428   Data           4  main.o(.data__ZZN10CurrentAdc8instanceEvE3adc)
    CurrentAdc::instance()::adc              0x2000142c   Data           1  main.o(.data__ZZN10CurrentAdc8instanceEvE3adc)
    guard variable for MotorManager::instance()::man 0x20001430   Data           4  main.o(.data__ZZN12MotorManager8instanceEvE3man)
    MotorManager::instance()::man            0x20001434   Data           4  main.o(.data__ZZN12MotorManager8instanceEvE3man)
    guard variable for ReceiverTask::instance()::task 0x20001438   Data           4  main.o(.data__ZZN12ReceiverTask8instanceEvE4task)
    guard variable for DeliverManager::instance()::man 0x2000143c   Data           4  logevent.o(.data__ZZN14DeliverManager8instanceEvE3man)
    DeliverManager::instance()::man          0x20001440   Data           1  logevent.o(.data__ZZN14DeliverManager8instanceEvE3man)
    guard variable for StatusUpdateTask::instance()::INSTANCE 0x20001444   Data           4  main.o(.data__ZZN16StatusUpdateTask8instanceEvE8INSTANCE)
    guard variable for Motor::instance()::moto 0x20001448   Data           4  logevent.o(.data__ZZN5Motor8instanceEvE4moto)
    Motor::instance()::moto                  0x2000144c   Data           4  logevent.o(.data__ZZN5Motor8instanceEvE4moto)
    guard variable for LogTask::instance()::task 0x20001450   Data           4  main.o(.data__ZZN7LogTask8instanceEvE4task)
    guard variable for LogUart::instance()::uart 0x20001454   Data           4  main.o(.data__ZZN7LogUart8instanceEvE4uart)
    guard variable for MainUart::instance()::uart 0x20001458   Data           4  receivertask.o(.data__ZZN8MainUart8instanceEvE4uart)
    guard variable for StartTask::instance()::task 0x2000145c   Data           4  main.o(.data__ZZN9StartTask8instanceEvE4task)
    __libspace_start                         0x20001948   Data          96  libspace.o(.bss)
    ReceiverTask::instance()::task           0x200019a8   Data        1144  main.o(.bss__ZZN12ReceiverTask8instanceEvE4task)
    __temporary_stack_top$libspace           0x200019a8   Data           0  libspace.o(.bss)
    StatusUpdateTask::instance()::INSTANCE   0x20001e20   Data         632  main.o(.bss__ZZN16StatusUpdateTask8instanceEvE8INSTANCE)
    LogTask::instance()::task                0x20002098   Data         632  main.o(.bss__ZZN7LogTask8instanceEvE4task)
    LogUart::instance()::uart                0x20002310   Data         544  main.o(.bss__ZZN7LogUart8instanceEvE4uart)
    MainUart::instance()::uart               0x20002530   Data         568  receivertask.o(.bss__ZZN8MainUart8instanceEvE4uart)
    StartTask::instance()::task              0x20002768   Data         632  main.o(.bss__ZZN9StartTask8instanceEvE4task)



==============================================================================

Memory Map of the image

  Image Entry point : 0x08000189

  Load Region LR_IROM1 (Base: 0x08000000, Size: 0x00005ce4, Max: 0x00080000, ABSOLUTE, COMPRESSED[0x000048c4])

    Execution Region ER_IROM1 (Base: 0x08000000, Size: 0x00004884, Max: 0x00080000, ABSOLUTE)

    Base Addr    Size         Type   Attr      Idx    E Section Name        Object

    0x08000000   0x00000188   Data   RO           66    RESET               startup_stm32f40_41xxx.o
    0x08000188   0x00000008   Code   RO         2428  * !!!main             c_w.l(__main.o)
    0x08000190   0x00000034   Code   RO         3017    !!!scatter          c_w.l(__scatter.o)
    0x080001c4   0x0000003a   Code   RO         3015    !!dczerorl          c_w.l(__dczerorl.o)
    0x080001fe   0x00000002   PAD
    0x08000200   0x0000001c   Code   RO         3019    !!handler_zi        c_w.l(__scatter_zi.o)
    0x0800021c   0x00000002   Code   RO         2883    .ARM.Collect$$libinit$$00000000  c_w.l(libinit.o)
    0x0800021e   0x00000004   Code   RO         2649    .ARM.Collect$$libinit$$00000001  c_w.l(libinit2.o)
    0x08000222   0x00000000   Code   RO         2652    .ARM.Collect$$libinit$$00000004  c_w.l(libinit2.o)
    0x08000222   0x00000000   Code   RO         2655    .ARM.Collect$$libinit$$0000000A  c_w.l(libinit2.o)
    0x08000222   0x00000000   Code   RO         2657    .ARM.Collect$$libinit$$0000000C  c_w.l(libinit2.o)
    0x08000222   0x00000000   Code   RO         2659    .ARM.Collect$$libinit$$0000000E  c_w.l(libinit2.o)
    0x08000222   0x00000000   Code   RO         2662    .ARM.Collect$$libinit$$00000011  c_w.l(libinit2.o)
    0x08000222   0x00000000   Code   RO         2664    .ARM.Collect$$libinit$$00000013  c_w.l(libinit2.o)
    0x08000222   0x00000000   Code   RO         2666    .ARM.Collect$$libinit$$00000015  c_w.l(libinit2.o)
    0x08000222   0x00000000   Code   RO         2668    .ARM.Collect$$libinit$$00000017  c_w.l(libinit2.o)
    0x08000222   0x00000000   Code   RO         2670    .ARM.Collect$$libinit$$00000019  c_w.l(libinit2.o)
    0x08000222   0x00000000   Code   RO         2672    .ARM.Collect$$libinit$$0000001B  c_w.l(libinit2.o)
    0x08000222   0x00000000   Code   RO         2674    .ARM.Collect$$libinit$$0000001D  c_w.l(libinit2.o)
    0x08000222   0x00000000   Code   RO         2676    .ARM.Collect$$libinit$$0000001F  c_w.l(libinit2.o)
    0x08000222   0x00000000   Code   RO         2678    .ARM.Collect$$libinit$$00000021  c_w.l(libinit2.o)
    0x08000222   0x00000000   Code   RO         2680    .ARM.Collect$$libinit$$00000023  c_w.l(libinit2.o)
    0x08000222   0x00000000   Code   RO         2682    .ARM.Collect$$libinit$$00000025  c_w.l(libinit2.o)
    0x08000222   0x00000000   Code   RO         2686    .ARM.Collect$$libinit$$0000002C  c_w.l(libinit2.o)
    0x08000222   0x00000000   Code   RO         2688    .ARM.Collect$$libinit$$0000002E  c_w.l(libinit2.o)
    0x08000222   0x00000000   Code   RO         2690    .ARM.Collect$$libinit$$00000030  c_w.l(libinit2.o)
    0x08000222   0x00000004   Code   RO         2691    .ARM.Collect$$libinit$$00000031  c_w.l(libinit2.o)
    0x08000226   0x00000000   Code   RO         2692    .ARM.Collect$$libinit$$00000032  c_w.l(libinit2.o)
    0x08000226   0x00000002   Code   RO         2693    .ARM.Collect$$libinit$$00000033  c_w.l(libinit2.o)
    0x08000228   0x00000002   Code   RO         2992    .ARM.Collect$$libshutdown$$00000000  c_w.l(libshutdown.o)
    0x0800022a   0x00000000   Code   RO         2998    .ARM.Collect$$libshutdown$$00000002  c_w.l(libshutdown2.o)
    0x0800022a   0x00000000   Code   RO         3000    .ARM.Collect$$libshutdown$$00000004  c_w.l(libshutdown2.o)
    0x0800022a   0x00000000   Code   RO         3003    .ARM.Collect$$libshutdown$$00000007  c_w.l(libshutdown2.o)
    0x0800022a   0x00000000   Code   RO         3006    .ARM.Collect$$libshutdown$$0000000A  c_w.l(libshutdown2.o)
    0x0800022a   0x00000000   Code   RO         3008    .ARM.Collect$$libshutdown$$0000000C  c_w.l(libshutdown2.o)
    0x0800022a   0x00000000   Code   RO         3011    .ARM.Collect$$libshutdown$$0000000F  c_w.l(libshutdown2.o)
    0x0800022a   0x00000002   Code   RO         3012    .ARM.Collect$$libshutdown$$00000010  c_w.l(libshutdown2.o)
    0x0800022c   0x00000000   Code   RO         2551    .ARM.Collect$$rtentry$$00000000  c_w.l(__rtentry.o)
    0x0800022c   0x00000000   Code   RO         2710    .ARM.Collect$$rtentry$$00000002  c_w.l(__rtentry2.o)
    0x0800022c   0x00000006   Code   RO         2722    .ARM.Collect$$rtentry$$00000004  c_w.l(__rtentry4.o)
    0x08000232   0x00000008   Code   RO         2711    .ARM.Collect$$rtentry$$00000008  c_w.l(__rtentry2.o)
    0x0800023a   0x00000004   Code   RO         2713    .ARM.Collect$$rtentry$$0000000A  c_w.l(__rtentry2.o)
    0x0800023e   0x00000000   Code   RO         2715    .ARM.Collect$$rtentry$$0000000C  c_w.l(__rtentry2.o)
    0x0800023e   0x00000008   Code   RO         2716    .ARM.Collect$$rtentry$$0000000D  c_w.l(__rtentry2.o)
    0x08000246   0x00000002   Code   RO         2902    .ARM.Collect$$rtexit$$00000000  c_w.l(rtexit.o)
    0x08000248   0x00000000   Code   RO         2957    .ARM.Collect$$rtexit$$00000002  c_w.l(rtexit2.o)
    0x08000248   0x00000004   Code   RO         2958    .ARM.Collect$$rtexit$$00000003  c_w.l(rtexit2.o)
    0x0800024c   0x00000006   Code   RO         2959    .ARM.Collect$$rtexit$$00000004  c_w.l(rtexit2.o)
    0x08000252   0x00000002   PAD
    0x08000254   0x0000003c   Code   RO           67    .text               startup_stm32f40_41xxx.o
    0x08000290   0x000000b8   Code   RO         2270    .text               RTX_CM4F.lib(irq_cm4f.o)
    0x08000348   0x0000008a   Code   RO         2418    .text               c_w.l(rt_memcpy_v6.o)
    0x080003d2   0x00000010   Code   RO         2420    .text               c_w.l(aeabi_memset4.o)
    0x080003e2   0x00000044   Code   RO         2422    .text               c_w.l(rt_memclr.o)
    0x08000426   0x0000004e   Code   RO         2424    .text               c_w.l(rt_memclr_w.o)
    0x08000474   0x00000006   Code   RO         2426    .text               c_w.l(heapauxi.o)
    0x0800047a   0x00000002   PAD
    0x0800047c   0x00000024   Code   RO         2433    .text               c_w.l(init_aeabi.o)
    0x080004a0   0x0000000e   Code   RO         2643    .text               c_w.l(defsig_pvfn_outer.o)
    0x080004ae   0x00000064   Code   RO         2647    .text               c_w.l(rt_memcpy_w.o)
    0x08000512   0x0000000a   Code   RO         2741    .text               c_w.l(defsig_exit.o)
    0x0800051c   0x00000030   Code   RO         2743    .text               c_w.l(defsig_pvfn_inner.o)
    0x0800054c   0x0000000c   Code   RO         2762    .text               c_w.l(sys_exit.o)
    0x08000558   0x0000004a   Code   RO         2764    .text               c_w.l(sys_stackheap_outer.o)
    0x080005a2   0x00000012   Code   RO         2868    .text               c_w.l(exit.o)
    0x080005b4   0x00000032   Code   RO         2874    .text               c_w.l(defsig_general.o)
    0x080005e6   0x0000000e   Code   RO         2892    .text               c_w.l(sys_wrch.o)
    0x080005f4   0x00000008   Code   RO         2896    .text               c_w.l(libspace.o)
    0x080005fc   0x00000002   Code   RO         2899    .text               c_w.l(use_no_semi.o)
    0x080005fe   0x00000000   Code   RO         2901    .text               c_w.l(indicate_semi.o)
    0x080005fe   0x00000002   PAD
    0x08000600   0x00000024   Code   RO         2165    .text.osDelay       RTX_CM4F.lib(rtx_delay.o)
    0x08000624   0x0000003a   Code   RO         1994    .text.osKernelGetState  RTX_CM4F.lib(rtx_kernel.o)
    0x0800065e   0x00000002   PAD
    0x08000660   0x00000044   Code   RO         1990    .text.osKernelInitialize  RTX_CM4F.lib(rtx_kernel.o)
    0x080006a4   0x00000044   Code   RO         1996    .text.osKernelStart  RTX_CM4F.lib(rtx_kernel.o)
    0x080006e8   0x000000b4   Code   RO         2245    .text.osMessageQueueGet  RTX_CM4F.lib(rtx_msgqueue.o)
    0x0800079c   0x00000042   Code   RO         2239    .text.osMessageQueueNew  RTX_CM4F.lib(rtx_msgqueue.o)
    0x080007de   0x00000002   PAD
    0x080007e0   0x00000084   Code   RO         2243    .text.osMessageQueuePut  RTX_CM4F.lib(rtx_msgqueue.o)
    0x08000864   0x00000024   Code   RO         2198    .text.osMutexAcquire  RTX_CM4F.lib(rtx_mutex.o)
    0x08000888   0x00000024   Code   RO         2204    .text.osMutexDelete  RTX_CM4F.lib(rtx_mutex.o)
    0x080008ac   0x00000042   Code   RO         2194    .text.osMutexNew    RTX_CM4F.lib(rtx_mutex.o)
    0x080008ee   0x00000002   PAD
    0x080008f0   0x00000024   Code   RO         2200    .text.osMutexRelease  RTX_CM4F.lib(rtx_mutex.o)
    0x08000914   0x0000006e   Code   RO         2316    .text.osRtxMemoryAlloc  RTX_CM4F.lib(rtx_memory.o)
    0x08000982   0x00000002   PAD
    0x08000984   0x00000058   Code   RO         2318    .text.osRtxMemoryFree  RTX_CM4F.lib(rtx_memory.o)
    0x080009dc   0x00000030   Code   RO         2314    .text.osRtxMemoryInit  RTX_CM4F.lib(rtx_memory.o)
    0x08000a0c   0x0000004c   Code   RO         2333    .text.osRtxMemoryPoolAlloc  RTX_CM4F.lib(rtx_mempool.o)
    0x08000a58   0x0000005a   Code   RO         2335    .text.osRtxMemoryPoolFree  RTX_CM4F.lib(rtx_mempool.o)
    0x08000ab2   0x00000002   PAD
    0x08000ab4   0x00000050   Code   RO         2331    .text.osRtxMemoryPoolInit  RTX_CM4F.lib(rtx_mempool.o)
    0x08000b04   0x000001be   Code   RO         2217    .text.osRtxMessageQueuePostProcess  RTX_CM4F.lib(rtx_msgqueue.o)
    0x08000cc2   0x00000002   PAD
    0x08000cc4   0x0000004c   Code   RO         2180    .text.osRtxMutexOwnerRelease  RTX_CM4F.lib(rtx_mutex.o)
    0x08000d10   0x000000a8   Code   RO         2390    .text.osRtxPendSV_Handler  RTX_CM4F.lib(rtx_system.o)
    0x08000db8   0x00000078   Code   RO         2392    .text.osRtxPostProcess  RTX_CM4F.lib(rtx_system.o)
    0x08000e30   0x0000000c   Code   RO         2388    .text.osRtxSysTimerAckIRQ  RTX_CM4F.lib(rtx_system.o)
    0x08000e3c   0x0000000e   Code   RO         2396    .text.osRtxSysTimerEnable  RTX_CM4F.lib(rtx_system.o)
    0x08000e4a   0x00000002   PAD
    0x08000e4c   0x0000003a   Code   RO         2394    .text.osRtxSysTimerSetup  RTX_CM4F.lib(rtx_system.o)
    0x08000e86   0x00000002   PAD
    0x08000e88   0x00000088   Code   RO         2048    .text.osRtxThreadDelayTick  RTX_CM4F.lib(rtx_thread.o)
    0x08000f10   0x00000158   Code   RO         2058    .text.osRtxThreadDispatch  RTX_CM4F.lib(rtx_thread.o)
    0x08001068   0x0000001a   Code   RO         2032    .text.osRtxThreadListGet  RTX_CM4F.lib(rtx_thread.o)
    0x08001082   0x00000002   PAD
    0x08001084   0x00000038   Code   RO         2030    .text.osRtxThreadListPut  RTX_CM4F.lib(rtx_thread.o)
    0x080010bc   0x0000001a   Code   RO         2038    .text.osRtxThreadListRemove  RTX_CM4F.lib(rtx_thread.o)
    0x080010d6   0x00000002   PAD
    0x080010d8   0x00000060   Code   RO         2036    .text.osRtxThreadListSort  RTX_CM4F.lib(rtx_thread.o)
    0x08001138   0x0000008c   Code   RO         2064    .text.osRtxThreadPostProcess  RTX_CM4F.lib(rtx_thread.o)
    0x080011c4   0x00000048   Code   RO         2042    .text.osRtxThreadReadyPut  RTX_CM4F.lib(rtx_thread.o)
    0x0800120c   0x00000014   Code   RO         2050    .text.osRtxThreadRegPtr  RTX_CM4F.lib(rtx_thread.o)
    0x08001220   0x0000002e   Code   RO         2056    .text.osRtxThreadStackCheck  RTX_CM4F.lib(rtx_thread.o)
    0x0800124e   0x00000002   PAD
    0x08001250   0x00000012   Code   RO         2054    .text.osRtxThreadSwitch  RTX_CM4F.lib(rtx_thread.o)
    0x08001262   0x00000002   PAD
    0x08001264   0x000000e2   Code   RO         2062    .text.osRtxThreadWaitEnter  RTX_CM4F.lib(rtx_thread.o)
    0x08001346   0x00000002   PAD
    0x08001348   0x000000ce   Code   RO         2060    .text.osRtxThreadWaitExit  RTX_CM4F.lib(rtx_thread.o)
    0x08001416   0x00000002   PAD
    0x08001418   0x00000078   Code   RO         2386    .text.osRtxTick_Handler  RTX_CM4F.lib(rtx_system.o)
    0x08001490   0x000000aa   Code   RO         2275    .text.osRtxTimerTick  RTX_CM4F.lib(rtx_timer.o)
    0x0800153a   0x00000002   PAD
    0x0800153c   0x0000000e   Code   RO         2068    .text.osThreadExit  RTX_CM4F.lib(rtx_thread.o)
    0x0800154a   0x00000002   PAD
    0x0800154c   0x00000042   Code   RO         2110    .text.osThreadNew   RTX_CM4F.lib(rtx_thread.o)
    0x0800158e   0x00000002   PAD
    0x08001590   0x00000024   Code   RO         2136    .text.osThreadTerminate  RTX_CM4F.lib(rtx_thread.o)
    0x080015b4   0x00000014   Code   RO         2161    .text.svcRtxDelay   RTX_CM4F.lib(rtx_delay.o)
    0x080015c8   0x0000000c   Code   RO         1968    .text.svcRtxKernelGetState  RTX_CM4F.lib(rtx_kernel.o)
    0x080015d4   0x000001ac   Code   RO         1964    .text.svcRtxKernelInitialize  RTX_CM4F.lib(rtx_kernel.o)
    0x08001780   0x00000096   Code   RO         1970    .text.svcRtxKernelStart  RTX_CM4F.lib(rtx_kernel.o)
    0x08001816   0x00000002   PAD
    0x08001818   0x0000019a   Code   RO         2225    .text.svcRtxMessageQueueGet  RTX_CM4F.lib(rtx_msgqueue.o)
    0x080019b2   0x00000002   PAD
    0x080019b4   0x00000160   Code   RO         2219    .text.svcRtxMessageQueueNew  RTX_CM4F.lib(rtx_msgqueue.o)
    0x08001b14   0x00000118   Code   RO         2223    .text.svcRtxMessageQueuePut  RTX_CM4F.lib(rtx_msgqueue.o)
    0x08001c2c   0x0000009e   Code   RO         2186    .text.svcRtxMutexAcquire  RTX_CM4F.lib(rtx_mutex.o)
    0x08001cca   0x00000002   PAD
    0x08001ccc   0x000000d6   Code   RO         2192    .text.svcRtxMutexDelete  RTX_CM4F.lib(rtx_mutex.o)
    0x08001da2   0x00000002   PAD
    0x08001da4   0x00000072   Code   RO         2182    .text.svcRtxMutexNew  RTX_CM4F.lib(rtx_mutex.o)
    0x08001e16   0x00000002   PAD
    0x08001e18   0x000000c8   Code   RO         2188    .text.svcRtxMutexRelease  RTX_CM4F.lib(rtx_mutex.o)
    0x08001ee0   0x000000ba   Code   RO         2094    .text.svcRtxThreadExit  RTX_CM4F.lib(rtx_thread.o)
    0x08001f9a   0x00000002   PAD
    0x08001f9c   0x00000240   Code   RO         2066    .text.svcRtxThreadNew  RTX_CM4F.lib(rtx_thread.o)
    0x080021dc   0x000001f4   Code   RO         2096    .text.svcRtxThreadTerminate  RTX_CM4F.lib(rtx_thread.o)
    0x080023d0   0x000000b4   Code   RO            4    i.SetSysClock       system_stm32f4xx.o
    0x08002484   0x0000005c   Code   RO            6    i.SystemInit        system_stm32f4xx.o
    0x080024e0   0x000000b0   Code   RO         1146    i.UART4_IRQHandler  mainuart.o
    0x08002590   0x000000b0   Code   RO          443    i.USART3_IRQHandler  loguart.o
    0x08002640   0x000000fc   Code   RO          534    i._Z8initGpiov      motor.o
    0x0800273c   0x00000024   Code   RO         1778    i._ZN10BaseOutput13buildAndWriteEv  baseoutput.o
    0x08002760   0x00000010   Code   RO         1779    i._ZN10BaseOutput3ackEv  baseoutput.o
    0x08002770   0x00000010   Code   RO         1780    i._ZN10BaseOutput3nckEv  baseoutput.o
    0x08002780   0x00000040   Code   RO         1781    i._ZN10BaseOutput5buildEPh  baseoutput.o
    0x080027c0   0x00000012   Code   RO          370    i._ZN10BaseOutput7append1Eh  statusupdatetask.o
    0x080027d2   0x00000008   Code   RO         1525    i._ZN10BaseOutput9setActionEh  mainevent.o
    0x080027da   0x00000002   PAD
    0x080027dc   0x0000002c   Code   RO          995    i._ZN10CurrentAdc8instanceEv  motormanager.o
    0x08002808   0x0000000c   Code   RO         1219    i._ZN10CurrentAdc9xGetValueEv  currentadc.o
    0x08002814   0x000000c4   Code   RO         1220    i._ZN10CurrentAdcC1Ev  currentadc.o
    0x080028d8   0x00000018   Code   RO         1019    i._ZN12MotorManager10isPowerLrtEv  motormanager.o
    0x080028f0   0x00000016   Code   RO         1007    i._ZN12MotorManager10isYAxisLrtEv  motormanager.o
    0x08002906   0x00000010   Code   RO         1422    i._ZN12MotorManager10xStepForMmEj  logevent.o
    0x08002916   0x00000002   PAD
    0x08002918   0x00000064   Code   RO          834    i._ZN12MotorManager10xYAxisToUpEj  motormanager.o
    0x0800297c   0x00000018   Code   RO          835    i._ZN12MotorManager11vStepSetDirENS_3DirE  motormanager.o
    0x08002994   0x00000064   Code   RO          836    i._ZN12MotorManager12xYAxisToDownEj  motormanager.o
    0x080029f8   0x00000078   Code   RO          837    i._ZN12MotorManager13xStepForStepsEj  motormanager.o
    0x08002a70   0x00000048   Code   RO          838    i._ZN12MotorManager13xStepToOriginEv  motormanager.o
    0x08002ab8   0x0000005c   Code   RO          839    i._ZN12MotorManager14xPowerBox1TestEj  motormanager.o
    0x08002b14   0x00000064   Code   RO          840    i._ZN12MotorManager14xPowerBox2TestEj  motormanager.o
    0x08002b78   0x0000005c   Code   RO          841    i._ZN12MotorManager14xPowerBox3TestEj  motormanager.o
    0x08002bd4   0x0000005c   Code   RO          842    i._ZN12MotorManager14xPowerBox4TestEj  motormanager.o
    0x08002c30   0x0000005c   Code   RO          843    i._ZN12MotorManager14xPowerBox5TestEj  motormanager.o
    0x08002c8c   0x00000064   Code   RO          844    i._ZN12MotorManager15xRotationToOpenEj  motormanager.o
    0x08002cf0   0x000000f4   Code   RO          845    i._ZN12MotorManager16xPowerBox1ToggleEj  motormanager.o
    0x08002de4   0x000000f4   Code   RO          846    i._ZN12MotorManager16xPowerBox2ToggleEj  motormanager.o
    0x08002ed8   0x000000f4   Code   RO          847    i._ZN12MotorManager16xPowerBox3ToggleEj  motormanager.o
    0x08002fcc   0x000000f4   Code   RO          848    i._ZN12MotorManager16xPowerBox4ToggleEj  motormanager.o
    0x080030c0   0x000000f4   Code   RO          849    i._ZN12MotorManager16xPowerBox5ToggleEj  motormanager.o
    0x080031b4   0x00000064   Code   RO          850    i._ZN12MotorManager16xRotationToCloseEj  motormanager.o
    0x08003218   0x00000064   Code   RO          851    i._ZN12MotorManager16xRotationToOpen2Ej  motormanager.o
    0x0800327c   0x00000010   Code   RO         1025    i._ZN12MotorManager18isPowerBox1CheckedEv  motormanager.o
    0x0800328c   0x00000010   Code   RO         1031    i._ZN12MotorManager18isPowerBox2CheckedEv  motormanager.o
    0x0800329c   0x00000010   Code   RO         1037    i._ZN12MotorManager18isPowerBox3CheckedEv  motormanager.o
    0x080032ac   0x00000010   Code   RO         1043    i._ZN12MotorManager18isPowerBox4CheckedEv  motormanager.o
    0x080032bc   0x00000010   Code   RO         1049    i._ZN12MotorManager18isPowerBox5CheckedEv  motormanager.o
    0x080032cc   0x0000002c   Code   RO          852    i._ZN12MotorManager7vSetDirENS_3DirE  motormanager.o
    0x080032f8   0x0000002c   Code   RO           95    i._ZN12MotorManager8instanceEv  main.o
    0x08003324   0x00000068   Code   RO          853    i._ZN12MotorManager8xDropOutEj  motormanager.o
    0x0800338c   0x00000016   Code   RO         1013    i._ZN12MotorManager9isDoorLrtEv  motormanager.o
    0x080033a2   0x00000018   Code   RO         1001    i._ZN12MotorManager9isPushLrtEv  motormanager.o
    0x080033ba   0x00000002   PAD
    0x080033bc   0x00000084   Code   RO          854    i._ZN12MotorManager9vInitGpioEv  motormanager.o
    0x08003440   0x00000064   Code   RO          855    i._ZN12MotorManager9xPushBackEj  motormanager.o
    0x080034a4   0x000000cc   Code   RO          856    i._ZN12MotorManager9xPushNextEj  motormanager.o
    0x08003570   0x0000003c   Code   RO          857    i._ZN12MotorManagerC1Ev  motormanager.o
    0x080035ac   0x0000004c   Code   RO          269    i._ZN12ReceiverTask3runEv  receivertask.o
    0x080035f8   0x0000002c   Code   RO          270    i._ZN12ReceiverTaskC1Ev  receivertask.o
    0x08003624   0x00000012   Code   RO         1754    i._ZN13DeliverObjectC1Ehhhhh  deliverobject.o
    0x08003636   0x00000002   PAD
    0x08003638   0x0000015c   Code   RO         1614    i._ZN14DeliverManager7deliverERK13DeliverObjectP15DeliverListener  delivermanager.o
    0x08003794   0x00000002   Code   RO         1615    i._ZN14DeliverManagerC1Ev  delivermanager.o
    0x08003796   0x00000002   PAD
    0x08003798   0x00000130   Code   RO          344    i._ZN16StatusUpdateTask3runEv  statusupdatetask.o
    0x080038c8   0x00000028   Code   RO          345    i._ZN16StatusUpdateTaskC1Ev  statusupdatetask.o
    0x080038f0   0x00000012   Code   RO          220    i._ZN4Task13startFunctionEPv  task.o
    0x08003902   0x00000002   PAD
    0x08003904   0x00000020   Code   RO          222    i._ZN4Task5startEv  task.o
    0x08003924   0x0000002c   Code   RO          223    i._ZN4TaskC2EPKcPyj12osPriority_t  task.o
    0x08003950   0x00000022   Code   RO         1268    i._ZN5Event11xorCheckSumEv  event.o
    0x08003972   0x0000001e   Code   RO         1269    i._ZN5Event6getAckEPh  event.o
    0x08003990   0x00000030   Code   RO         1270    i._ZN5Event9isCorrectEv  event.o
    0x080039c0   0x00000008   Code   RO         1272    i._ZN5EventC1Ev     event.o
    0x080039c8   0x00000014   Code   RO         1416    i._ZN5Motor10vDropOutOnENS_3DirE  logevent.o
    0x080039dc   0x00000014   Code   RO          696    i._ZN5Motor10vRotateOffEv  motor.o
    0x080039f0   0x0000002c   Code   RO          536    i._ZN5Motor10vRotateTo1Ev  motor.o
    0x08003a1c   0x00000014   Code   RO          684    i._ZN5Motor11vDropOutOffEv  motor.o
    0x08003a30   0x00000018   Code   RO          540    i._ZN5Motor11vStepSetDirENS_3DirE  motor.o
    0x08003a48   0x00000014   Code   RO          726    i._ZN5Motor13vPowerBox1OffEv  motor.o
    0x08003a5c   0x00000014   Code   RO          732    i._ZN5Motor13vPowerBox2OffEv  motor.o
    0x08003a70   0x00000014   Code   RO          738    i._ZN5Motor13vPowerBox3OffEv  motor.o
    0x08003a84   0x00000014   Code   RO          744    i._ZN5Motor13vPowerBox4OffEv  motor.o
    0x08003a98   0x00000014   Code   RO          750    i._ZN5Motor13vPowerBox5OffEv  motor.o
    0x08003aac   0x00000044   Code   RO          548    i._ZN5Motor13vStepToOriginEv  motor.o
    0x08003af0   0x00000014   Code   RO          550    i._ZN5Motor14vStepSetEnableEb  motor.o
    0x08003b04   0x0000002c   Code   RO          553    i._ZN5Motor7vSetDirENS_3DirE  motor.o
    0x08003b30   0x0000002c   Code   RO         1410    i._ZN5Motor8instanceEv  logevent.o
    0x08003b5c   0x00000018   Code   RO          720    i._ZN5Motor8vPushOffEv  motor.o
    0x08003b74   0x00000014   Code   RO          702    i._ZN5Motor8vYAxisOnENS_3DirE  motor.o
    0x08003b88   0x0000002c   Code   RO          554    i._ZN5Motor8vYAxisUpEv  motor.o
    0x08003bb4   0x00000014   Code   RO          690    i._ZN5Motor9vRotateOnENS_3DirE  motor.o
    0x08003bc8   0x00000018   Code   RO          708    i._ZN5Motor9vYAxisOffEv  motor.o
    0x08003be0   0x00000068   Code   RO          556    i._ZN5MotorC1Ev     motor.o
    0x08003c48   0x00000020   Code   RO         1321    i._ZN6SenderC1EPKc  sender.o
    0x08003c68   0x0000007c   Code   RO          127    i._ZN7LogTask3runEv  main.o
    0x08003ce4   0x0000002c   Code   RO          445    i._ZN7LogUart5writeEPKhj  loguart.o
    0x08003d10   0x00000014   Code   RO          446    i._ZN7LogUart5writeEh  loguart.o
    0x08003d24   0x000000ec   Code   RO          447    i._ZN7LogUartC1Ev   loguart.o
    0x08003e10   0x00000048   Code   RO         1336    i._ZN8LogEvent11testDeliverEv  logevent.o
    0x08003e58   0x00000054   Code   RO         1337    i._ZN8LogEvent13testDropMotorEv  logevent.o
    0x08003eac   0x0000003e   Code   RO         1338    i._ZN8LogEvent13testPushMotorEv  logevent.o
    0x08003eea   0x0000009a   Code   RO         1339    i._ZN8LogEvent13testStepMotorEv  logevent.o
    0x08003f84   0x00000030   Code   RO         1340    i._ZN8LogEvent14testYAxisMotorEv  logevent.o
    0x08003fb4   0x00000038   Code   RO         1341    i._ZN8LogEvent15testElectorLockEv  logevent.o
    0x08003fec   0x00000060   Code   RO         1342    i._ZN8LogEvent17testPowerBoxMotorEv  logevent.o
    0x0800404c   0x00000060   Code   RO         1343    i._ZN8LogEvent17testRotationMotorEv  logevent.o
    0x080040ac   0x00000038   Code   RO         1344    i._ZN8LogEvent4testEv  logevent.o
    0x080040e4   0x00000008   Code   RO         1345    i._ZN8LogEvent5errorEv  logevent.o
    0x080040ec   0x0000002e   Code   RO         1147    i._ZN8MainUart5writeEPKht  mainuart.o
    0x0800411a   0x00000002   PAD
    0x0800411c   0x00000014   Code   RO         1148    i._ZN8MainUart5writeEh  mainuart.o
    0x08004130   0x00000104   Code   RO         1149    i._ZN8MainUartC1Ev  mainuart.o
    0x08004234   0x00000036   Code   RO         1309    i._ZN8ReceiverC1EPKcPyjj  receiver.o
    0x0800426a   0x00000002   PAD
    0x0800426c   0x00000070   Code   RO         1501    i._ZN9MainEvent4execER10BaseOutput  mainevent.o
    0x080042dc   0x0000026c   Code   RO         1502    i._ZN9MainEvent7deliverER10BaseOutputhhhhh  mainevent.o
    0x08004548   0x000000c8   Code   RO          110    i._ZN9StartTask3runEv  main.o
    0x08004610   0x00000010   Code   RO         2439    i.__cxa_guard_acquire  cpprt_w.l(cxa_guard_acquire.o)
    0x08004620   0x00000006   Code   RO         2436    i.__cxa_pure_virtual  cpprt_w.l(pure_virt.o)
    0x08004626   0x00000002   PAD
    0x08004628   0x0000000c   Code   RO          448    i.__sti___11_LogUart_cpp_f947086d  loguart.o
    0x08004634   0x0000000c   Code   RO         1150    i.__sti___12_MainUart_cpp_f0dc2c7d  mainuart.o
    0x08004640   0x0000001c   Code   RO         1833    i._mutex_acquire    rtx_lib.o
    0x0800465c   0x00000006   Code   RO         1834    i._mutex_free       rtx_lib.o
    0x08004662   0x0000001e   Code   RO         1835    i._mutex_initialize  rtx_lib.o
    0x08004680   0x00000018   Code   RO         1836    i._mutex_release    rtx_lib.o
    0x08004698   0x00000004   Code   RO         1837    i._platform_post_stackheap_init  rtx_lib.o
    0x0800469c   0x00000054   Code   RO           74    i.main              main.o
    0x080046f0   0x00000002   Code   RO         1932    i.osRtxErrorNotify  rtx_config.o
    0x080046f2   0x00000002   Code   RO         1933    i.osRtxIdleThread   rtx_config.o
    0x080046f4   0x00000020   Code   RO         1838    i.os_kernel_is_active  rtx_lib.o
    0x08004714   0x0000000a   Code   RO         2760    x$fpl$fpinit        fz_wm.l(fpinit.o)
    0x0800471e   0x00000005   Data   RO         1356    .constdata          logevent.o
    0x08004723   0x0000000c   Data   RO         1792    .constdata          baseoutput.o
    0x0800472f   0x00000001   PAD
    0x08004730   0x00000024   Data   RO         1848    .constdata          rtx_lib.o
    0x08004754   0x00000024   Data   RO         1849    .constdata          rtx_lib.o
    0x08004778   0x00000018   Data   RO         1850    .constdata          rtx_lib.o
    0x08004790   0x00000004   Data   RO         1851    .constdata          rtx_lib.o
    0x08004794   0x0000000c   Data   RO          294    .constdata__ZTV12ReceiverTask  receivertask.o
    0x080047a0   0x0000000c   Data   RO          369    .constdata__ZTV16StatusUpdateTask  statusupdatetask.o
    0x080047ac   0x0000000c   Data   RO          249    .constdata__ZTV4Task  task.o
    0x080047b8   0x0000000c   Data   RO          117    .constdata__ZTV7LogTask  main.o
    0x080047c4   0x0000000c   Data   RO         1191    .constdata__ZTV8MainUart  mainuart.o
    0x080047d0   0x0000000c   Data   RO          102    .constdata__ZTV9StartTask  main.o
    0x080047dc   0x00000004   Data   RO           93    .constdata__ZZN7LogTaskC1EvEs  main.o
    0x080047e0   0x00000006   Data   RO           94    .constdata__ZZN9StartTaskC1EvEs  main.o
    0x080047e6   0x00000002   PAD
    0x080047e8   0x00000068   Data   RO         1854    .rodata             rtx_lib.o
    0x08004850   0x0000000b   Data   RO         2016    .rodata.str1.4      RTX_CM4F.lib(rtx_kernel.o)
    0x0800485b   0x00000001   PAD
    0x0800485c   0x00000020   Data   RO         3013    Region$$Table       anon$$obj.o
    0x0800487c   0x00000004   Data   RO          457    .init_array         loguart.o
    0x08004880   0x00000004   Data   RO         1158    .init_array         mainuart.o
    0x08004884   0x00000000   Data   RO         2431    .init_array         c_w.l(init_aeabi.o)


    Execution Region RW_IRAM1 (Base: 0x20000000, Size: 0x00002de0, Max: 0x00020000, ABSOLUTE, COMPRESSED[0x00000040])

    Base Addr    Size         Type   Attr      Idx    E Section Name        Object

    0x20000000   0x00001000   Data   RW         1839    .bss.os             rtx_lib.o
    0x20001000   0x00000040   Data   RW         1840    .bss.os             rtx_lib.o
    0x20001040   0x00000034   Data   RW         1842    .bss.os.msgqueue.cb  rtx_lib.o
    0x20001074   0x00000050   Data   RW         1843    .bss.os.msgqueue.mem  rtx_lib.o
    0x200010c4   0x00000044   Data   RW         1844    .bss.os.thread.cb   rtx_lib.o
    0x20001108   0x00000044   Data   RW         1845    .bss.os.thread.cb   rtx_lib.o
    0x2000114c   0x00000004   PAD
    0x20001150   0x00000100   Data   RW         1846    .bss.os.thread.stack  rtx_lib.o
    0x20001250   0x00000100   Data   RW         1847    .bss.os.thread.stack  rtx_lib.o
    0x20001350   0x00000014   Data   RW            7    .data               system_stm32f4xx.o
    0x20001364   0x0000000c   Data   RW          456    .data               loguart.o
    0x20001370   0x0000000c   Data   RW         1157    .data               mainuart.o
    0x2000137c   0x00000002   Data   RW         1223    .data               currentadc.o
    0x2000137e   0x00000001   Data   RW         1853    .data               rtx_lib.o
    0x2000137f   0x00000001   PAD
    0x20001380   0x000000a8   Data   RW         2017    .data.os            RTX_CM4F.lib(rtx_kernel.o)
    0x20001428   0x00000005   Data   RW          118    .data__ZZN10CurrentAdc8instanceEvE3adc  main.o
    0x2000142d   0x00000003   PAD
    0x20001430   0x00000008   Data   RW          103    .data__ZZN12MotorManager8instanceEvE3man  main.o
    0x20001438   0x00000004   Data   RW          119    .data__ZZN12ReceiverTask8instanceEvE4task  main.o
    0x2000143c   0x00000005   Data   RW         1429    .data__ZZN14DeliverManager8instanceEvE3man  logevent.o
    0x20001441   0x00000003   PAD
    0x20001444   0x00000004   Data   RW          121    .data__ZZN16StatusUpdateTask8instanceEvE8INSTANCE  main.o
    0x20001448   0x00000008   Data   RW         1428    .data__ZZN5Motor8instanceEvE4moto  logevent.o
    0x20001450   0x00000004   Data   RW          123    .data__ZZN7LogTask8instanceEvE4task  main.o
    0x20001454   0x00000004   Data   RW          133    .data__ZZN7LogUart8instanceEvE4uart  main.o
    0x20001458   0x00000004   Data   RW          296    .data__ZZN8MainUart8instanceEvE4uart  receivertask.o
    0x2000145c   0x00000004   Data   RW          104    .data__ZZN9StartTask8instanceEvE4task  main.o
    0x20001460   0x000002a8   Zero   RW          455    .bss                loguart.o
    0x20001708   0x00000240   Zero   RW         1156    .bss                mainuart.o
    0x20001948   0x00000060   Zero   RW         2897    .bss                c_w.l(libspace.o)
    0x200019a8   0x00000478   Zero   RW          120    .bss__ZZN12ReceiverTask8instanceEvE4task  main.o
    0x20001e20   0x00000278   Zero   RW          122    .bss__ZZN16StatusUpdateTask8instanceEvE8INSTANCE  main.o
    0x20002098   0x00000278   Zero   RW          124    .bss__ZZN7LogTask8instanceEvE4task  main.o
    0x20002310   0x00000220   Zero   RW          134    .bss__ZZN7LogUart8instanceEvE4uart  main.o
    0x20002530   0x00000238   Zero   RW          297    .bss__ZZN8MainUart8instanceEvE4uart  receivertask.o
    0x20002768   0x00000278   Zero   RW          105    .bss__ZZN9StartTask8instanceEvE4task  main.o
    0x200029e0   0x00000000   Zero   RW           65    HEAP                startup_stm32f40_41xxx.o
    0x200029e0   0x00000400   Zero   RW           64    STACK               startup_stm32f40_41xxx.o


==============================================================================

Image component sizes


      Code (inc. data)   RO Data    RW Data    ZI Data      Debug   Object Name

       132         12         12          0          0       5624   baseoutput.o
       208         28          0          2          0       2852   currentadc.o
       350         14          0          0          0      13428   delivermanager.o
        18          0          0          0          0       2716   deliverobject.o
       120          0          0          0          0       4328   event.o
       812         72          5         13          0      26756   logevent.o
       488         72          4         12        680      36351   loguart.o
       452         80         34         33       3584     261235   main.o
       740         14          0          0          0      12992   mainevent.o
       514         80         16         12        576       7511   mainuart.o
       828        124          0          0          0      16428   motor.o
      3264        210          0          0          0      41152   motormanager.o
        54          0          0          0          0       1628   receiver.o
       120         26         12          4        568       7616   receivertask.o
         4          0          0          0          0        961   rtx_config.o
       124          4        204       4941          0      15188   rtx_lib.o
        32          0          0          0          0        548   sender.o
        60         22        392          0       1024        820   startup_stm32f40_41xxx.o
       362         40         12          0          0      16268   statusupdatetask.o
       272         36          0         20          0       6261   system_stm32f4xx.o
        94         12         12          0          0       8036   task.o

    ----------------------------------------------------------------------
      9064        846        738       5048       6432     488699   Object Totals
         0          0         32          0          0          0   (incl. Generated)
        16          0          3         11          0          0   (incl. Padding)

    ----------------------------------------------------------------------

      Code (inc. data)   RO Data    RW Data    ZI Data      Debug   Library Member Name

       184         12          0          0          0        528   irq_cm4f.o
        56          0          0          0          0       2892   rtx_delay.o
       784          0         11        168          0      17856   rtx_kernel.o
       246          0          0          0          0       1937   rtx_memory.o
       246          0          0          0          0      17021   rtx_mempool.o
      1866          0          0          0          0      18585   rtx_msgqueue.o
       936          0          0          0          0       8779   rtx_mutex.o
       492          8          0          0          0       8158   rtx_system.o
      2790          0          0          0          0      38965   rtx_thread.o
       170          0          0          0          0       8770   rtx_timer.o
        58          0          0          0          0          0   __dczerorl.o
         8          0          0          0          0         68   __main.o
         0          0          0          0          0          0   __rtentry.o
        20          0          0          0          0          0   __rtentry2.o
         6          0          0          0          0          0   __rtentry4.o
        52          8          0          0          0          0   __scatter.o
        28          0          0          0          0          0   __scatter_zi.o
        16          0          0          0          0         68   aeabi_memset4.o
        10          0          0          0          0         68   defsig_exit.o
        50          0          0          0          0         88   defsig_general.o
        48         34          0          0          0         76   defsig_pvfn_inner.o
        14          0          0          0          0         80   defsig_pvfn_outer.o
        18          0          0          0          0         80   exit.o
         6          0          0          0          0        152   heapauxi.o
         0          0          0          0          0          0   indicate_semi.o
        36         10          0          0          0         80   init_aeabi.o
         2          0          0          0          0          0   libinit.o
        10          0          0          0          0          0   libinit2.o
         2          0          0          0          0          0   libshutdown.o
         2          0          0          0          0          0   libshutdown2.o
         8          4          0          0         96         68   libspace.o
        68          0          0          0          0         68   rt_memclr.o
        78          0          0          0          0         80   rt_memclr_w.o
       138          0          0          0          0         68   rt_memcpy_v6.o
       100          0          0          0          0         80   rt_memcpy_w.o
         2          0          0          0          0          0   rtexit.o
        10          0          0          0          0          0   rtexit2.o
        12          4          0          0          0         68   sys_exit.o
        74          0          0          0          0         80   sys_stackheap_outer.o
        14          0          0          0          0         76   sys_wrch.o
         2          0          0          0          0         68   use_no_semi.o
        16          0          0          0          0         68   cxa_guard_acquire.o
         6          0          0          0          0         68   pure_virt.o
        10          0          0          0          0        116   fpinit.o

    ----------------------------------------------------------------------
      8750         80         12        168         96     125159   Library Totals
        56          0          1          0          0          0   (incl. Padding)

    ----------------------------------------------------------------------

      Code (inc. data)   RO Data    RW Data    ZI Data      Debug   Library Name

      7770         20         11        168          0     123491   RTX_CM4F.lib
       892         60          0          0         96       1416   c_w.l
        22          0          0          0          0        136   cpprt_w.l
        10          0          0          0          0        116   fz_wm.l

    ----------------------------------------------------------------------
      8750         80         12        168         96     125159   Library Totals

    ----------------------------------------------------------------------

==============================================================================


      Code (inc. data)   RO Data    RW Data    ZI Data      Debug   

     17814        926        750       5216       6528     601798   Grand Totals
     17814        926        750         64       6528     601798   ELF Image Totals (compressed)
     17814        926        750         64          0          0   ROM Totals

==============================================================================

    Total RO  Size (Code + RO Data)                18564 (  18.13kB)
    Total RW  Size (RW Data + ZI Data)             11744 (  11.47kB)
    Total ROM Size (Code + RO Data + RW Data)      18628 (  18.19kB)

==============================================================================

