Component: ARM Compiler 5.06 update 4 (build 422) Tool: armlink [4d35d2]

==============================================================================

Section Cross References

    system_stm32f4xx.o(i.SystemCoreClockUpdate) refers to system_stm32f4xx.o(.data) for .data
    system_stm32f4xx.o(i.SystemInit) refers to system_stm32f4xx.o(i.SetSysClock) for SetSysClock
    startup_stm32f40_41xxx.o(STACK) refers (Special) to heapauxi.o(.text) for __use_two_region_memory
    startup_stm32f40_41xxx.o(HEAP) refers (Special) to heapauxi.o(.text) for __use_two_region_memory
    startup_stm32f40_41xxx.o(RESET) refers (Special) to heapauxi.o(.text) for __use_two_region_memory
    startup_stm32f40_41xxx.o(RESET) refers to startup_stm32f40_41xxx.o(STACK) for __initial_sp
    startup_stm32f40_41xxx.o(RESET) refers to startup_stm32f40_41xxx.o(.text) for Reset_Handler
    startup_stm32f40_41xxx.o(RESET) refers to irq_cm4f.o(.text) for SVC_Handler
    startup_stm32f40_41xxx.o(RESET) refers to loguart.o(i.USART3_IRQHandler) for USART3_IRQHandler
    startup_stm32f40_41xxx.o(RESET) refers to mainuart.o(i.UART4_IRQHandler) for UART4_IRQHandler
    startup_stm32f40_41xxx.o(.text) refers (Special) to heapauxi.o(.text) for __use_two_region_memory
    startup_stm32f40_41xxx.o(.text) refers to system_stm32f4xx.o(i.SystemInit) for SystemInit
    startup_stm32f40_41xxx.o(.text) refers to __main.o(!!!main) for __main
    startup_stm32f40_41xxx.o(.text) refers to startup_stm32f40_41xxx.o(HEAP) for Heap_Mem
    startup_stm32f40_41xxx.o(.text) refers to startup_stm32f40_41xxx.o(STACK) for Stack_Mem
    main.o(i.main) refers to rtx_kernel.o(.text.osKernelInitialize) for osKernelInitialize
    main.o(i.main) refers to cxa_guard_acquire.o(i.__cxa_guard_acquire) for __cxa_guard_acquire
    main.o(i.main) refers to task.o(i._ZN4TaskC2EPKcPyj12osPriority_t) for Task::Task__sub_object(const char*, unsigned long long*, unsigned, osPriority_t)
    main.o(i.main) refers to task.o(i._ZN4Task5startEv) for Task::start()
    main.o(i.main) refers to rtx_kernel.o(.text.osKernelStart) for osKernelStart
    main.o(i.main) refers to main.o(.data__ZZN9StartTask8instanceEvE4task) for guard variable for StartTask::instance()::task
    main.o(i.main) refers to main.o(.bss__ZZN9StartTask8instanceEvE4task) for StartTask::instance()::task
    main.o(i.main) refers to main.o(.constdata__ZZN9StartTaskC1EvEs) for StartTask::StartTask()::string
    main.o(i.main) refers to main.o(.constdata__ZTV9StartTask) for vtable for StartTask
    main.o(.ARM.exidx) refers to main.o(i.main) for i.main
    task.o(i._ZN4Task13startFunctionEPv) refers to rtx_thread.o(.text.osThreadExit) for osThreadExit
    task.o(i._ZN4Task4stopEv) refers to rtx_thread.o(.text.osThreadTerminate) for osThreadTerminate
    task.o(i._ZN4Task5startEv) refers to rtx_thread.o(.text.osThreadTerminate) for osThreadTerminate
    task.o(i._ZN4Task5startEv) refers to rtx_thread.o(.text.osThreadNew) for osThreadNew
    task.o(i._ZN4Task5startEv) refers to task.o(i._ZN4Task13startFunctionEPv) for Task::startFunction(void*)
    task.o(i._ZN4TaskC2EPKcPyj12osPriority_t) refers to task.o(.constdata__ZTV4Task) for vtable for Task
    task.o(.ARM.exidx) refers to task.o(i._ZN4Task13startFunctionEPv) for i._ZN4Task13startFunctionEPv
    task.o(.ARM.exidx) refers to task.o(i._ZN4Task5startEv) for i._ZN4Task5startEv
    task.o(.ARM.exidx) refers to task.o(i._ZN4Task4stopEv) for i._ZN4Task4stopEv
    task.o(.ARM.exidx) refers to task.o(i._ZN4TaskC2EPKcPyj12osPriority_t) for i._ZN4TaskC2EPKcPyj12osPriority_t
    receivertask.o(i._ZN12ReceiverTask3runEv) refers to cxa_guard_acquire.o(i.__cxa_guard_acquire) for __cxa_guard_acquire
    receivertask.o(i._ZN12ReceiverTask3runEv) refers to mainuart.o(i._ZN8MainUartC1Ev) for MainUart::MainUart()
    receivertask.o(i._ZN12ReceiverTask3runEv) refers to event.o(i._ZN5EventC1Ev) for Event::Event()
    receivertask.o(i._ZN12ReceiverTask3runEv) refers to rtx_msgqueue.o(.text.osMessageQueueGet) for osMessageQueueGet
    receivertask.o(i._ZN12ReceiverTask3runEv) refers to mainevent.o(i._ZN9MainEvent4execER10BaseOutput) for MainEvent::exec(BaseOutput&)
    receivertask.o(i._ZN12ReceiverTask3runEv) refers to receivertask.o(.data__ZZN8MainUart8instanceEvE4uart) for guard variable for MainUart::instance()::uart
    receivertask.o(i._ZN12ReceiverTask3runEv) refers to receivertask.o(.bss__ZZN8MainUart8instanceEvE4uart) for MainUart::instance()::uart
    receivertask.o(i._ZN12ReceiverTaskC1Ev) refers to task.o(i._ZN4TaskC2EPKcPyj12osPriority_t) for Task::Task__sub_object(const char*, unsigned long long*, unsigned, osPriority_t)
    receivertask.o(i._ZN12ReceiverTaskC1Ev) refers to receivertask.o(.constdata__ZTV12ReceiverTask) for vtable for ReceiverTask
    receivertask.o(.ARM.exidx) refers to receivertask.o(i._ZN12ReceiverTaskC1Ev) for i._ZN12ReceiverTaskC1Ev
    receivertask.o(.ARM.exidx) refers to receivertask.o(i._ZN12ReceiverTask3runEv) for i._ZN12ReceiverTask3runEv
[...]
    .bss.os.thread.cb                        0x200010c4   Section       68  rtx_lib.o(.bss.os.thread.cb)
    os_idle_thread_cb                        0x200010c4   Data          68  rtx_lib.o(.bss.os.thread.cb)
    .bss.os.thread.cb                        0x20001108   Section       68  rtx_lib.o(.bss.os.thread.cb)
    os_timer_thread_cb                       0x20001108   Data          68  rtx_lib.o(.bss.os.thread.cb)
    .bss.os.thread.stack                     0x20001150   Section      256  rtx_lib.o(.bss.os.thread.stack)
    os_idle_thread_stack                     0x20001150   Data         256  rtx_lib.o(.bss.os.thread.stack)
    .bss.os.thread.stack                     0x20001250   Section      256  rtx_lib.o(.bss.os.thread.stack)
    os_timer_thread_stack                    0x20001250   Data         256  rtx_lib.o(.bss.os.thread.stack)
    .data                                    0x20001350   Section       20  system_stm32f4xx.o(.data)
    .data                                    0x20001364   Section       12  loguart.o(.data)
    lastIndex                                0x20001364   Data           4  loguart.o(.data)
    MsgRecv                                  0x20001368   Data           8  loguart.o(.data)
    .data                                    0x20001370   Section       12  mainuart.o(.data)
    lastIndex                                0x20001370   Data           4  mainuart.o(.data)
    MsgRecv                                  0x20001374   Data           8  mainuart.o(.data)
    .data                                    0x2000137c   Section        2  currentadc.o(.data)
    AdcValue                                 0x2000137c   Data           2  currentadc.o(.data)
    .data                                    0x2000137e   Section        1  rtx_lib.o(.data)
    os_kernel_active                         0x2000137e   Data           1  rtx_lib.o(.data)
    .data__ZZN10CurrentAdc8instanceEvE3adc   0x20001424   Section        5  main.o(.data__ZZN10CurrentAdc8instanceEvE3adc)
    CurrentAdc::instance()::adc              0x20001424   Number         0  main.o(.data__ZZN10CurrentAdc8instanceEvE3adc)
    .data__ZZN12MotorManager8instanceEvE3man 0x2000142c   Section        8  main.o(.data__ZZN12MotorManager8instanceEvE3man)
    MotorManager::instance()::man            0x2000142c   Number         0  main.o(.data__ZZN12MotorManager8instanceEvE3man)
    .data__ZZN12ReceiverTask8instanceEvE4task 0x20001434   Section        4  main.o(.data__ZZN12ReceiverTask8instanceEvE4task)
    ReceiverTask::instance()::task           0x20001434   Number         0  main.o(.data__ZZN12ReceiverTask8instanceEvE4task)
    .data__ZZN14DeliverManager8instanceEvE3man 0x20001438   Section        5  logevent.o(.data__ZZN14DeliverManager8instanceEvE3man)
    DeliverManager::instance()::man          0x20001438   Number         0  logevent.o(.data__ZZN14DeliverManager8instanceEvE3man)
    .data__ZZN16StatusUpdateTask8instanceEvE8INSTANCE 0x20001440   Section        4  main.o(.data__ZZN16StatusUpdateTask8instanceEvE8INSTANCE)
    StatusUpdateTask::instance()::INSTANCE   0x20001440   Number         0  main.o(.data__ZZN16StatusUpdateTask8instanceEvE8INSTANCE)
    .data__ZZN5Motor8instanceEvE4moto        0x20001444   Section        8  logevent.o(.data__ZZN5Motor8instanceEvE4moto)
    Motor::instance()::moto                  0x20001444   Number         0  logevent.o(.data__ZZN5Motor8instanceEvE4moto)
    .data__ZZN7LogTask8instanceEvE4task      0x2000144c   Section        4  main.o(.data__ZZN7LogTask8instanceEvE4task)
    LogTask::instance()::task                0x2000144c   Number         0  main.o(.data__ZZN7LogTask8instanceEvE4task)
    .data__ZZN7LogUart8instanceEvE4uart      0x20001450   Section        4  main.o(.data__ZZN7LogUart8instanceEvE4uart)
    LogUart::instance()::uart                0x20001450   Number         0  main.o(.data__ZZN7LogUart8instanceEvE4uart)
    .data__ZZN8MainUart8instanceEvE4uart     0x20001454   Section        4  receivertask.o(.data__ZZN8MainUart8instanceEvE4uart)
    MainUart::instance()::uart               0x20001454   Number         0  receivertask.o(.data__ZZN8MainUart8instanceEvE4uart)
    .data__ZZN9StartTask8instanceEvE4task    0x20001458   Section        4  main.o(.data__ZZN9StartTask8instanceEvE4task)
    StartTask::instance()::task              0x20001458   Number         0  main.o(.data__ZZN9StartTask8instanceEvE4task)
    .bss                                     0x20001460   Section      680  loguart.o(.bss)
    buffer                                   0x20001460   Data         100  loguart.o(.bss)
    RecvBuffer                               0x200014c8   Data         512  loguart.o(.bss)
    RecvSingleBuffer                         0x200016c8   Data          64  loguart.o(.bss)
    .bss                                     0x20001708   Section      576  mainuart.o(.bss)
    RecvBuffer                               0x20001708   Data         512  mainuart.o(.bss)
    RecvSingleBuffer                         0x20001908   Data          64  mainuart.o(.bss)
    .bss                                     0x20001948   Section       96  libspace.o(.bss)
    [Anonymous Symbol]                       0x200019a8   Section        0  os_systick.o(.bss.PendST)
    PendST                                   0x200019a8   Data           1  os_systick.o(.bss.PendST)
    .bss__ZZN12ReceiverTask8instanceEvE4task 0x200019b0   Section     1144  main.o(.bss__ZZN12ReceiverTask8instanceEvE4task)
    .bss__ZZN16StatusUpdateTask8instanceEvE8INSTANCE 0x20001e28   Section      632  main.o(.bss__ZZN16StatusUpdateTask8instanceEvE8INSTANCE)
    .bss__ZZN7LogTask8instanceEvE4task       0x200020a0   Section      632  main.o(.bss__ZZN7LogTask8instanceEvE4task)
    .bss__ZZN7LogUart8instanceEvE4uart       0x20002318   Section      544  main.o(.bss__ZZN7LogUart8instanceEvE4uart)
    .bss__ZZN8MainUart8instanceEvE4uart      0x20002538   Section      568  receivertask.o(.bss__ZZN8MainUart8instanceEvE4uart)
    .bss__ZZN9StartTask8instanceEvE4task     0x20002770   Section      632  main.o(.bss__ZZN9StartTask8instanceEvE4task)
    HEAP                                     0x200029e8   Section        0  startup_stm32f40_41xxx.o(HEAP)
    STACK                                    0x200029e8   Section     1024  startup_stm32f40_41xxx.o(STACK)
    Heap_Mem                                 0x200029e8   Data           0  startup_stm32f40_41xxx.o(HEAP)
    Stack_Mem                                0x200029e8   Data        1024  startup_stm32f40_41xxx.o(STACK)
    __initial_sp                             0x20002de8   Data           0  startup_stm32f40_41xxx.o(STACK)

    Global Symbols

    Symbol Name                              Value     Ov Type        Size  Object(Section)

    BuildAttributes$$THM_ISAv4$E$P$D$K$B$S$7EM$VFPi3$EXTD16$VFPS$VFMA$PE$A:L22UL41UL21$X:L11$S22US41US21$IEEE1$IW$~IW$USESV6$~STKCKD$USESV7$~SHL$OTIME$ROPI$IEEEJ$EBA8$UX$STANDARDLIB$REQ8$PRES8$EABIv2 0x00000000   Number         0  anon$$obj.o ABSOLUTE
    __ARM_use_no_argv                        0x00000000   Number         0  main.o ABSOLUTE
    _printf_flags                            0x00000000   Number         0  printf_stubs.o ABSOLUTE
    _printf_return_value                     0x00000000   Number         0  printf_stubs.o ABSOLUTE
    _printf_sizespec                         0x00000000   Number         0  printf_stubs.o ABSOLUTE
    _printf_widthprec                        0x00000000   Number         0  printf_stubs.o ABSOLUTE
    .bss.os.evflags.cb$$Base                  - Undefined Weak Reference
    .bss.os.evflags.cb$$Limit                 - Undefined Weak Reference
    .bss.os.mempool.cb$$Base                  - Undefined Weak Reference
    .bss.os.mempool.cb$$Limit                 - Undefined Weak Reference
    .bss.os.mutex.cb$$Base                    - Undefined Weak Reference
    .bss.os.mutex.cb$$Limit                   - Undefined Weak Reference
    .bss.os.semaphore.cb$$Base                - Undefined Weak Reference
    .bss.os.semaphore.cb$$Limit               - Undefined Weak Reference
    .bss.os.timer.cb$$Base                    - Undefined Weak Reference
    .bss.os.timer.cb$$Limit                   - Undefined Weak Reference
    __ARM::default_unexpected_handler()       - Undefined Weak Reference
    __ARM_exceptions_buffer_required          - Undefined Weak Reference
    __ARM_exceptions_init                     - Undefined Weak Reference
    __alloca_initialize                       - Undefined Weak Reference
    __arm_preinit_                            - Undefined Weak Reference
    __cxa_finalize                            - Undefined Weak Reference
    __sigvec_lookup                           - Undefined Weak Reference
    __user_heap_extent                        - Undefined Weak Reference
    _atexit_init                              - Undefined Weak Reference
    _call_atexit_fns                          - Undefined Weak Reference
    _clock_init                               - Undefined Weak Reference
    _fp_trap_init                             - Undefined Weak Reference
    _fp_trap_shutdown                         - Undefined Weak Reference
    _get_lc_collate                           - Undefined Weak Reference
    _get_lc_monetary                          - Undefined Weak Reference
    _get_lc_time                              - Undefined Weak Reference
    _getenv_init                              - Undefined Weak Reference
    _handle_redirection                       - Undefined Weak Reference
    _initio                                   - Undefined Weak Reference
    _printf_fp_hex                            - Undefined Weak Reference
    _printf_mbtowc                            - Undefined Weak Reference
    _printf_wc                                - Undefined Weak Reference
    _rand_init                                - Undefined Weak Reference
    _signal_finish                            - Undefined Weak Reference
    _signal_init                              - Undefined Weak Reference
    _terminateio                              - Undefined Weak Reference
    __Vectors_Size                           0x00000188   Number         0  startup_stm32f40_41xxx.o ABSOLUTE
    __Vectors                                0x08000000   Data           4  startup_stm32f40_41xxx.o(RESET)
    __Vectors_End                            0x08000188   Data           0  startup_stm32f40_41xxx.o(RESET)
    __main                                   0x08000189   Thumb Code     8  __main.o(!!!main)
    __scatterload                            0x08000191   Thumb Code     0  __scatter.o(!!!scatter)
    __scatterload_rt2                        0x08000191   Thumb Code    44  __scatter.o(!!!scatter)
    __scatterload_rt2_thumb_only             0x08000191   Thumb Code     0  __scatter.o(!!!scatter)
    __scatterload_null                       0x0800019f   Thumb Code     0  __scatter.o(!!!scatter)
    __decompress                             0x080001c5   Thumb Code    58  __dczerorl.o(!!dczerorl)
    __decompress0                            0x080001c5   Thumb Code     0  __dczerorl.o(!!dczerorl)
    __scatterload_zeroinit                   0x08000201   Thumb Code    28  __scatter_zi.o(!!handler_zi)
    __rt_lib_init                            0x0800021d   Thumb Code     0  libinit.o(.ARM.Collect$$libinit$$00000000)
    __rt_lib_init_fp_1                       0x0800021f   Thumb Code     0  libinit2.o(.ARM.Collect$$libinit$$00000001)
    __rt_lib_init_alloca_1                   0x08000223   Thumb Code     0  libinit2.o(.ARM.Collect$$libinit$$0000002E)
    __rt_lib_init_argv_1                     0x08000223   Thumb Code     0  libinit2.o(.ARM.Collect$$libinit$$0000002C)
    __rt_lib_init_atexit_1                   0x08000223   Thumb Code     0  libinit2.o(.ARM.Collect$$libinit$$0000001B)
    __rt_lib_init_clock_1                    0x08000223   Thumb Code     0  libinit2.o(.ARM.Collect$$libinit$$00000021)
    __rt_lib_init_cpp_2                      0x08000223   Thumb Code     0  libinit2.o(.ARM.Collect$$libinit$$00000031)
    __rt_lib_init_exceptions_1               0x08000223   Thumb Code     0  libinit2.o(.ARM.Collect$$libinit$$00000030)
    __rt_lib_init_fp_trap_1                  0x08000223   Thumb Code     0  libinit2.o(.ARM.Collect$$libinit$$0000001F)
    __rt_lib_init_getenv_1                   0x08000223   Thumb Code     0  libinit2.o(.ARM.Collect$$libinit$$00000023)
    __rt_lib_init_heap_1                     0x08000223   Thumb Code     0  libinit2.o(.ARM.Collect$$libinit$$0000000A)
    __rt_lib_init_lc_collate_1               0x08000223   Thumb Code     0  libinit2.o(.ARM.Collect$$libinit$$00000011)
    __rt_lib_init_lc_ctype_1                 0x08000223   Thumb Code     0  libinit2.o(.ARM.Collect$$libinit$$00000013)
    __rt_lib_init_lc_monetary_1              0x08000223   Thumb Code     0  libinit2.o(.ARM.Collect$$libinit$$00000015)
    __rt_lib_init_lc_numeric_1               0x08000223   Thumb Code     0  libinit2.o(.ARM.Collect$$libinit$$00000017)
    __rt_lib_init_lc_time_1                  0x08000223   Thumb Code     0  libinit2.o(.ARM.Collect$$libinit$$00000019)
    __rt_lib_init_preinit_1                  0x08000223   Thumb Code     0  libinit2.o(.ARM.Collect$$libinit$$00000004)
    __rt_lib_init_rand_1                     0x08000223   Thumb Code     0  libinit2.o(.ARM.Collect$$libinit$$0000000E)
    __rt_lib_init_signal_1                   0x08000223   Thumb Code     0  libinit2.o(.ARM.Collect$$libinit$$0000001D)
    __rt_lib_init_stdio_1                    0x08000223   Thumb Code     0  libinit2.o(.ARM.Collect$$libinit$$00000025)
    __rt_lib_init_user_alloc_1               0x08000223   Thumb Code     0  libinit2.o(.ARM.Collect$$libinit$$0000000C)
    __rt_lib_init_cpp_1                      0x08000227   Thumb Code     0  libinit2.o(.ARM.Collect$$libinit$$00000032)
    __rt_lib_init_return                     0x08000227   Thumb Code     0  libinit2.o(.ARM.Collect$$libinit$$00000033)
    __rt_lib_shutdown                        0x08000229   Thumb Code     0  libshutdown.o(.ARM.Collect$$libshutdown$$00000000)
    __rt_lib_shutdown_cpp_1                  0x0800022b   Thumb Code     0  libshutdown2.o(.ARM.Collect$$libshutdown$$00000002)
    __rt_lib_shutdown_fp_trap_1              0x0800022b   Thumb Code     0  libshutdown2.o(.ARM.Collect$$libshutdown$$00000007)
    __rt_lib_shutdown_heap_1                 0x0800022b   Thumb Code     0  libshutdown2.o(.ARM.Collect$$libshutdown$$0000000F)
    __rt_lib_shutdown_return                 0x0800022b   Thumb Code     0  libshutdown2.o(.ARM.Collect$$libshutdown$$00000010)
    __rt_lib_shutdown_signal_1               0x0800022b   Thumb Code     0  libshutdown2.o(.ARM.Collect$$libshutdown$$0000000A)
    __rt_lib_shutdown_stdio_1                0x0800022b   Thumb Code     0  libshutdown2.o(.ARM.Collect$$libshutdown$$00000004)
    __rt_lib_shutdown_user_alloc_1           0x0800022b   Thumb Code     0  libshutdown2.o(.ARM.Collect$$libshutdown$$0000000C)
    __rt_entry                               0x0800022d   Thumb Code     0  __rtentry.o(.ARM.Collect$$rtentry$$00000000)
    __rt_entry_presh_1                       0x0800022d   Thumb Code     0  __rtentry2.o(.ARM.Collect$$rtentry$$00000002)
    __rt_entry_sh                            0x0800022d   Thumb Code     0  __rtentry4.o(.ARM.Collect$$rtentry$$00000004)
    __rt_entry_postsh_1                      0x08000233   Thumb Code     0  __rtentry2.o(.ARM.Collect$$rtentry$$00000008)
    __rt_entry_li                            0x0800023b   Thumb Code     0  __rtentry2.o(.ARM.Collect$$rtentry$$0000000A)
    __rt_entry_main                          0x0800023f   Thumb Code     0  __rtentry2.o(.ARM.Collect$$rtentry$$0000000D)
    __rt_entry_postli_1                      0x0800023f   Thumb Code     0  __rtentry2.o(.ARM.Collect$$rtentry$$0000000C)
    __rt_exit                                0x08000247   Thumb Code     0  rtexit.o(.ARM.Collect$$rtexit$$00000000)
    __rt_exit_ls                             0x08000249   Thumb Code     0  rtexit2.o(.ARM.Collect$$rtexit$$00000003)
    __rt_exit_prels_1                        0x08000249   Thumb Code     0  rtexit2.o(.ARM.Collect$$rtexit$$00000002)
    __rt_exit_exit                           0x0800024d   Thumb Code     0  rtexit2.o(.ARM.Collect$$rtexit$$00000004)
    Reset_Handler                            0x08000255   Thumb Code     8  startup_stm32f40_41xxx.o(.text)
    NMI_Handler                              0x0800025d   Thumb Code     2  startup_stm32f40_41xxx.o(.text)
    HardFault_Handler                        0x0800025f   Thumb Code     2  startup_stm32f40_41xxx.o(.text)
    MemManage_Handler                        0x08000261   Thumb Code     2  startup_stm32f40_41xxx.o(.text)
    BusFault_Handler                         0x08000263   Thumb Code     2  startup_stm32f40_41xxx.o(.text)
    UsageFault_Handler                       0x08000265   Thumb Code     2  startup_stm32f40_41xxx.o(.text)
    DebugMon_Handler                         0x08000269   Thumb Code     2  startup_stm32f40_41xxx.o(.text)
    ADC_IRQHandler                           0x0800026f   Thumb Code     0  startup_stm32f40_41xxx.o(.text)
    CAN1_RX0_IRQHandler                      0x0800026f   Thumb Code     0  startup_stm32f40_41xxx.o(.text)
    CAN1_RX1_IRQHandler                      0x0800026f   Thumb Code     0  startup_stm32f40_41xxx.o(.text)
    CAN1_SCE_IRQHandler                      0x0800026f   Thumb Code     0  startup_stm32f40_41xxx.o(.text)
    CAN1_TX_IRQHandler                       0x0800026f   Thumb Code     0  startup_stm32f40_41xxx.o(.text)
    CAN2_RX0_IRQHandler                      0x0800026f   Thumb Code     0  startup_stm32f40_41xxx.o(.text)
    CAN2_RX1_IRQHandler                      0x0800026f   Thumb Code     0  startup_stm32f40_41xxx.o(.text)
    CAN2_SCE_IRQHandler                      0x0800026f   Thumb Code     0  startup_stm32f40_41xxx.o(.text)
    CAN2_TX_IRQHandler                       0x0800026f   Thumb Code     0  startup_stm32f40_41xxx.o(.text)
    CRYP_IRQHandler                          0x0800026f   Thumb Code     0  startup_stm32f40_41xxx.o(.text)
    DCMI_IRQHandler                          0x0800026f   Thumb Code     0  startup_stm32f40_41xxx.o(.text)
    DMA1_Stream0_IRQHandler                  0x0800026f   Thumb Code     0  startup_stm32f40_41xxx.o(.text)
    DMA1_Stream1_IRQHandler                  0x0800026f   Thumb Code     0  startup_stm32f40_41xxx.o(.text)
    DMA1_Stream2_IRQHandler                  0x0800026f   Thumb Code     0  startup_stm32f40_41xxx.o(.text)
    DMA1_Stream3_IRQHandler                  0x0800026f   Thumb Code     0  startup_stm32f40_41xxx.o(.text)
    DMA1_Stream4_IRQHandler                  0x0800026f   Thumb Code     0  startup_stm32f40_41xxx.o(.text)
    DMA1_Stream5_IRQHandler                  0x0800026f   Thumb Code     0  startup_stm32f40_41xxx.o(.text)
    DMA1_Stream6_IRQHandler                  0x0800026f   Thumb Code     0  startup_stm32f40_41xxx.o(.text)
    DMA1_Stream7_IRQHandler                  0x0800026f   Thumb Code     0  startup_stm32f40_41xxx.o(.text)
    DMA2_Stream0_IRQHandler                  0x0800026f   Thumb Code     0  startup_stm32f40_41xxx.o(.text)
    DMA2_Stream1_IRQHandler                  0x0800026f   Thumb Code     0  startup_stm32f40_41xxx.o(.text)
    DMA2_Stream2_IRQHandler                  0x0800026f   Thumb Code     0  startup_stm32f40_41xxx.o(.text)
    DMA2_Stream3_IRQHandler                  0x0800026f   Thumb Code     0  startup_stm32f40_41xxx.o(.text)
    DMA2_Stream4_IRQHandler                  0x0800026f   Thumb Code     0  startup_stm32f40_41xxx.o(.text)
    DMA2_Stream5_IRQHandler                  0x0800026f   Thumb Code     0  startup_stm32f40_41xxx.o(.text)
    DMA2_Stream6_IRQHandler                  0x0800026f   Thumb Code     0  startup_stm32f40_41xxx.o(.text)
    DMA2_Stream7_IRQHandler                  0x0800026f   Thumb Code     0  startup_stm32f40_41xxx.o(.text)
    ETH_IRQHandler                           0x0800026f   Thumb Code     0  startup_stm32f40_41xxx.o(.text)
    ETH_WKUP_IRQHandler                      0x0800026f   Thumb Code     0  startup_stm32f40_41xxx.o(.text)
    EXTI0_IRQHandler                         0x0800026f   Thumb Code     0  startup_stm32f40_41xxx.o(.text)
    EXTI15_10_IRQHandler                     0x0800026f   Thumb Code     0  startup_stm32f40_41xxx.o(.text)
    EXTI1_IRQHandler                         0x0800026f   Thumb Code     0  startup_stm32f40_41xxx.o(.text)
    EXTI2_IRQHandler                         0x0800026f   Thumb Code     0  startup_stm32f40_41xxx.o(.text)
    EXTI3_IRQHandler                         0x0800026f   Thumb Code     0  startup_stm32f40_41xxx.o(.text)
    EXTI4_IRQHandler                         0x0800026f   Thumb Code     0  startup_stm32f40_41xxx.o(.text)
    EXTI9_5_IRQHandler                       0x0800026f   Thumb Code     0  startup_stm32f40_41xxx.o(.text)
    FLASH_IRQHandler                         0x0800026f   Thumb Code     0  startup_stm32f40_41xxx.o(.text)
    FPU_IRQHandler                           0x0800026f   Thumb Code     0  startup_stm32f40_41xxx.o(.text)
    FSMC_IRQHandler                          0x0800026f   Thumb Code     0  startup_stm32f40_41xxx.o(.text)
    HASH_RNG_IRQHandler                      0x0800026f   Thumb Code     0  startup_stm32f40_41xxx.o(.text)
    I2C1_ER_IRQHandler                       0x0800026f   Thumb Code     0  startup_stm32f40_41xxx.o(.text)
    I2C1_EV_IRQHandler                       0x0800026f   Thumb Code     0  startup_stm32f40_41xxx.o(.text)
    I2C2_ER_IRQHandler                       0x0800026f   Thumb Code     0  startup_stm32f40_41xxx.o(.text)
    I2C2_EV_IRQHandler                       0x0800026f   Thumb Code     0  startup_stm32f40_41xxx.o(.text)
    I2C3_ER_IRQHandler                       0x0800026f   Thumb Code     0  startup_stm32f40_41xxx.o(.text)
    I2C3_EV_IRQHandler                       0x0800026f   Thumb Code     0  startup_stm32f40_41xxx.o(.text)
    OTG_FS_IRQHandler                        0x0800026f   Thumb Code     0  startup_stm32f40_41xxx.o(.text)
    OTG_FS_WKUP_IRQHandler                   0x0800026f   Thumb Code     0  startup_stm32f40_41xxx.o(.text)
    OTG_HS_EP1_IN_IRQHandler                 0x0800026f   Thumb Code     0  startup_stm32f40_41xxx.o(.text)
    OTG_HS_EP1_OUT_IRQHandler                0x0800026f   Thumb Code     0  startup_stm32f40_41xxx.o(.text)
    OTG_HS_IRQHandler                        0x0800026f   Thumb Code     0  startup_stm32f40_41xxx.o(.text)
    OTG_HS_WKUP_IRQHandler                   0x0800026f   Thumb Code     0  startup_stm32f40_41xxx.o(.text)
    PVD_IRQHandler                           0x0800026f   Thumb Code     0  startup_stm32f40_41xxx.o(.text)
    RCC_IRQHandler                           0x0800026f   Thumb Code     0  startup_stm32f40_41xxx.o(.text)
    RTC_Alarm_IRQHandler                     0x0800026f   Thumb Code     0  startup_stm32f40_41xxx.o(.text)
    RTC_WKUP_IRQHandler                      0x0800026f   Thumb Code     0  startup_stm32f40_41xxx.o(.text)
    SDIO_IRQHandler                          0x0800026f   Thumb Code     0  startup_stm32f40_41xxx.o(.text)
    SPI1_IRQHandler                          0x0800026f   Thumb Code     0  startup_stm32f40_41xxx.o(.text)
    SPI2_IRQHandler                          0x0800026f   Thumb Code     0  startup_stm32f40_41xxx.o(.text)
    SPI3_IRQHandler                          0x0800026f   Thumb Code     0  startup_stm32f40_41xxx.o(.text)
    TAMP_STAMP_IRQHandler                    0x0800026f   Thumb Code     0  startup_stm32f40_41xxx.o(.text)
    TIM1_BRK_TIM9_IRQHandler                 0x0800026f   Thumb Code     0  startup_stm32f40_41xxx.o(.text)
    TIM1_CC_IRQHandler                       0x0800026f   Thumb Code     0  startup_stm32f40_41xxx.o(.text)
    TIM1_TRG_COM_TIM11_IRQHandler            0x0800026f   Thumb Code     0  startup_stm32f40_41xxx.o(.text)
    TIM1_UP_TIM10_IRQHandler                 0x0800026f   Thumb Code     0  startup_stm32f40_41xxx.o(.text)
    TIM2_IRQHandler                          0x0800026f   Thumb Code     0  startup_stm32f40_41xxx.o(.text)
    TIM3_IRQHandler                          0x0800026f   Thumb Code     0  startup_stm32f40_41xxx.o(.text)
    TIM4_IRQHandler                          0x0800026f   Thumb Code     0  startup_stm32f40_41xxx.o(.text)
    TIM5_IRQHandler                          0x0800026f   Thumb Code     0  startup_stm32f40_41xxx.o(.text)
    TIM6_DAC_IRQHandler                      0x0800026f   Thumb Code     0  startup_stm32f40_41xxx.o(.text)
    TIM7_IRQHandler                          0x0800026f   Thumb Code     0  startup_stm32f40_41xxx.o(.text)
    TIM8_BRK_TIM12_IRQHandler                0x0800026f   Thumb Code     0  startup_stm32f40_41xxx.o(.text)
    TIM8_CC_IRQHandler                       0x0800026f   Thumb Code     0  startup_stm32f40_41xxx.o(.text)
    TIM8_TRG_COM_TIM14_IRQHandler            0x0800026f   Thumb Code     0  startup_stm32f40_41xxx.o(.text)
    TIM8_UP_TIM13_IRQHandler                 0x0800026f   Thumb Code     0  startup_stm32f40_41xxx.o(.text)
    UART5_IRQHandler                         0x0800026f   Thumb Code     0  startup_stm32f40_41xxx.o(.text)
    USART1_IRQHandler                        0x0800026f   Thumb Code     0  startup_stm32f40_41xxx.o(.text)
    USART2_IRQHandler                        0x0800026f   Thumb Code     0  startup_stm32f40_41xxx.o(.text)
    USART6_IRQHandler                        0x0800026f   Thumb Code     0  startup_stm32f40_41xxx.o(.text)
    WWDG_IRQHandler                          0x0800026f   Thumb Code     0  startup_stm32f40_41xxx.o(.text)
    __user_initial_stackheap                 0x08000271   Thumb Code     0  startup_stm32f40_41xxx.o(.text)
    SVC_Handler                              0x08000291   Thumb Code   152  irq_cm4f.o(.text)
    PendSV_Handler                           0x08000329   Thumb Code    16  irq_cm4f.o(.text)
    SysTick_Handler                          0x08000339   Thumb Code    16  irq_cm4f.o(.text)
    __aeabi_memcpy                           0x08000355   Thumb Code     0  rt_memcpy_v6.o(.text)
    __rt_memcpy                              0x08000355   Thumb Code   138  rt_memcpy_v6.o(.text)
    _memcpy_lastbytes                        0x080003bb   Thumb Code     0  rt_memcpy_v6.o(.text)
    __aeabi_memclr                           0x080003df   Thumb Code     0  rt_memclr.o(.text)
    __rt_memclr                              0x080003df   Thumb Code    68  rt_memclr.o(.text)
    _memset                                  0x080003e3   Thumb Code     0  rt_memclr.o(.text)
    __aeabi_memclr4                          0x08000423   Thumb Code     0  rt_memclr_w.o(.text)
    __aeabi_memclr8                          0x08000423   Thumb Code     0  rt_memclr_w.o(.text)
    __rt_memclr_w                            0x08000423   Thumb Code    78  rt_memclr_w.o(.text)
    _memset_w                                0x08000427   Thumb Code     0  rt_memclr_w.o(.text)
    __use_two_region_memory                  0x08000471   Thumb Code     2  heapauxi.o(.text)
    __rt_heap_escrow                         0x08000473   Thumb Code     2  heapauxi.o(.text)
    __rt_heap_expand                         0x08000475   Thumb Code     2  heapauxi.o(.text)
    __cpp_initialize__aeabi_                 0x08000479   Thumb Code    26  init_aeabi.o(.text)
    __rt_SIGPVFN                             0x0800049d   Thumb Code    14  defsig_pvfn_outer.o(.text)
    __aeabi_memcpy4                          0x080004ab   Thumb Code     0  rt_memcpy_w.o(.text)
    __aeabi_memcpy8                          0x080004ab   Thumb Code     0  rt_memcpy_w.o(.text)
    __rt_memcpy_w                            0x080004ab   Thumb Code   100  rt_memcpy_w.o(.text)
    _memcpy_lastbytes_aligned                0x080004f3   Thumb Code     0  rt_memcpy_w.o(.text)
    __sig_exit                               0x0800050f   Thumb Code    10  defsig_exit.o(.text)
    __rt_SIGPVFN_inner                       0x08000519   Thumb Code    14  defsig_pvfn_inner.o(.text)
    _sys_exit                                0x08000549   Thumb Code     8  sys_exit.o(.text)
    __user_setup_stackheap                   0x08000555   Thumb Code    74  sys_stackheap_outer.o(.text)
    exit                                     0x0800059f   Thumb Code    18  exit.o(.text)
    __default_signal_display                 0x080005b1   Thumb Code    50  defsig_general.o(.text)
    _ttywrch                                 0x080005e3   Thumb Code    14  sys_wrch.o(.text)
    __user_libspace                          0x080005f1   Thumb Code     8  libspace.o(.text)
    __user_perproc_libspace                  0x080005f1   Thumb Code     0  libspace.o(.text)
    __I$use$semihosting                      0x080005f9   Thumb Code     0  use_no_semi.o(.text)
    __use_no_semihosting_swi                 0x080005f9   Thumb Code     2  use_no_semi.o(.text)
    __semihosting_library_function           0x080005fb   Thumb Code     0  indicate_semi.o(.text)
    OS_Tick_AcknowledgeIRQ                   0x080006cd   Thumb Code    12  os_systick.o(.text.OS_Tick_AcknowledgeIRQ)
    OS_Tick_Enable                           0x080006d9   Thumb Code    44  os_systick.o(.text.OS_Tick_Enable)
    OS_Tick_GetIRQn                          0x08000705   Thumb Code     6  os_systick.o(.text.OS_Tick_GetIRQn)
    OS_Tick_Setup                            0x0800070d   Thumb Code    64  os_systick.o(.text.OS_Tick_Setup)
    osDelay                                  0x08000809   Thumb Code    36  rtx_delay.o(.text.osDelay)
    osKernelGetState                         0x0800082d   Thumb Code    52  rtx_kernel.o(.text.osKernelGetState)
    osKernelInitialize                       0x08000861   Thumb Code    36  rtx_kernel.o(.text.osKernelInitialize)
    osKernelStart                            0x08000885   Thumb Code    36  rtx_kernel.o(.text.osKernelStart)
    osMessageQueueGet                        0x080008a9   Thumb Code   112  rtx_msgqueue.o(.text.osMessageQueueGet)
    osMessageQueueNew                        0x08000919   Thumb Code    36  rtx_msgqueue.o(.text.osMessageQueueNew)
    osMessageQueuePut                        0x0800093d   Thumb Code   128  rtx_msgqueue.o(.text.osMessageQueuePut)
    osMutexAcquire                           0x080009bd   Thumb Code    36  rtx_mutex.o(.text.osMutexAcquire)
    osMutexDelete                            0x080009e1   Thumb Code    36  rtx_mutex.o(.text.osMutexDelete)
    osMutexNew                               0x08000a05   Thumb Code    36  rtx_mutex.o(.text.osMutexNew)
    osMutexRelease                           0x08000a29   Thumb Code    36  rtx_mutex.o(.text.osMutexRelease)
    osRtxMemoryAlloc                         0x08000a4d   Thumb Code   128  rtx_memory.o(.text.osRtxMemoryAlloc)
    osRtxMemoryFree                          0x08000acd   Thumb Code    82  rtx_memory.o(.text.osRtxMemoryFree)
    osRtxMemoryInit                          0x08000b1f   Thumb Code    54  rtx_memory.o(.text.osRtxMemoryInit)
    osRtxMemoryPoolAlloc                     0x08000b55   Thumb Code    74  rtx_mempool.o(.text.osRtxMemoryPoolAlloc)
    osRtxMemoryPoolFree                      0x08000b9f   Thumb Code    86  rtx_mempool.o(.text.osRtxMemoryPoolFree)
    osRtxMemoryPoolInit                      0x08000bf5   Thumb Code    84  rtx_mempool.o(.text.osRtxMemoryPoolInit)
    osRtxMutexOwnerRelease                   0x08000d1f   Thumb Code    68  rtx_mutex.o(.text.osRtxMutexOwnerRelease)
    osRtxPendSV_Handler                      0x08000d65   Thumb Code   144  rtx_system.o(.text.osRtxPendSV_Handler)
    osRtxPostProcess                         0x08000df5   Thumb Code   116  rtx_system.o(.text.osRtxPostProcess)
    osRtxThreadDelayTick                     0x08000f91   Thumb Code    56  rtx_thread.o(.text.osRtxThreadDelayTick)
    osRtxThreadDispatch                      0x08000fc9   Thumb Code    96  rtx_thread.o(.text.osRtxThreadDispatch)
    osRtxThreadListGet                       0x08001081   Thumb Code    22  rtx_thread.o(.text.osRtxThreadListGet)
    osRtxThreadListPut                       0x08001097   Thumb Code    56  rtx_thread.o(.text.osRtxThreadListPut)
    osRtxThreadListRemove                    0x080010cf   Thumb Code    20  rtx_thread.o(.text.osRtxThreadListRemove)
    osRtxThreadListSort                      0x080010e3   Thumb Code    40  rtx_thread.o(.text.osRtxThreadListSort)
    osRtxThreadReadyPut                      0x08001135   Thumb Code    20  rtx_thread.o(.text.osRtxThreadReadyPut)
    osRtxThreadRegPtr                        0x08001149   Thumb Code    20  rtx_thread.o(.text.osRtxThreadRegPtr)
    osRtxThreadStackCheck                    0x0800115d   Thumb Code    40  rtx_thread.o(.text.osRtxThreadStackCheck)
    osRtxThreadStartup                       0x08001185   Thumb Code    88  rtx_thread.o(.text.osRtxThreadStartup)
    osRtxThreadSwitch                        0x080011dd   Thumb Code    16  rtx_thread.o(.text.osRtxThreadSwitch)
    osRtxThreadWaitEnter                     0x080011ed   Thumb Code    56  rtx_thread.o(.text.osRtxThreadWaitEnter)
    osRtxThreadWaitExit                      0x08001225   Thumb Code    50  rtx_thread.o(.text.osRtxThreadWaitExit)
    osRtxTick_Handler                        0x08001259   Thumb Code   112  rtx_system.o(.text.osRtxTick_Handler)
    osRtxTimerThread                         0x080012c9   Thumb Code    68  rtx_timer.o(.text.osRtxTimerThread)
    osThreadExit                             0x08001365   Thumb Code    12  rtx_thread.o(.text.osThreadExit)
    osThreadNew                              0x08001371   Thumb Code    36  rtx_thread.o(.text.osThreadNew)
    osThreadTerminate                        0x08001395   Thumb Code    36  rtx_thread.o(.text.osThreadTerminate)
    SystemInit                               0x08001f19   Thumb Code    74  system_stm32f4xx.o(i.SystemInit)
    UART4_IRQHandler                         0x08001f75   Thumb Code   146  mainuart.o(i.UART4_IRQHandler)
    USART3_IRQHandler                        0x08002025   Thumb Code   146  loguart.o(i.USART3_IRQHandler)
    BaseOutput::buildAndWrite()              0x080021d1   Thumb Code    36  baseoutput.o(i._ZN10BaseOutput13buildAndWriteEv)
    BaseOutput::ack()                        0x080021f5   Thumb Code    10  baseoutput.o(i._ZN10BaseOutput3ackEv)
    BaseOutput::nck()                        0x08002205   Thumb Code    10  baseoutput.o(i._ZN10BaseOutput3nckEv)
    BaseOutput::build(unsigned char*)        0x08002215   Thumb Code    64  baseoutput.o(i._ZN10BaseOutput5buildEPh)
    BaseOutput::append1(unsigned char)       0x08002255   Thumb Code    18  statusupdatetask.o(i._ZN10BaseOutput7append1Eh)
    BaseOutput::setAction(unsigned char)     0x08002267   Thumb Code     8  mainevent.o(i._ZN10BaseOutput9setActionEh)
    CurrentAdc::instance()                   0x08002271   Thumb Code    34  motormanager.o(i._ZN10CurrentAdc8instanceEv)
    CurrentAdc::xGetValue()                  0x0800229d   Thumb Code     6  currentadc.o(i._ZN10CurrentAdc9xGetValueEv)
    CurrentAdc::CurrentAdc()                 0x080022a9   Thumb Code   174  currentadc.o(i._ZN10CurrentAdcC1Ev)
    CurrentAdc::CurrentAdc__sub_object()     0x080022a9   Thumb Code     0  currentadc.o(i._ZN10CurrentAdcC1Ev)
    MotorManager::isPowerLrt()               0x0800236d   Thumb Code    24  motormanager.o(i._ZN12MotorManager10isPowerLrtEv)
    MotorManager::isYAxisLrt()               0x08002385   Thumb Code    22  motormanager.o(i._ZN12MotorManager10isYAxisLrtEv)
    MotorManager::xStepForMm(unsigned)       0x0800239b   Thumb Code    16  logevent.o(i._ZN12MotorManager10xStepForMmEj)
    MotorManager::xYAxisToUp(unsigned)       0x080023ad   Thumb Code    92  motormanager.o(i._ZN12MotorManager10xYAxisToUpEj)
    MotorManager::vStepSetDir(MotorManager::Dir) 0x08002411   Thumb Code    20  motormanager.o(i._ZN12MotorManager11vStepSetDirENS_3DirE)
    MotorManager::xYAxisToDown(unsigned)     0x08002429   Thumb Code    92  motormanager.o(i._ZN12MotorManager12xYAxisToDownEj)
    MotorManager::xStepForSteps(unsigned)    0x0800248d   Thumb Code   116  motormanager.o(i._ZN12MotorManager13xStepForStepsEj)
    MotorManager::xStepToOrigin()            0x08002505   Thumb Code    64  motormanager.o(i._ZN12MotorManager13xStepToOriginEv)
    MotorManager::xPowerBox1Test(unsigned)   0x0800254d   Thumb Code    86  motormanager.o(i._ZN12MotorManager14xPowerBox1TestEj)
    MotorManager::xPowerBox2Test(unsigned)   0x080025a9   Thumb Code    94  motormanager.o(i._ZN12MotorManager14xPowerBox2TestEj)
    MotorManager::xPowerBox3Test(unsigned)   0x0800260d   Thumb Code    86  motormanager.o(i._ZN12MotorManager14xPowerBox3TestEj)
    MotorManager::xPowerBox4Test(unsigned)   0x08002669   Thumb Code    86  motormanager.o(i._ZN12MotorManager14xPowerBox4TestEj)
    MotorManager::xPowerBox5Test(unsigned)   0x080026c5   Thumb Code    86  motormanager.o(i._ZN12MotorManager14xPowerBox5TestEj)
    MotorManager::xRotationToOpen(unsigned)  0x08002721   Thumb Code    92  motormanager.o(i._ZN12MotorManager15xRotationToOpenEj)
    MotorManager::xPowerBox1Toggle(unsigned) 0x08002785   Thumb Code   240  motormanager.o(i._ZN12MotorManager16xPowerBox1ToggleEj)
    MotorManager::xPowerBox2Toggle(unsigned) 0x08002879   Thumb Code   240  motormanager.o(i._ZN12MotorManager16xPowerBox2ToggleEj)
    MotorManager::xPowerBox3Toggle(unsigned) 0x0800296d   Thumb Code   240  motormanager.o(i._ZN12MotorManager16xPowerBox3ToggleEj)
    MotorManager::xPowerBox4Toggle(unsigned) 0x08002a61   Thumb Code   240  motormanager.o(i._ZN12MotorManager16xPowerBox4ToggleEj)
    MotorManager::xPowerBox5Toggle(unsigned) 0x08002b55   Thumb Code   240  motormanager.o(i._ZN12MotorManager16xPowerBox5ToggleEj)
    MotorManager::xRotationToClose(unsigned) 0x08002c49   Thumb Code    92  motormanager.o(i._ZN12MotorManager16xRotationToCloseEj)
    MotorManager::xRotationToOpen2(unsigned) 0x08002cad   Thumb Code    92  motormanager.o(i._ZN12MotorManager16xRotationToOpen2Ej)
    MotorManager::isPowerBox1Checked()       0x08002d11   Thumb Code    12  motormanager.o(i._ZN12MotorManager18isPowerBox1CheckedEv)
    MotorManager::isPowerBox2Checked()       0x08002d21   Thumb Code    12  motormanager.o(i._ZN12MotorManager18isPowerBox2CheckedEv)
    MotorManager::isPowerBox3Checked()       0x08002d31   Thumb Code    12  motormanager.o(i._ZN12MotorManager18isPowerBox3CheckedEv)
    MotorManager::isPowerBox4Checked()       0x08002d41   Thumb Code    12  motormanager.o(i._ZN12MotorManager18isPowerBox4CheckedEv)
    MotorManager::isPowerBox5Checked()       0x08002d51   Thumb Code    12  motormanager.o(i._ZN12MotorManager18isPowerBox5CheckedEv)
    MotorManager::vSetDir(MotorManager::Dir) 0x08002d61   Thumb Code    38  motormanager.o(i._ZN12MotorManager7vSetDirENS_3DirE)
    MotorManager::instance()                 0x08002d8d   Thumb Code    34  main.o(i._ZN12MotorManager8instanceEv)
    MotorManager::xDropOut(unsigned)         0x08002db9   Thumb Code    94  motormanager.o(i._ZN12MotorManager8xDropOutEj)
    MotorManager::isDoorLrt()                0x08002e21   Thumb Code    22  motormanager.o(i._ZN12MotorManager9isDoorLrtEv)
    MotorManager::isPushLrt()                0x08002e37   Thumb Code    24  motormanager.o(i._ZN12MotorManager9isPushLrtEv)
    MotorManager::vInitGpio()                0x08002e51   Thumb Code    98  motormanager.o(i._ZN12MotorManager9vInitGpioEv)
    MotorManager::xPushBack(unsigned)        0x08002ed5   Thumb Code    92  motormanager.o(i._ZN12MotorManager9xPushBackEj)
    MotorManager::xPushNext(unsigned)        0x08002f39   Thumb Code   196  motormanager.o(i._ZN12MotorManager9xPushNextEj)
    MotorManager::MotorManager()             0x08003005   Thumb Code    52  motormanager.o(i._ZN12MotorManagerC1Ev)
    MotorManager::MotorManager__sub_object() 0x08003005   Thumb Code     0  motormanager.o(i._ZN12MotorManagerC1Ev)
    ReceiverTask::run()                      0x08003041   Thumb Code    68  receivertask.o(i._ZN12ReceiverTask3runEv)
    ReceiverTask::ReceiverTask()             0x0800308d   Thumb Code    26  receivertask.o(i._ZN12ReceiverTaskC1Ev)
    ReceiverTask::ReceiverTask__sub_object() 0x0800308d   Thumb Code     0  receivertask.o(i._ZN12ReceiverTaskC1Ev)
    DeliverObject::DeliverObject(unsigned char, unsigned char, unsigned char, unsigned char, unsigned char) 0x080030b9   Thumb Code    18  deliverobject.o(i._ZN13DeliverObjectC1Ehhhhh)
    DeliverObject::DeliverObject__sub_object(unsigned char, unsigned char, unsigned char, unsigned char, unsigned char) 0x080030b9   Thumb Code     0  deliverobject.o(i._ZN13DeliverObjectC1Ehhhhh)
    DeliverManager::deliver(const DeliverObject&, DeliverListener*) 0x080030cd   Thumb Code   334  delivermanager.o(i._ZN14DeliverManager7deliverERK13DeliverObjectP15DeliverListener)
    DeliverManager::DeliverManager()         0x08003229   Thumb Code     2  delivermanager.o(i._ZN14DeliverManagerC1Ev)
    DeliverManager::DeliverManager__sub_object() 0x08003229   Thumb Code     0  delivermanager.o(i._ZN14DeliverManagerC1Ev)
    StatusUpdateTask::run()                  0x0800322d   Thumb Code   278  statusupdatetask.o(i._ZN16StatusUpdateTask3runEv)
    StatusUpdateTask::StatusUpdateTask()     0x0800335d   Thumb Code    26  statusupdatetask.o(i._ZN16StatusUpdateTaskC1Ev)
    StatusUpdateTask::StatusUpdateTask__sub_object() 0x0800335d   Thumb Code     0  statusupdatetask.o(i._ZN16StatusUpdateTaskC1Ev)
    Task::startFunction(void*)               0x08003385   Thumb Code    18  task.o(i._ZN4Task13startFunctionEPv)
    Task::start()                            0x08003399   Thumb Code    26  task.o(i._ZN4Task5startEv)
    Task::Task__sub_object(const char*, unsigned long long*, unsigned, osPriority_t) 0x080033b9   Thumb Code    38  task.o(i._ZN4TaskC2EPKcPyj12osPriority_t)
    Event::xorCheckSum()                     0x080033e5   Thumb Code    34  event.o(i._ZN5Event11xorCheckSumEv)
    Event::getAck(unsigned char*)            0x08003407   Thumb Code    30  event.o(i._ZN5Event6getAckEPh)
    Event::isCorrect()                       0x08003425   Thumb Code    48  event.o(i._ZN5Event9isCorrectEv)
    Event::Event()                           0x08003455   Thumb Code     8  event.o(i._ZN5EventC1Ev)
    Event::Event__sub_object()               0x08003455   Thumb Code     0  event.o(i._ZN5EventC1Ev)
    Motor::vDropOutOn(Motor::Dir)            0x0800345d   Thumb Code    14  logevent.o(i._ZN5Motor10vDropOutOnENS_3DirE)
    Motor::vRotateOff()                      0x08003471   Thumb Code    16  motor.o(i._ZN5Motor10vRotateOffEv)
    Motor::vRotateTo1()                      0x08003485   Thumb Code    40  motor.o(i._ZN5Motor10vRotateTo1Ev)
    Motor::vDropOutOff()                     0x080034b1   Thumb Code    16  motor.o(i._ZN5Motor11vDropOutOffEv)
    Motor::vStepSetDir(Motor::Dir)           0x080034c5   Thumb Code    20  motor.o(i._ZN5Motor11vStepSetDirENS_3DirE)
    Motor::vPowerBox1Off()                   0x080034dd   Thumb Code    14  motor.o(i._ZN5Motor13vPowerBox1OffEv)
    Motor::vPowerBox2Off()                   0x080034f1   Thumb Code    14  motor.o(i._ZN5Motor13vPowerBox2OffEv)
    Motor::vPowerBox3Off()                   0x08003505   Thumb Code    14  motor.o(i._ZN5Motor13vPowerBox3OffEv)
    Motor::vPowerBox4Off()                   0x08003519   Thumb Code    14  motor.o(i._ZN5Motor13vPowerBox4OffEv)
    Motor::vPowerBox5Off()                   0x0800352d   Thumb Code    14  motor.o(i._ZN5Motor13vPowerBox5OffEv)
    Motor::vStepToOrigin()                   0x08003541   Thumb Code    60  motor.o(i._ZN5Motor13vStepToOriginEv)
    Motor::vStepSetEnable(bool)              0x08003585   Thumb Code    14  motor.o(i._ZN5Motor14vStepSetEnableEb)
    Motor::vSetDir(Motor::Dir)               0x08003599   Thumb Code    38  motor.o(i._ZN5Motor7vSetDirENS_3DirE)
    Motor::instance()                        0x080035c5   Thumb Code    34  logevent.o(i._ZN5Motor8instanceEv)
    Motor::vPushOff()                        0x080035f1   Thumb Code    18  motor.o(i._ZN5Motor8vPushOffEv)
    Motor::vYAxisOn(Motor::Dir)              0x08003609   Thumb Code    16  motor.o(i._ZN5Motor8vYAxisOnENS_3DirE)
    Motor::vYAxisUp()                        0x0800361d   Thumb Code    40  motor.o(i._ZN5Motor8vYAxisUpEv)
    Motor::vRotateOn(Motor::Dir)             0x08003649   Thumb Code    14  motor.o(i._ZN5Motor9vRotateOnENS_3DirE)
    Motor::vYAxisOff()                       0x0800365d   Thumb Code    18  motor.o(i._ZN5Motor9vYAxisOffEv)
    Motor::Motor()                           0x08003675   Thumb Code    98  motor.o(i._ZN5MotorC1Ev)
    Motor::Motor__sub_object()               0x08003675   Thumb Code     0  motor.o(i._ZN5MotorC1Ev)
    Sender::Sender(const char*)              0x080036dd   Thumb Code    32  sender.o(i._ZN6SenderC1EPKc)
    Sender::Sender__sub_object(const char*)  0x080036dd   Thumb Code     0  sender.o(i._ZN6SenderC1EPKc)
    LogTask::run()                           0x080036fd   Thumb Code   114  main.o(i._ZN7LogTask3runEv)
    LogUart::write(const unsigned char*, unsigned) 0x08003779   Thumb Code    44  loguart.o(i._ZN7LogUart5writeEPKhj)
    LogUart::write(unsigned char)            0x080037a5   Thumb Code    16  loguart.o(i._ZN7LogUart5writeEh)
    LogUart::LogUart()                       0x080037b9   Thumb Code   204  loguart.o(i._ZN7LogUartC1Ev)
    LogUart::LogUart__sub_object()           0x080037b9   Thumb Code     0  loguart.o(i._ZN7LogUartC1Ev)
    LogEvent::testDeliver()                  0x080038a5   Thumb Code    64  logevent.o(i._ZN8LogEvent11testDeliverEv)
    LogEvent::testDropMotor()                0x080038ed   Thumb Code    78  logevent.o(i._ZN8LogEvent13testDropMotorEv)
    LogEvent::testPushMotor()                0x08003941   Thumb Code    62  logevent.o(i._ZN8LogEvent13testPushMotorEv)
    LogEvent::testStepMotor()                0x0800397f   Thumb Code   154  logevent.o(i._ZN8LogEvent13testStepMotorEv)
    LogEvent::testYAxisMotor()               0x08003a19   Thumb Code    48  logevent.o(i._ZN8LogEvent14testYAxisMotorEv)
    LogEvent::testElectorLock()              0x08003a49   Thumb Code    52  logevent.o(i._ZN8LogEvent15testElectorLockEv)
    LogEvent::testPowerBoxMotor()            0x08003a81   Thumb Code    96  logevent.o(i._ZN8LogEvent17testPowerBoxMotorEv)
    LogEvent::testRotationMotor()            0x08003ae1   Thumb Code    92  logevent.o(i._ZN8LogEvent17testRotationMotorEv)
    LogEvent::test()                         0x08003b41   Thumb Code    56  logevent.o(i._ZN8LogEvent4testEv)
    LogEvent::error()                        0x08003b79   Thumb Code     4  logevent.o(i._ZN8LogEvent5errorEv)
    MainUart::write(const unsigned char*, unsigned short) 0x08003b81   Thumb Code    46  mainuart.o(i._ZN8MainUart5writeEPKht)
    MainUart::write(unsigned char)           0x08003bb1   Thumb Code    16  mainuart.o(i._ZN8MainUart5writeEh)
    MainUart::MainUart()                     0x08003bc5   Thumb Code   220  mainuart.o(i._ZN8MainUartC1Ev)
    MainUart::MainUart__sub_object()         0x08003bc5   Thumb Code     0  mainuart.o(i._ZN8MainUartC1Ev)
    Receiver::Receiver(const char*, unsigned long long*, unsigned, unsigned) 0x08003cc9   Thumb Code    54  receiver.o(i._ZN8ReceiverC1EPKcPyjj)
    Receiver::Receiver__sub_object(const char*, unsigned long long*, unsigned, unsigned) 0x08003cc9   Thumb Code     0  receiver.o(i._ZN8ReceiverC1EPKcPyjj)
    MainEvent::exec(BaseOutput&)             0x08003d01   Thumb Code   108  mainevent.o(i._ZN9MainEvent4execER10BaseOutput)
    MainEvent::deliver(BaseOutput&, unsigned char, unsigned char, unsigned char, unsigned char, unsigned char) 0x08003d71   Thumb Code   610  mainevent.o(i._ZN9MainEvent7deliverER10BaseOutputhhhhh)
    StartTask::run()                         0x08003fdd   Thumb Code   158  main.o(i._ZN9StartTask3runEv)
    __cxa_guard_acquire                      0x080040a5   Thumb Code    16  cxa_guard_acquire.o(i.__cxa_guard_acquire)
    __cxa_pure_virtual                       0x080040b5   Thumb Code     6  pure_virt.o(i.__cxa_pure_virtual)
    _mutex_acquire                           0x080040d5   Thumb Code    28  rtx_lib.o(i._mutex_acquire)
    _mutex_free                              0x080040f1   Thumb Code     6  rtx_lib.o(i._mutex_free)
    _mutex_initialize                        0x080040f7   Thumb Code    32  rtx_lib.o(i._mutex_initialize)
    _mutex_release                           0x08004117   Thumb Code    24  rtx_lib.o(i._mutex_release)
    _platform_post_stackheap_init            0x0800412f   Thumb Code     4  rtx_lib.o(i._platform_post_stackheap_init)
    main                                     0x08004135   Thumb Code    66  main.o(i.main)
    osRtxErrorNotify                         0x08004189   Thumb Code     2  rtx_config.o(i.osRtxErrorNotify)
    osRtxIdleThread                          0x0800418b   Thumb Code     2  rtx_config.o(i.osRtxIdleThread)
    _fp_init                                 0x080041a9   Thumb Code    10  fpinit.o(x$fpl$fpinit)
    __fplib_config_fpu_vfp                   0x080041b1   Thumb Code     0  fpinit.o(x$fpl$fpinit)
    __fplib_config_pureend_doubles           0x080041b1   Thumb Code     0  fpinit.o(x$fpl$fpinit)
    osRtxUserSVC                             0x08004224   Data           4  rtx_lib.o(.constdata)
    vtable for ReceiverTask                  0x08004228   Data          12  receivertask.o(.constdata__ZTV12ReceiverTask)
    vtable for StatusUpdateTask              0x08004234   Data          12  statusupdatetask.o(.constdata__ZTV16StatusUpdateTask)
    vtable for Task                          0x08004240   Data          12  task.o(.constdata__ZTV4Task)
    vtable for LogTask                       0x0800424c   Data          12  main.o(.constdata__ZTV7LogTask)
    vtable for MainUart                      0x08004258   Data          12  mainuart.o(.constdata__ZTV8MainUart)
    vtable for StartTask                     0x08004264   Data          12  main.o(.constdata__ZTV9StartTask)
    LogTask::LogTask()::string               0x08004270   Data           4  main.o(.constdata__ZZN7LogTaskC1EvEs)
    StartTask::StartTask()::string           0x08004274   Data           6  main.o(.constdata__ZZN9StartTaskC1EvEs)
    osRtxConfig                              0x0800427c   Data         104  rtx_lib.o(.rodata)
    Region$$Table$$Base                      0x080042f0   Number         0  anon$$obj.o(Region$$Table)
    Region$$Table$$Limit                     0x08004310   Number         0  anon$$obj.o(Region$$Table)
    SHT$$INIT_ARRAY$$Base                    0x08004310   Number         0  loguart.o(.init_array)
    SHT$$INIT_ARRAY$$Limit                   0x08004318   Number         0  init_aeabi.o(.init_array)
    .bss.os.msgqueue.cb$$Base                0x20001040   Number         0  rtx_lib.o(.bss.os.msgqueue.cb)
    .bss.os.msgqueue.cb$$Limit               0x20001074   Number         0  rtx_lib.o(.bss.os.msgqueue.cb)
    .bss.os.thread.cb$$Base                  0x200010c4   Number         0  rtx_lib.o(.bss.os.thread.cb)
    .bss.os.thread.cb$$Limit                 0x2000114c   Number         0  rtx_lib.o(.bss.os.thread.cb)
    SystemCoreClock                          0x20001350   Data           4  system_stm32f4xx.o(.data)
    AHBPrescTable                            0x20001354   Data          16  system_stm32f4xx.o(.data)
    osRtxInfo                                0x20001380   Data         164  rtx_kernel.o(.data.os)
    guard variable for CurrentAdc::instance()::adc 0x20001424   Data           4  main.o(.data__ZZN10CurrentAdc8instanceEvE3adc)
    CurrentAdc::instance()::adc              0x20001428   Data           1  main.o(.data__ZZN10CurrentAdc8instanceEvE3adc)
    guard variable for MotorManager::instance()::man 0x2000142c   Data           4  main.o(.data__ZZN12MotorManager8instanceEvE3man)
    MotorManager::instance()::man            0x20001430   Data           4  main.o(.data__ZZN12MotorManager8instanceEvE3man)
    guard variable for ReceiverTask::instance()::task 0x20001434   Data           4  main.o(.data__ZZN12ReceiverTask8instanceEvE4task)
    guard variable for DeliverManager::instance()::man 0x20001438   Data           4  logevent.o(.data__ZZN14DeliverManager8instanceEvE3man)
    DeliverManager::instance()::man          0x2000143c   Data           1  logevent.o(.data__ZZN14DeliverManager8instanceEvE3man)
    guard variable for StatusUpdateTask::instance()::INSTANCE 0x20001440   Data           4  main.o(.data__ZZN16StatusUpdateTask8instanceEvE8INSTANCE)
    guard variable for Motor::instance()::moto 0x20001444   Data           4  logevent.o(.data__ZZN5Motor8instanceEvE4moto)
    Motor::instance()::moto                  0x20001448   Data           4  logevent.o(.data__ZZN5Motor8instanceEvE4moto)
    guard variable for LogTask::instance()::task 0x2000144c   Data           4  main.o(.data__ZZN7LogTask8instanceEvE4task)
    guard variable for LogUart::instance()::uart 0x20001450   Data           4  main.o(.data__ZZN7LogUart8instanceEvE4uart)
    guard variable for MainUart::instance()::uart 0x20001454   Data           4  receivertask.o(.data__ZZN8MainUart8instanceEvE4uart)
    guard variable for StartTask::instance()::task 0x20001458   Data           4  main.o(.data__ZZN9StartTask8instanceEvE4task)
    __libspace_start                         0x20001948   Data          96  libspace.o(.bss)
    __temporary_stack_top$libspace           0x200019a8   Data           0  libspace.o(.bss)
    ReceiverTask::instance()::task           0x200019b0   Data        1144  main.o(.bss__ZZN12ReceiverTask8instanceEvE4task)
    StatusUpdateTask::instance()::INSTANCE   0x20001e28   Data         632  main.o(.bss__ZZN16StatusUpdateTask8instanceEvE8INSTANCE)
    LogTask::instance()::task                0x200020a0   Data         632  main.o(.bss__ZZN7LogTask8instanceEvE4task)
    LogUart::instance()::uart                0x20002318   Data         544  main.o(.bss__ZZN7LogUart8instanceEvE4uart)
    MainUart::instance()::uart               0x20002538   Data         568  receivertask.o(.bss__ZZN8MainUart8instanceEvE4uart)
    StartTask::instance()::task              0x20002770   Data         632  main.o(.bss__ZZN9StartTask8instanceEvE4task)



==============================================================================

Memory Map of the image

  Image Entry point : 0x08000189

  Load Region LR_IROM1 (Base: 0x08000000, Size: 0x00005774, Max: 0x00080000, ABSOLUTE, COMPRESSED[0x00004358])

    Execution Region ER_IROM1 (Base: 0x08000000, Size: 0x00004318, Max: 0x00080000, ABSOLUTE)

    Base Addr    Size         Type   Attr      Idx    E Section Name        Object

    0x08000000   0x00000188   Data   RO           66    RESET               startup_stm32f40_41xxx.o
    0x08000188   0x00000008   Code   RO         2495  * !!!main             c_w.l(__main.o)
    0x08000190   0x00000034   Code   RO         3084    !!!scatter          c_w.l(__scatter.o)
    0x080001c4   0x0000003a   Code   RO         3082    !!dczerorl          c_w.l(__dczerorl.o)
    0x080001fe   0x00000002   PAD
    0x08000200   0x0000001c   Code   RO         3086    !!handler_zi        c_w.l(__scatter_zi.o)
    0x0800021c   0x00000002   Code   RO         2950    .ARM.Collect$$libinit$$00000000  c_w.l(libinit.o)
    0x0800021e   0x00000004   Code   RO         2716    .ARM.Collect$$libinit$$00000001  c_w.l(libinit2.o)
    0x08000222   0x00000000   Code   RO         2719    .ARM.Collect$$libinit$$00000004  c_w.l(libinit2.o)
    0x08000222   0x00000000   Code   RO         2722    .ARM.Collect$$libinit$$0000000A  c_w.l(libinit2.o)
    0x08000222   0x00000000   Code   RO         2724    .ARM.Collect$$libinit$$0000000C  c_w.l(libinit2.o)
    0x08000222   0x00000000   Code   RO         2726    .ARM.Collect$$libinit$$0000000E  c_w.l(libinit2.o)
    0x08000222   0x00000000   Code   RO         2729    .ARM.Collect$$libinit$$00000011  c_w.l(libinit2.o)
    0x08000222   0x00000000   Code   RO         2731    .ARM.Collect$$libinit$$00000013  c_w.l(libinit2.o)
    0x08000222   0x00000000   Code   RO         2733    .ARM.Collect$$libinit$$00000015  c_w.l(libinit2.o)
    0x08000222   0x00000000   Code   RO         2735    .ARM.Collect$$libinit$$00000017  c_w.l(libinit2.o)
    0x08000222   0x00000000   Code   RO         2737    .ARM.Collect$$libinit$$00000019  c_w.l(libinit2.o)
    0x08000222   0x00000000   Code   RO         2739    .ARM.Collect$$libinit$$0000001B  c_w.l(libinit2.o)
    0x08000222   0x00000000   Code   RO         2741    .ARM.Collect$$libinit$$0000001D  c_w.l(libinit2.o)
    0x08000222   0x00000000   Code   RO         2743    .ARM.Collect$$libinit$$0000001F  c_w.l(libinit2.o)
    0x08000222   0x00000000   Code   RO         2745    .ARM.Collect$$libinit$$00000021  c_w.l(libinit2.o)
    0x08000222   0x00000000   Code   RO         2747    .ARM.Collect$$libinit$$00000023  c_w.l(libinit2.o)
    0x08000222   0x00000000   Code   RO         2749    .ARM.Collect$$libinit$$00000025  c_w.l(libinit2.o)
    0x08000222   0x00000000   Code   RO         2753    .ARM.Collect$$libinit$$0000002C  c_w.l(libinit2.o)
    0x08000222   0x00000000   Code   RO         2755    .ARM.Collect$$libinit$$0000002E  c_w.l(libinit2.o)
    0x08000222   0x00000000   Code   RO         2757    .ARM.Collect$$libinit$$00000030  c_w.l(libinit2.o)
    0x08000222   0x00000004   Code   RO         2758    .ARM.Collect$$libinit$$00000031  c_w.l(libinit2.o)
    0x08000226   0x00000000   Code   RO         2759    .ARM.Collect$$libinit$$00000032  c_w.l(libinit2.o)
    0x08000226   0x00000002   Code   RO         2760    .ARM.Collect$$libinit$$00000033  c_w.l(libinit2.o)
    0x08000228   0x00000002   Code   RO         3059    .ARM.Collect$$libshutdown$$00000000  c_w.l(libshutdown.o)
    0x0800022a   0x00000000   Code   RO         3065    .ARM.Collect$$libshutdown$$00000002  c_w.l(libshutdown2.o)
    0x0800022a   0x00000000   Code   RO         3067    .ARM.Collect$$libshutdown$$00000004  c_w.l(libshutdown2.o)
    0x0800022a   0x00000000   Code   RO         3070    .ARM.Collect$$libshutdown$$00000007  c_w.l(libshutdown2.o)
    0x0800022a   0x00000000   Code   RO         3073    .ARM.Collect$$libshutdown$$0000000A  c_w.l(libshutdown2.o)
    0x0800022a   0x00000000   Code   RO         3075    .ARM.Collect$$libshutdown$$0000000C  c_w.l(libshutdown2.o)
    0x0800022a   0x00000000   Code   RO         3078    .ARM.Collect$$libshutdown$$0000000F  c_w.l(libshutdown2.o)
    0x0800022a   0x00000002   Code   RO         3079    .ARM.Collect$$libshutdown$$00000010  c_w.l(libshutdown2.o)
    0x0800022c   0x00000000   Code   RO         2618    .ARM.Collect$$rtentry$$00000000  c_w.l(__rtentry.o)
    0x0800022c   0x00000000   Code   RO         2777    .ARM.Collect$$rtentry$$00000002  c_w.l(__rtentry2.o)
    0x0800022c   0x00000006   Code   RO         2789    .ARM.Collect$$rtentry$$00000004  c_w.l(__rtentry4.o)
    0x08000232   0x00000008   Code   RO         2778    .ARM.Collect$$rtentry$$00000008  c_w.l(__rtentry2.o)
    0x0800023a   0x00000004   Code   RO         2780    .ARM.Collect$$rtentry$$0000000A  c_w.l(__rtentry2.o)
    0x0800023e   0x00000000   Code   RO         2782    .ARM.Collect$$rtentry$$0000000C  c_w.l(__rtentry2.o)
    0x0800023e   0x00000008   Code   RO         2783    .ARM.Collect$$rtentry$$0000000D  c_w.l(__rtentry2.o)
    0x08000246   0x00000002   Code   RO         2969    .ARM.Collect$$rtexit$$00000000  c_w.l(rtexit.o)
    0x08000248   0x00000000   Code   RO         3024    .ARM.Collect$$rtexit$$00000002  c_w.l(rtexit2.o)
    0x08000248   0x00000004   Code   RO         3025    .ARM.Collect$$rtexit$$00000003  c_w.l(rtexit2.o)
    0x0800024c   0x00000006   Code   RO         3026    .ARM.Collect$$rtexit$$00000004  c_w.l(rtexit2.o)
    0x08000252   0x00000002   PAD
    0x08000254   0x0000003c   Code   RO           67    .text               startup_stm32f40_41xxx.o
    0x08000290   0x000000c4   Code   RO         2317    .text               RTX_CM4F.lib(irq_cm4f.o)
    0x08000354   0x0000008a   Code   RO         2487    .text               c_w.l(rt_memcpy_v6.o)
    0x080003de   0x00000044   Code   RO         2489    .text               c_w.l(rt_memclr.o)
    0x08000422   0x0000004e   Code   RO         2491    .text               c_w.l(rt_memclr_w.o)
    0x08000470   0x00000006   Code   RO         2493    .text               c_w.l(heapauxi.o)
    0x08000476   0x00000002   PAD
    0x08000478   0x00000024   Code   RO         2500    .text               c_w.l(init_aeabi.o)
    0x0800049c   0x0000000e   Code   RO         2710    .text               c_w.l(defsig_pvfn_outer.o)
    0x080004aa   0x00000064   Code   RO         2714    .text               c_w.l(rt_memcpy_w.o)
    0x0800050e   0x0000000a   Code   RO         2808    .text               c_w.l(defsig_exit.o)
    0x08000518   0x00000030   Code   RO         2810    .text               c_w.l(defsig_pvfn_inner.o)
    0x08000548   0x0000000c   Code   RO         2829    .text               c_w.l(sys_exit.o)
    0x08000554   0x0000004a   Code   RO         2831    .text               c_w.l(sys_stackheap_outer.o)
    0x0800059e   0x00000012   Code   RO         2935    .text               c_w.l(exit.o)
    0x080005b0   0x00000032   Code   RO         2941    .text               c_w.l(defsig_general.o)
    0x080005e2   0x0000000e   Code   RO         2959    .text               c_w.l(sys_wrch.o)
    0x080005f0   0x00000008   Code   RO         2963    .text               c_w.l(libspace.o)
    0x080005f8   0x00000002   Code   RO         2966    .text               c_w.l(use_no_semi.o)
    0x080005fa   0x00000000   Code   RO         2968    .text               c_w.l(indicate_semi.o)
    0x080005fa   0x00000046   Code   RO         2298    .text.MessageQueueGet  RTX_CM4F.lib(rtx_msgqueue.o)
    0x08000640   0x00000064   Code   RO         2292    .text.MessageQueuePut  RTX_CM4F.lib(rtx_msgqueue.o)
    0x080006a4   0x00000026   Code   RO         2290    .text.MessageQueueRemove  RTX_CM4F.lib(rtx_msgqueue.o)
    0x080006ca   0x00000002   PAD
    0x080006cc   0x0000000c   Code   RO         2460    .text.OS_Tick_AcknowledgeIRQ  RTX_CM4F.lib(os_systick.o)
    0x080006d8   0x0000002c   Code   RO         2456    .text.OS_Tick_Enable  RTX_CM4F.lib(os_systick.o)
    0x08000704   0x00000006   Code   RO         2462    .text.OS_Tick_GetIRQn  RTX_CM4F.lib(os_systick.o)
    0x0800070a   0x00000002   PAD
    0x0800070c   0x00000040   Code   RO         2454    .text.OS_Tick_Setup  RTX_CM4F.lib(os_systick.o)
    0x0800074c   0x0000006a   Code   RO         2145    .text.ThreadFlagsCheck  RTX_CM4F.lib(rtx_thread.o)
    0x080007b6   0x00000002   PAD
    0x080007b8   0x00000050   Code   RO         2338    .text.TimerInsert   RTX_CM4F.lib(rtx_timer.o)
    0x08000808   0x00000024   Code   RO         2202    .text.osDelay       RTX_CM4F.lib(rtx_delay.o)
    0x0800082c   0x00000034   Code   RO         2008    .text.osKernelGetState  RTX_CM4F.lib(rtx_kernel.o)
    0x08000860   0x00000024   Code   RO         2002    .text.osKernelInitialize  RTX_CM4F.lib(rtx_kernel.o)
    0x08000884   0x00000024   Code   RO         2012    .text.osKernelStart  RTX_CM4F.lib(rtx_kernel.o)
    0x080008a8   0x00000070   Code   RO         2264    .text.osMessageQueueGet  RTX_CM4F.lib(rtx_msgqueue.o)
    0x08000918   0x00000024   Code   RO         2258    .text.osMessageQueueNew  RTX_CM4F.lib(rtx_msgqueue.o)
    0x0800093c   0x00000080   Code   RO         2262    .text.osMessageQueuePut  RTX_CM4F.lib(rtx_msgqueue.o)
    0x080009bc   0x00000024   Code   RO         2227    .text.osMutexAcquire  RTX_CM4F.lib(rtx_mutex.o)
    0x080009e0   0x00000024   Code   RO         2233    .text.osMutexDelete  RTX_CM4F.lib(rtx_mutex.o)
    0x08000a04   0x00000024   Code   RO         2223    .text.osMutexNew    RTX_CM4F.lib(rtx_mutex.o)
    0x08000a28   0x00000024   Code   RO         2229    .text.osMutexRelease  RTX_CM4F.lib(rtx_mutex.o)
    0x08000a4c   0x00000080   Code   RO         2367    .text.osRtxMemoryAlloc  RTX_CM4F.lib(rtx_memory.o)
    0x08000acc   0x00000052   Code   RO         2369    .text.osRtxMemoryFree  RTX_CM4F.lib(rtx_memory.o)
    0x08000b1e   0x00000036   Code   RO         2365    .text.osRtxMemoryInit  RTX_CM4F.lib(rtx_memory.o)
    0x08000b54   0x0000004a   Code   RO         2384    .text.osRtxMemoryPoolAlloc  RTX_CM4F.lib(rtx_mempool.o)
    0x08000b9e   0x00000056   Code   RO         2386    .text.osRtxMemoryPoolFree  RTX_CM4F.lib(rtx_mempool.o)
    0x08000bf4   0x00000054   Code   RO         2382    .text.osRtxMemoryPoolInit  RTX_CM4F.lib(rtx_mempool.o)
    0x08000c48   0x000000d6   Code   RO         2288    .text.osRtxMessageQueuePostProcess  RTX_CM4F.lib(rtx_msgqueue.o)
    0x08000d1e   0x00000044   Code   RO         2221    .text.osRtxMutexOwnerRelease  RTX_CM4F.lib(rtx_mutex.o)
    0x08000d62   0x00000002   PAD
    0x08000d64   0x00000090   Code   RO         2439    .text.osRtxPendSV_Handler  RTX_CM4F.lib(rtx_system.o)
    0x08000df4   0x00000074   Code   RO         2441    .text.osRtxPostProcess  RTX_CM4F.lib(rtx_system.o)
    0x08000e68   0x0000003c   Code   RO         2087    .text.osRtxThreadBlock  RTX_CM4F.lib(rtx_thread.o)
    0x08000ea4   0x00000094   Code   RO         2095    .text.osRtxThreadDelayInsert  RTX_CM4F.lib(rtx_thread.o)
    0x08000f38   0x00000058   Code   RO         2091    .text.osRtxThreadDelayRemove  RTX_CM4F.lib(rtx_thread.o)
    0x08000f90   0x00000038   Code   RO         2077    .text.osRtxThreadDelayTick  RTX_CM4F.lib(rtx_thread.o)
    0x08000fc8   0x00000060   Code   RO         2085    .text.osRtxThreadDispatch  RTX_CM4F.lib(rtx_thread.o)
    0x08001028   0x00000058   Code   RO         2171    .text.osRtxThreadFree  RTX_CM4F.lib(rtx_thread.o)
    0x08001080   0x00000016   Code   RO         2069    .text.osRtxThreadListGet  RTX_CM4F.lib(rtx_thread.o)
    0x08001096   0x00000038   Code   RO         2067    .text.osRtxThreadListPut  RTX_CM4F.lib(rtx_thread.o)
    0x080010ce   0x00000014   Code   RO         2073    .text.osRtxThreadListRemove  RTX_CM4F.lib(rtx_thread.o)
    0x080010e2   0x00000028   Code   RO         2071    .text.osRtxThreadListSort  RTX_CM4F.lib(rtx_thread.o)
    0x0800110a   0x0000002a   Code   RO         2143    .text.osRtxThreadPostProcess  RTX_CM4F.lib(rtx_thread.o)
    0x08001134   0x00000014   Code   RO         2075    .text.osRtxThreadReadyPut  RTX_CM4F.lib(rtx_thread.o)
    0x08001148   0x00000014   Code   RO         2079    .text.osRtxThreadRegPtr  RTX_CM4F.lib(rtx_thread.o)
    0x0800115c   0x00000028   Code   RO         2083    .text.osRtxThreadStackCheck  RTX_CM4F.lib(rtx_thread.o)
    0x08001184   0x00000058   Code   RO         2097    .text.osRtxThreadStartup  RTX_CM4F.lib(rtx_thread.o)
    0x080011dc   0x00000010   Code   RO         2081    .text.osRtxThreadSwitch  RTX_CM4F.lib(rtx_thread.o)
    0x080011ec   0x00000038   Code   RO         2093    .text.osRtxThreadWaitEnter  RTX_CM4F.lib(rtx_thread.o)
    0x08001224   0x00000032   Code   RO         2089    .text.osRtxThreadWaitExit  RTX_CM4F.lib(rtx_thread.o)
    0x08001256   0x00000002   PAD
    0x08001258   0x00000070   Code   RO         2437    .text.osRtxTick_Handler  RTX_CM4F.lib(rtx_system.o)
    0x080012c8   0x00000044   Code   RO         2322    .text.osRtxTimerThread  RTX_CM4F.lib(rtx_timer.o)
    0x0800130c   0x00000058   Code   RO         2324    .text.osRtxTimerTick  RTX_CM4F.lib(rtx_timer.o)
    0x08001364   0x0000000c   Code   RO         2127    .text.osThreadExit  RTX_CM4F.lib(rtx_thread.o)
    0x08001370   0x00000024   Code   RO         2101    .text.osThreadNew   RTX_CM4F.lib(rtx_thread.o)
    0x08001394   0x00000024   Code   RO         2129    .text.osThreadTerminate  RTX_CM4F.lib(rtx_thread.o)
    0x080013b8   0x00000014   Code   RO         2206    .text.svcRtxDelay   RTX_CM4F.lib(rtx_delay.o)
    0x080013cc   0x0000000c   Code   RO         2010    .text.svcRtxKernelGetState  RTX_CM4F.lib(rtx_kernel.o)
    0x080013d8   0x00000178   Code   RO         2040    .text.svcRtxKernelInitialize  RTX_CM4F.lib(rtx_kernel.o)
    0x08001550   0x0000008c   Code   RO         2042    .text.svcRtxKernelStart  RTX_CM4F.lib(rtx_kernel.o)
    0x080015dc   0x000000f0   Code   RO         2300    .text.svcRtxMessageQueueGet  RTX_CM4F.lib(rtx_msgqueue.o)
    0x080016cc   0x00000138   Code   RO         2286    .text.svcRtxMessageQueueNew  RTX_CM4F.lib(rtx_msgqueue.o)
    0x08001804   0x000000c8   Code   RO         2296    .text.svcRtxMessageQueuePut  RTX_CM4F.lib(rtx_msgqueue.o)
    0x080018cc   0x00000098   Code   RO         2239    .text.svcRtxMutexAcquire  RTX_CM4F.lib(rtx_mutex.o)
    0x08001964   0x000000d4   Code   RO         2245    .text.svcRtxMutexDelete  RTX_CM4F.lib(rtx_mutex.o)
    0x08001a38   0x0000006c   Code   RO         2235    .text.svcRtxMutexNew  RTX_CM4F.lib(rtx_mutex.o)
    0x08001aa4   0x000000bc   Code   RO         2241    .text.svcRtxMutexRelease  RTX_CM4F.lib(rtx_mutex.o)
    0x08001b60   0x00000068   Code   RO         2175    .text.svcRtxThreadExit  RTX_CM4F.lib(rtx_thread.o)
    0x08001bc8   0x000001e0   Code   RO         2099    .text.svcRtxThreadNew  RTX_CM4F.lib(rtx_thread.o)
    0x08001da8   0x000000bc   Code   RO         2177    .text.svcRtxThreadTerminate  RTX_CM4F.lib(rtx_thread.o)
    0x08001e64   0x000000b4   Code   RO            4    i.SetSysClock       system_stm32f4xx.o
    0x08001f18   0x0000005c   Code   RO            6    i.SystemInit        system_stm32f4xx.o
    0x08001f74   0x000000b0   Code   RO         1199    i.UART4_IRQHandler  mainuart.o
    0x08002024   0x000000b0   Code   RO          443    i.USART3_IRQHandler  loguart.o
    0x080020d4   0x000000fc   Code   RO          534    i._Z8initGpiov      motor.o
    0x080021d0   0x00000024   Code   RO         1814    i._ZN10BaseOutput13buildAndWriteEv  baseoutput.o
    0x080021f4   0x00000010   Code   RO         1815    i._ZN10BaseOutput3ackEv  baseoutput.o
    0x08002204   0x00000010   Code   RO         1816    i._ZN10BaseOutput3nckEv  baseoutput.o
    0x08002214   0x00000040   Code   RO         1817    i._ZN10BaseOutput5buildEPh  baseoutput.o
    0x08002254   0x00000012   Code   RO          370    i._ZN10BaseOutput7append1Eh  statusupdatetask.o
    0x08002266   0x00000008   Code   RO         1561    i._ZN10BaseOutput9setActionEh  mainevent.o
    0x0800226e   0x00000002   PAD
    0x08002270   0x0000002c   Code   RO         1019    i._ZN10CurrentAdc8instanceEv  motormanager.o
    0x0800229c   0x0000000c   Code   RO         1272    i._ZN10CurrentAdc9xGetValueEv  currentadc.o
    0x080022a8   0x000000c4   Code   RO         1273    i._ZN10CurrentAdcC1Ev  currentadc.o
    0x0800236c   0x00000018   Code   RO         1043    i._ZN12MotorManager10isPowerLrtEv  motormanager.o
    0x08002384   0x00000016   Code   RO         1031    i._ZN12MotorManager10isYAxisLrtEv  motormanager.o
    0x0800239a   0x00000010   Code   RO         1458    i._ZN12MotorManager10xStepForMmEj  logevent.o
    0x080023aa   0x00000002   PAD
    0x080023ac   0x00000064   Code   RO          858    i._ZN12MotorManager10xYAxisToUpEj  motormanager.o
    0x08002410   0x00000018   Code   RO          859    i._ZN12MotorManager11vStepSetDirENS_3DirE  motormanager.o
    0x08002428   0x00000064   Code   RO          860    i._ZN12MotorManager12xYAxisToDownEj  motormanager.o
    0x0800248c   0x00000078   Code   RO          861    i._ZN12MotorManager13xStepForStepsEj  motormanager.o
    0x08002504   0x00000048   Code   RO          862    i._ZN12MotorManager13xStepToOriginEv  motormanager.o
    0x0800254c   0x0000005c   Code   RO          863    i._ZN12MotorManager14xPowerBox1TestEj  motormanager.o
    0x080025a8   0x00000064   Code   RO          864    i._ZN12MotorManager14xPowerBox2TestEj  motormanager.o
    0x0800260c   0x0000005c   Code   RO          865    i._ZN12MotorManager14xPowerBox3TestEj  motormanager.o
    0x08002668   0x0000005c   Code   RO          866    i._ZN12MotorManager14xPowerBox4TestEj  motormanager.o
    0x080026c4   0x0000005c   Code   RO          867    i._ZN12MotorManager14xPowerBox5TestEj  motormanager.o
    0x08002720   0x00000064   Code   RO          868    i._ZN12MotorManager15xRotationToOpenEj  motormanager.o
    0x08002784   0x000000f4   Code   RO          869    i._ZN12MotorManager16xPowerBox1ToggleEj  motormanager.o
    0x08002878   0x000000f4   Code   RO          870    i._ZN12MotorManager16xPowerBox2ToggleEj  motormanager.o
    0x0800296c   0x000000f4   Code   RO          871    i._ZN12MotorManager16xPowerBox3ToggleEj  motormanager.o
    0x08002a60   0x000000f4   Code   RO          872    i._ZN12MotorManager16xPowerBox4ToggleEj  motormanager.o
    0x08002b54   0x000000f4   Code   RO          873    i._ZN12MotorManager16xPowerBox5ToggleEj  motormanager.o
    0x08002c48   0x00000064   Code   RO          874    i._ZN12MotorManager16xRotationToCloseEj  motormanager.o
    0x08002cac   0x00000064   Code   RO          875    i._ZN12MotorManager16xRotationToOpen2Ej  motormanager.o
    0x08002d10   0x00000010   Code   RO         1049    i._ZN12MotorManager18isPowerBox1CheckedEv  motormanager.o
    0x08002d20   0x00000010   Code   RO         1055    i._ZN12MotorManager18isPowerBox2CheckedEv  motormanager.o
    0x08002d30   0x00000010   Code   RO         1061    i._ZN12MotorManager18isPowerBox3CheckedEv  motormanager.o
    0x08002d40   0x00000010   Code   RO         1067    i._ZN12MotorManager18isPowerBox4CheckedEv  motormanager.o
    0x08002d50   0x00000010   Code   RO         1073    i._ZN12MotorManager18isPowerBox5CheckedEv  motormanager.o
    0x08002d60   0x0000002c   Code   RO          876    i._ZN12MotorManager7vSetDirENS_3DirE  motormanager.o
    0x08002d8c   0x0000002c   Code   RO           95    i._ZN12MotorManager8instanceEv  main.o
    0x08002db8   0x00000068   Code   RO          877    i._ZN12MotorManager8xDropOutEj  motormanager.o
    0x08002e20   0x00000016   Code   RO         1037    i._ZN12MotorManager9isDoorLrtEv  motormanager.o
    0x08002e36   0x00000018   Code   RO         1025    i._ZN12MotorManager9isPushLrtEv  motormanager.o
    0x08002e4e   0x00000002   PAD
    0x08002e50   0x00000084   Code   RO          878    i._ZN12MotorManager9vInitGpioEv  motormanager.o
    0x08002ed4   0x00000064   Code   RO          879    i._ZN12MotorManager9xPushBackEj  motormanager.o
    0x08002f38   0x000000cc   Code   RO          880    i._ZN12MotorManager9xPushNextEj  motormanager.o
    0x08003004   0x0000003c   Code   RO          881    i._ZN12MotorManagerC1Ev  motormanager.o
    0x08003040   0x0000004c   Code   RO          269    i._ZN12ReceiverTask3runEv  receivertask.o
    0x0800308c   0x0000002c   Code   RO          270    i._ZN12ReceiverTaskC1Ev  receivertask.o
    0x080030b8   0x00000012   Code   RO         1790    i._ZN13DeliverObjectC1Ehhhhh  deliverobject.o
    0x080030ca   0x00000002   PAD
    0x080030cc   0x0000015c   Code   RO         1650    i._ZN14DeliverManager7deliverERK13DeliverObjectP15DeliverListener  delivermanager.o
    0x08003228   0x00000002   Code   RO         1651    i._ZN14DeliverManagerC1Ev  delivermanager.o
    0x0800322a   0x00000002   PAD
    0x0800322c   0x00000130   Code   RO          344    i._ZN16StatusUpdateTask3runEv  statusupdatetask.o
    0x0800335c   0x00000028   Code   RO          345    i._ZN16StatusUpdateTaskC1Ev  statusupdatetask.o
    0x08003384   0x00000012   Code   RO          220    i._ZN4Task13startFunctionEPv  task.o
    0x08003396   0x00000002   PAD
    0x08003398   0x00000020   Code   RO          222    i._ZN4Task5startEv  task.o
    0x080033b8   0x0000002c   Code   RO          223    i._ZN4TaskC2EPKcPyj12osPriority_t  task.o
    0x080033e4   0x00000022   Code   RO         1304    i._ZN5Event11xorCheckSumEv  event.o
    0x08003406   0x0000001e   Code   RO         1305    i._ZN5Event6getAckEPh  event.o
    0x08003424   0x00000030   Code   RO         1306    i._ZN5Event9isCorrectEv  event.o
    0x08003454   0x00000008   Code   RO         1308    i._ZN5EventC1Ev     event.o
    0x0800345c   0x00000014   Code   RO         1452    i._ZN5Motor10vDropOutOnENS_3DirE  logevent.o
    0x08003470   0x00000014   Code   RO          696    i._ZN5Motor10vRotateOffEv  motor.o
    0x08003484   0x0000002c   Code   RO          536    i._ZN5Motor10vRotateTo1Ev  motor.o
    0x080034b0   0x00000014   Code   RO          684    i._ZN5Motor11vDropOutOffEv  motor.o
    0x080034c4   0x00000018   Code   RO          540    i._ZN5Motor11vStepSetDirENS_3DirE  motor.o
    0x080034dc   0x00000014   Code   RO          726    i._ZN5Motor13vPowerBox1OffEv  motor.o
    0x080034f0   0x00000014   Code   RO          732    i._ZN5Motor13vPowerBox2OffEv  motor.o
    0x08003504   0x00000014   Code   RO          738    i._ZN5Motor13vPowerBox3OffEv  motor.o
    0x08003518   0x00000014   Code   RO          744    i._ZN5Motor13vPowerBox4OffEv  motor.o
    0x0800352c   0x00000014   Code   RO          750    i._ZN5Motor13vPowerBox5OffEv  motor.o
    0x08003540   0x00000044   Code   RO          548    i._ZN5Motor13vStepToOriginEv  motor.o
    0x08003584   0x00000014   Code   RO          550    i._ZN5Motor14vStepSetEnableEb  motor.o
    0x08003598   0x0000002c   Code   RO          553    i._ZN5Motor7vSetDirENS_3DirE  motor.o
    0x080035c4   0x0000002c   Code   RO         1446    i._ZN5Motor8instanceEv  logevent.o
    0x080035f0   0x00000018   Code   RO          720    i._ZN5Motor8vPushOffEv  motor.o
    0x08003608   0x00000014   Code   RO          702    i._ZN5Motor8vYAxisOnENS_3DirE  motor.o
    0x0800361c   0x0000002c   Code   RO          554    i._ZN5Motor8vYAxisUpEv  motor.o
    0x08003648   0x00000014   Code   RO          690    i._ZN5Motor9vRotateOnENS_3DirE  motor.o
    0x0800365c   0x00000018   Code   RO          708    i._ZN5Motor9vYAxisOffEv  motor.o
    0x08003674   0x00000068   Code   RO          556    i._ZN5MotorC1Ev     motor.o
    0x080036dc   0x00000020   Code   RO         1357    i._ZN6SenderC1EPKc  sender.o
    0x080036fc   0x0000007c   Code   RO          127    i._ZN7LogTask3runEv  main.o
    0x08003778   0x0000002c   Code   RO          445    i._ZN7LogUart5writeEPKhj  loguart.o
    0x080037a4   0x00000014   Code   RO          446    i._ZN7LogUart5writeEh  loguart.o
    0x080037b8   0x000000ec   Code   RO          447    i._ZN7LogUartC1Ev   loguart.o
    0x080038a4   0x00000048   Code   RO         1372    i._ZN8LogEvent11testDeliverEv  logevent.o
    0x080038ec   0x00000054   Code   RO         1373    i._ZN8LogEvent13testDropMotorEv  logevent.o
    0x08003940   0x0000003e   Code   RO         1374    i._ZN8LogEvent13testPushMotorEv  logevent.o
    0x0800397e   0x0000009a   Code   RO         1375    i._ZN8LogEvent13testStepMotorEv  logevent.o
    0x08003a18   0x00000030   Code   RO         1376    i._ZN8LogEvent14testYAxisMotorEv  logevent.o
    0x08003a48   0x00000038   Code   RO         1377    i._ZN8LogEvent15testElectorLockEv  logevent.o
    0x08003a80   0x00000060   Code   RO         1378    i._ZN8LogEvent17testPowerBoxMotorEv  logevent.o
    0x08003ae0   0x00000060   Code   RO         1379    i._ZN8LogEvent17testRotationMotorEv  logevent.o
    0x08003b40   0x00000038   Code   RO         1380    i._ZN8LogEvent4testEv  logevent.o
    0x08003b78   0x00000008   Code   RO         1381    i._ZN8LogEvent5errorEv  logevent.o
    0x08003b80   0x0000002e   Code   RO         1200    i._ZN8MainUart5writeEPKht  mainuart.o
    0x08003bae   0x00000002   PAD
    0x08003bb0   0x00000014   Code   RO         1201    i._ZN8MainUart5writeEh  mainuart.o
    0x08003bc4   0x00000104   Code   RO         1202    i._ZN8MainUartC1Ev  mainuart.o
    0x08003cc8   0x00000036   Code   RO         1345    i._ZN8ReceiverC1EPKcPyjj  receiver.o
    0x08003cfe   0x00000002   PAD
    0x08003d00   0x00000070   Code   RO         1537    i._ZN9MainEvent4execER10BaseOutput  mainevent.o
    0x08003d70   0x0000026c   Code   RO         1538    i._ZN9MainEvent7deliverER10BaseOutputhhhhh  mainevent.o
    0x08003fdc   0x000000c8   Code   RO          110    i._ZN9StartTask3runEv  main.o
    0x080040a4   0x00000010   Code   RO         2506    i.__cxa_guard_acquire  cpprt_w.l(cxa_guard_acquire.o)
    0x080040b4   0x00000006   Code   RO         2503    i.__cxa_pure_virtual  cpprt_w.l(pure_virt.o)
    0x080040ba   0x00000002   PAD
    0x080040bc   0x0000000c   Code   RO          448    i.__sti___11_LogUart_cpp_f947086d  loguart.o
    0x080040c8   0x0000000c   Code   RO         1203    i.__sti___12_MainUart_cpp_f0dc2c7d  mainuart.o
    0x080040d4   0x0000001c   Code   RO         1871    i._mutex_acquire    rtx_lib.o
    0x080040f0   0x00000006   Code   RO         1872    i._mutex_free       rtx_lib.o
    0x080040f6   0x00000020   Code   RO         1873    i._mutex_initialize  rtx_lib.o
    0x08004116   0x00000018   Code   RO         1874    i._mutex_release    rtx_lib.o
    0x0800412e   0x00000004   Code   RO         1875    i._platform_post_stackheap_init  rtx_lib.o
    0x08004132   0x00000002   PAD
    0x08004134   0x00000054   Code   RO           74    i.main              main.o
    0x08004188   0x00000002   Code   RO         1970    i.osRtxErrorNotify  rtx_config.o
    0x0800418a   0x00000002   Code   RO         1971    i.osRtxIdleThread   rtx_config.o
    0x0800418c   0x0000001c   Code   RO         1876    i.os_kernel_is_active  rtx_lib.o
    0x080041a8   0x0000000a   Code   RO         2827    x$fpl$fpinit        fz_wm.l(fpinit.o)
    0x080041b2   0x00000005   Data   RO         1392    .constdata          logevent.o
    0x080041b7   0x0000000c   Data   RO         1828    .constdata          baseoutput.o
    0x080041c3   0x00000001   PAD
    0x080041c4   0x00000024   Data   RO         1886    .constdata          rtx_lib.o
    0x080041e8   0x00000024   Data   RO         1887    .constdata          rtx_lib.o
    0x0800420c   0x00000018   Data   RO         1888    .constdata          rtx_lib.o
    0x08004224   0x00000004   Data   RO         1889    .constdata          rtx_lib.o
    0x08004228   0x0000000c   Data   RO          294    .constdata__ZTV12ReceiverTask  receivertask.o
    0x08004234   0x0000000c   Data   RO          369    .constdata__ZTV16StatusUpdateTask  statusupdatetask.o
    0x08004240   0x0000000c   Data   RO          249    .constdata__ZTV4Task  task.o
    0x0800424c   0x0000000c   Data   RO          117    .constdata__ZTV7LogTask  main.o
    0x08004258   0x0000000c   Data   RO         1244    .constdata__ZTV8MainUart  mainuart.o
    0x08004264   0x0000000c   Data   RO          102    .constdata__ZTV9StartTask  main.o
    0x08004270   0x00000004   Data   RO           93    .constdata__ZZN7LogTaskC1EvEs  main.o
    0x08004274   0x00000006   Data   RO           94    .constdata__ZZN9StartTaskC1EvEs  main.o
    0x0800427a   0x00000002   PAD
    0x0800427c   0x00000068   Data   RO         1892    .rodata             rtx_lib.o
    0x080042e4   0x0000000b   Data   RO         2054    .rodata.str1.4      RTX_CM4F.lib(rtx_kernel.o)
    0x080042ef   0x00000001   PAD
    0x080042f0   0x00000020   Data   RO         3080    Region$$Table       anon$$obj.o
    0x08004310   0x00000004   Data   RO          457    .init_array         loguart.o
    0x08004314   0x00000004   Data   RO         1211    .init_array         mainuart.o
    0x08004318   0x00000000   Data   RO         2498    .init_array         c_w.l(init_aeabi.o)


    Execution Region RW_IRAM1 (Base: 0x20000000, Size: 0x00002de8, Max: 0x00020000, ABSOLUTE, COMPRESSED[0x00000040])

    Base Addr    Size         Type   Attr      Idx    E Section Name        Object

    0x20000000   0x00001000   Data   RW         1877    .bss.os             rtx_lib.o
    0x20001000   0x00000040   Data   RW         1878    .bss.os             rtx_lib.o
    0x20001040   0x00000034   Data   RW         1880    .bss.os.msgqueue.cb  rtx_lib.o
    0x20001074   0x00000050   Data   RW         1881    .bss.os.msgqueue.mem  rtx_lib.o
    0x200010c4   0x00000044   Data   RW         1882    .bss.os.thread.cb   rtx_lib.o
    0x20001108   0x00000044   Data   RW         1883    .bss.os.thread.cb   rtx_lib.o
    0x2000114c   0x00000004   PAD
    0x20001150   0x00000100   Data   RW         1884    .bss.os.thread.stack  rtx_lib.o
    0x20001250   0x00000100   Data   RW         1885    .bss.os.thread.stack  rtx_lib.o
    0x20001350   0x00000014   Data   RW            7    .data               system_stm32f4xx.o
    0x20001364   0x0000000c   Data   RW          456    .data               loguart.o
    0x20001370   0x0000000c   Data   RW         1210    .data               mainuart.o
    0x2000137c   0x00000002   Data   RW         1276    .data               currentadc.o
    0x2000137e   0x00000001   Data   RW         1891    .data               rtx_lib.o
    0x2000137f   0x00000001   PAD
    0x20001380   0x000000a4   Data   RW         2055    .data.os            RTX_CM4F.lib(rtx_kernel.o)
    0x20001424   0x00000005   Data   RW          118    .data__ZZN10CurrentAdc8instanceEvE3adc  main.o
    0x20001429   0x00000003   PAD
    0x2000142c   0x00000008   Data   RW          103    .data__ZZN12MotorManager8instanceEvE3man  main.o
    0x20001434   0x00000004   Data   RW          119    .data__ZZN12ReceiverTask8instanceEvE4task  main.o
    0x20001438   0x00000005   Data   RW         1465    .data__ZZN14DeliverManager8instanceEvE3man  logevent.o
    0x2000143d   0x00000003   PAD
    0x20001440   0x00000004   Data   RW          121    .data__ZZN16StatusUpdateTask8instanceEvE8INSTANCE  main.o
    0x20001444   0x00000008   Data   RW         1464    .data__ZZN5Motor8instanceEvE4moto  logevent.o
    0x2000144c   0x00000004   Data   RW          123    .data__ZZN7LogTask8instanceEvE4task  main.o
    0x20001450   0x00000004   Data   RW          133    .data__ZZN7LogUart8instanceEvE4uart  main.o
    0x20001454   0x00000004   Data   RW          296    .data__ZZN8MainUart8instanceEvE4uart  receivertask.o
    0x20001458   0x00000004   Data   RW          104    .data__ZZN9StartTask8instanceEvE4task  main.o
    0x2000145c   0x00000004   PAD
    0x20001460   0x000002a8   Zero   RW          455    .bss                loguart.o
    0x20001708   0x00000240   Zero   RW         1209    .bss                mainuart.o
    0x20001948   0x00000060   Zero   RW         2964    .bss                c_w.l(libspace.o)
    0x200019a8   0x00000001   Zero   RW         2472    .bss.PendST         RTX_CM4F.lib(os_systick.o)
    0x200019a9   0x00000007   PAD
    0x200019b0   0x00000478   Zero   RW          120    .bss__ZZN12ReceiverTask8instanceEvE4task  main.o
    0x20001e28   0x00000278   Zero   RW          122    .bss__ZZN16StatusUpdateTask8instanceEvE8INSTANCE  main.o
    0x200020a0   0x00000278   Zero   RW          124    .bss__ZZN7LogTask8instanceEvE4task  main.o
    0x20002318   0x00000220   Zero   RW          134    .bss__ZZN7LogUart8instanceEvE4uart  main.o
    0x20002538   0x00000238   Zero   RW          297    .bss__ZZN8MainUart8instanceEvE4uart  receivertask.o
    0x20002770   0x00000278   Zero   RW          105    .bss__ZZN9StartTask8instanceEvE4task  main.o
    0x200029e8   0x00000000   Zero   RW           65    HEAP                startup_stm32f40_41xxx.o
    0x200029e8   0x00000400   Zero   RW           64    STACK               startup_stm32f40_41xxx.o


==============================================================================

Image component sizes


      Code (inc. data)   RO Data    RW Data    ZI Data      Debug   Object Name

       132         12         12          0          0       5624   baseoutput.o
       208         28          0          2          0       1632   currentadc.o
       350         14          0          0          0      13428   delivermanager.o
        18          0          0          0          0       2720   deliverobject.o
       120          0          0          0          0       4336   event.o
       812         72          5         13          0      26788   logevent.o
       488         72          4         12        680      36363   loguart.o
       452         80         34         33       3584     261259   main.o
       740         14          0          0          0      13012   mainevent.o
       514         80         16         12        576       7523   mainuart.o
       828        124          0          0          0      17700   motor.o
      3264        210          0          0          0      43136   motormanager.o
        54          0          0          0          0       1628   receiver.o
       120         26         12          4        568       7628   receivertask.o
         4          0          0          0          0        961   rtx_config.o
       122          4        204       4941          0      15607   rtx_lib.o
        32          0          0          0          0        548   sender.o
        60         22        392          0       1024        820   startup_stm32f40_41xxx.o
       362         40         12          0          0      16340   statusupdatetask.o
       272         36          0         20          0       6265   system_stm32f4xx.o
        94         12         12          0          0       8036   task.o

    ----------------------------------------------------------------------
      9064        846        738       5048       6436     491354   Object Totals
         0          0         32          0          0          0   (incl. Generated)
        18          0          3         11          4          0   (incl. Padding)

    ----------------------------------------------------------------------

      Code (inc. data)   RO Data    RW Data    ZI Data      Debug   Library Member Name

       196         12          0          0          0        540   irq_cm4f.o
       126         32          0          0          1       3578   os_systick.o
        56          4          0          0          0       3088   rtx_delay.o
       652         48         11        164          0      18714   rtx_kernel.o
       264          0          0          0          0       2707   rtx_memory.o
       244          0          0          0          0      15835   rtx_mempool.o
      1450         28          0          0          0      18606   rtx_msgqueue.o
       872         32          0          0          0      10258   rtx_mutex.o
       372         24          0          0          0       5544   rtx_system.o
      1968        100          0          0          0      33996   rtx_thread.o
       236         20          0          0          0      10983   rtx_timer.o
        58          0          0          0          0          0   __dczerorl.o
         8          0          0          0          0         68   __main.o
         0          0          0          0          0          0   __rtentry.o
        20          0          0          0          0          0   __rtentry2.o
         6          0          0          0          0          0   __rtentry4.o
        52          8          0          0          0          0   __scatter.o
        28          0          0          0          0          0   __scatter_zi.o
        10          0          0          0          0         68   defsig_exit.o
        50          0          0          0          0         88   defsig_general.o
        48         34          0          0          0         76   defsig_pvfn_inner.o
        14          0          0          0          0         80   defsig_pvfn_outer.o
        18          0          0          0          0         80   exit.o
         6          0          0          0          0        152   heapauxi.o
         0          0          0          0          0          0   indicate_semi.o
        36         10          0          0          0         80   init_aeabi.o
         2          0          0          0          0          0   libinit.o
        10          0          0          0          0          0   libinit2.o
         2          0          0          0          0          0   libshutdown.o
         2          0          0          0          0          0   libshutdown2.o
         8          4          0          0         96         68   libspace.o
        68          0          0          0          0         68   rt_memclr.o
        78          0          0          0          0         80   rt_memclr_w.o
       138          0          0          0          0         68   rt_memcpy_v6.o
       100          0          0          0          0         80   rt_memcpy_w.o
         2          0          0          0          0          0   rtexit.o
        10          0          0          0          0          0   rtexit2.o
        12          4          0          0          0         68   sys_exit.o
        74          0          0          0          0         80   sys_stackheap_outer.o
        14          0          0          0          0         76   sys_wrch.o
         2          0          0          0          0         68   use_no_semi.o
        16          0          0          0          0         68   cxa_guard_acquire.o
         6          0          0          0          0         68   pure_virt.o
        10          0          0          0          0        116   fpinit.o

    ----------------------------------------------------------------------
      7362        360         12        164        104     125449   Library Totals
        18          0          1          0          7          0   (incl. Padding)

    ----------------------------------------------------------------------

      Code (inc. data)   RO Data    RW Data    ZI Data      Debug   Library Name

      6436        300         11        164          1     123849   RTX_CM4F.lib
       876         60          0          0         96       1348   c_w.l
        22          0          0          0          0        136   cpprt_w.l
        10          0          0          0          0        116   fz_wm.l

    ----------------------------------------------------------------------
      7362        360         12        164        104     125449   Library Totals

    ----------------------------------------------------------------------

==============================================================================


      Code (inc. data)   RO Data    RW Data    ZI Data      Debug   

     16426       1206        750       5212       6540     604779   Grand Totals
     16426       1206        750         64       6540     604779   ELF Image Totals (compressed)
     16426       1206        750         64          0          0   ROM Totals

==============================================================================

    Total RO  Size (Code + RO Data)                17176 (  16.77kB)
    Total RW  Size (RW Data + ZI Data)             11752 (  11.48kB)
    Total ROM Size (Code + RO Data + RW Data)      17240 (  16.84kB)

==============================================================================

