<html>
<body>
<pre>
<h1>µVision Build Log</h1>
<h2>Tool Versions:</h2>
IDE-Version: ¦ÌVision V5.23.0.0
Copyright (C) 2017 ARM Ltd and ARM Germany GmbH. All rights reserved.
License Information: 1 xudehua, 1, LIC=UJWQD-8KMBC-SB4EJ-UHMEK-9WMZT-A423H
 
Tool Versions:
Toolchain:       MDK-ARM Plus  Version: 5.23
Toolchain Path:  D:\keil\ARM\ARMCC\Bin
C Compiler:      Armcc.exe V5.06 update 4 (build 422)
Assembler:       Armasm.exe V5.06 update 4 (build 422)
Linker/Locator:  ArmLink.exe V5.06 update 4 (build 422)
Library Manager: ArmAr.exe V5.06 update 4 (build 422)
Hex Converter:   FromElf.exe V5.06 update 4 (build 422)
CPU DLL:         SARMCM3.DLL V5.23
Dialog DLL:      DCM.DLL V1.15.0.0
Target DLL:      Segger\JL2CM3.dll V2.99.23.0
Dialog DLL:      TCM.DLL V1.27.0.0
 
<h2>Project:</h2>
E:\STM32F4\JellyBean\Project\JellyBean.uvprojx
Project File Date:  09/06/2018

<h2>Output:</h2>
*** Using Compiler 'V5.06 update 4 (build 422)', folder: 'D:\keil\ARM\ARMCC\Bin'
Rebuild target 'JellyBean'
assembling startup_stm32f40_41xxx.s...
compiling Task.cpp...
compiling system_stm32f4xx.c...
compiling ReceiverTask.cpp...
compiling StatusUpdateTask.cpp...
compiling LogUart.cpp...
compiling main.cpp...
compiling Motor.cpp...
compiling Event.cpp...
compiling Receiver.cpp...
compiling MainUart.cpp...
compiling Sender.cpp...
compiling Protocol.cpp...
compiling DeliverObject.cpp...
compiling MotorManager.cpp...
compiling BaseOutput.cpp...
compiling CurrentAdc.cpp...
compiling rtx_lib.c...
compiling LogEvent.cpp...
compiling RTX_Config.c...
compiling DeliverListener.cpp...
compiling DeliverManager.cpp...
compiling MainEvent.cpp...
linking...
Program Size: Code=16426 RO-data=750 RW-data=5212 ZI-data=6540  
".\Objects\JellyBean.axf" - 0 Error(s), 0 Warning(s).

<h2>Software Packages used:</h2>

Package Vendor: ARM
                http://www.keil.com/pack/ARM.CMSIS.5.3.0.pack
                ::CMSIS:RTOS2:2.1.2 (API)
                CMSIS (Cortex Microcontroller Software Interface Standard)
   * Component: RTOS2 Version: 2.1.2
   * Component: CORE Version: 5.1.1
   * Component: Keil RTX5 Variant: Library Version: 5.3.0

<h2>Collection of Component include folders:</h2>
  .\RTE\CMSIS
  .\RTE\_JellyBean
  D:\keil\ARM\PACK\ARM\CMSIS\5.3.0\CMSIS\Include
  D:\keil\ARM\PACK\ARM\CMSIS\5.3.0\CMSIS\RTOS2\Include
  D:\keil\ARM\PACK\ARM\CMSIS\5.3.0\CMSIS\RTOS2\RTX\Include
  D:\keil\ARM\PACK\Keil\STM32F4xx_DFP\2.13.0\Drivers\CMSIS\Device\ST\STM32F4xx\Include

<h2>Collection of Component Files used:</h2>

   * Component: ::CMSIS:RTOS2:2.1.2 (API)
      Include file:  CMSIS\RTOS2\Include\cmsis_os2.h

   * Component: ARM::CMSIS:CORE:5.1.1

   * Component: ARM::CMSIS:RTOS2:Keil RTX5:Library:5.3.0
      Source file:   CMSIS\RTOS2\RTX\Template\Events.c
      Source file:   CMSIS\RTOS2\RTX\Template\MsgQueue.c
      Library file:  CMSIS\RTOS2\RTX\Library\ARM\RTX_CM4F.lib
      Source file:   CMSIS\RTOS2\RTX\Template\Thread.c
      Include file:  CMSIS\RTOS2\RTX\Config\RTX_Config.h
      Source file:   CMSIS\RTOS2\RTX\Template\main.c
      Source file:   CMSIS\RTOS2\RTX\Template\MemPool.c
      Source file:   CMSIS\RTOS2\RTX\Template\Semaphore.c
      Source file:   CMSIS\RTOS2\RTX\Config\RTX_Config.c
      Source file:   CMSIS\RTOS2\RTX\Template\svc_user.c
      Source file:   CMSIS\RTOS2\RTX\Template\Timer.c
      Source file:   CMSIS\RTOS2\RTX\Template\Mutex.c
      Source file:   CMSIS\RTOS2\RTX\Source\rtx_lib.c
      Include file:  CMSIS\RTOS2\RTX\Include\rtx_os.h
Build Time Elapsed:  00:00:02
</pre>
</body>
</html>
